05-26 19:22:24.021 14022 14053 I ReactNativeJS:         goodsList: 
05-26 19:22:24.021 14022 14053 I ReactNativeJS:          [ { goods_id: 1768,
05-26 19:22:24.021 14022 14053 I ReactNativeJS:              original_img: 'https://qpsc-1256479324.cos.ap-shanghai.myqcloud.com/goods/4889d8d65a89413ad424d481850477a1.jpg',
05-26 19:22:24.021 14022 14053 I ReactNativeJS:              goods_name: 'Nike耐克官方NIKE COURT ROYALE AC女子漂亮衣服AO2810',
05-26 19:22:24.021 14022 14053 I ReactNativeJS:              market_price: 200,
05-26 19:22:24.021 14022 14053 I ReactNativeJS:              shop_price: 100,
05-26 19:22:24.021 14022 14053 I ReactNativeJS:              share_profit_proportion: 30,
05-26 19:22:24.021 14022 14053 I ReactNativeJS:              suppliers_id: 116,
05-26 19:22:24.021 14022 14053 I ReactNativeJS:              MyDiscounts: 9,
05-26 19:22:24.021 14022 14053 I ReactNativeJS:              is_proprietary: 1 },
05-26 19:22:24.021 14022 14053 I ReactNativeJS:            { goods_id: 1770,
05-26 19:22:24.021 14022 14053 I ReactNativeJS:              original_img: 'https://qpsc-1256479324.cos.ap-shanghai.myqcloud.com/goods/a207d61d4b0bfd41c94329df7ca1d629.jpg',
05-26 19:22:24.021 14022 14053 I ReactNativeJS:              goods_name: '梨花落了2019秋季新款文艺复古显白上衣+高腰显瘦半身裙两穿套装',
05-26 19:22:24.021 14022 14053 I ReactNativeJS:              market_price: 1000,
05-26 19:22:24.021 14022 14053 I ReactNativeJS:              shop_price: 100,
05-26 19:22:24.021 14022 14053 I ReactNativeJS:              share_profit_proportion: 30,
05-26 19:22:24.021 14022 14053 I ReactNativeJS:              suppliers_id: 120,
05-26 19:22:24.021 14022 14053 I ReactNativeJS:              MyDiscounts: 9,
05-26 19:22:24.021 14022 14053 I ReactNativeJS:              is_proprietary: 0 } ] },
05-26 19:22:24.021 14022 14053 I ReactNativeJS:      seckillList: [] },
05-26 19:22:24.021 14022 14053 I ReactNativeJS:   userData: 
05-26 19:22:24.021 14022 14053 I ReactNativeJS:    { isLogin: true,
05-26 19:22:24.021 14022 14053 I ReactNativeJS:      token: 'eyJhbGciOiJIUzI1NiIsInR5cCI6IkpXVCJ9.eyJ1aWQiOiI5NTMwNjE1NCIsImV4cCI6MTYyMjAyMjE0MywidXVpZCI6IjE5NGEyN2U0ZDYzMTRmZWQ4NmU3YjcxODFiMjgxYmIzIiwiaWF0IjoxNTkwNDg2MTQzfQ.pqHdQ8zI8f3OxkuE68MedAF1oIR6AAlMHDORyAYEhCA',
05-26 19:22:24.021 14022 14053 I ReactNativeJS:      userInfo: 
05-26 19:22:24.021 14022 14053 I ReactNativeJS:       { userId: '95306154',
05-26 19:22:24.021 14022 14053 I ReactNativeJS:         userAvatar: 'https://wx.qlogo.cn/mmopen/vi_32/Q0j4TwGTfTKKNpXoprxcHqV93R4T66zTy3tfWys1YUpOflIutuVqlswa36iccnLeEhicibD4cUF551yDKKIQM5orQ/132',
05-26 19:22:24.021 14022 14053 I ReactNativeJS:         nickName: 'silence',
05-26 19:22:24.021 14022 14053 I ReactNativeJS:         identityName: '刘强',
05-26 19:22:24.021 14022 14053 I ReactNativeJS:         userTel: '18768496606',
05-26 19:22:24.021 14022 14053 I ReactNativeJS:         userLevel: [ '1', '2' ],
05-26 19:22:24.021 14022 14053 I ReactNativeJS:         bgc: null,
05-26 19:22:24.021 14022 14053 I ReactNativeJS:         collectionCount: 1,
05-26 19:22:24.021 14022 14053 I ReactNativeJS:         storeFollow: 0,
05-26 19:22:24.021 14022 14053 I ReactNativeJS:         likeContent: 3,
05-26 19:22:24.021 14022 14053 I ReactNativeJS:         card: 0,
05-26 19:22:24.021 14022 14053 I ReactNativeJS:         inviteCode: '38c1c6',
05-26 19:22:24.021 14022 14053 I ReactNativeJS:         anchorCount: 1,
05-26 19:22:24.021 14022 14053 I ReactNativeJS:         accountMoney: 0,
05-26 19:22:24.021 14022 14053 I ReactNativeJS:         frozenMoney: 0,
05-26 19:22:24.021 14022 14053 I ReactNativeJS:         quanPinMoney: 0,
05-26 19:22:24.021 14022 14053 I ReactNativeJS:         totalProfit: 0,
05-26 19:22:24.021 14022 14053 I ReactNativeJS:         consumeMoney: 0,
05-26 19:22:24.021 14022 14053 I ReactNativeJS:         saveMoney: 7,
05-26 19:22:24.021 14022 14053 I ReactNativeJS:         hasSettle: null,
05-26 19:22:24.021 14022 14053 I ReactNativeJS:         willSettle: 7,
05-26 19:22:24.021 14022 14053 I ReactNativeJS:         hasWithdraw: null,
05-26 19:22:24.021 14022 14053 I ReactNativeJS:         needMoney: null,
05-26 19:22:24.021 14022 14053 I ReactNativeJS:         nextLevel: null,
05-26 19:22:24.021 14022 14053 I ReactNativeJS:         publishCount: 2,
05-26 19:22:24.021 14022 14053 I ReactNativeJS:         fansCount: 0,
05-26 19:22:24.021 14022 14053 I ReactNativeJS:         lookCount: 64,
05-26 19:22:24.021 14022 14053 I ReactNativeJS:         liveMoney: '1',
05-26 19:22:24.021 14022 14053 I ReactNativeJS:         userRole: '1,2' } },
05-26 19:22:24.021 14022 14053 I ReactNativeJS:   cartData: { cartActionType: '管理', cartList: [] },
05-26 19:22:24.021 14022 14053 I ReactNativeJS:   addressData: { addressList: [], choosedAddress: {} },
05-26 19:22:24.021 14022 14053 I ReactNativeJS:   worksData: { goodsList: [], addedGoodsList: [], mediaList: [ { uri: 19 } ] },
05-26 19:22:24.021 14022 14053 I ReactNativeJS:   im: 
05-26 19:22:24.021 14022 14053 I ReactNativeJS:    { isIMSDKReady: false,
05-26 19:22:24.021 14022 14053 I ReactNativeJS:      room: undefined,
05-26 19:22:24.021 14022 14053 I ReactNativeJS:      roomMemberNum: 0,
05-26 19:22:24.021 14022 14053 I ReactNativeJS:      roomMessages: [],
05-26 19:22:24.021 14022 14053 I ReactNativeJS:      orderMessages: [],
05-26 19:22:24.021 14022 14053 I ReactNativeJS:      followMessages: [],
05-26 19:22:24.021 14022 14053 I ReactNativeJS:      isOnLine: undefined,
05-26 19:22:24.021 14022 14053 I ReactNativeJS:      userSig: 'eJw1jk0LgkAURf-LbAt7M86oz3UkQpsoIqGN*kabJLHxoyj674nW8t7D4d43O2z3jn42xmoWCoUCYDl1g7YsZMIBNueWqrRpDLGQSwCXu76PMzGk684UZhI8qUBgqoKsoNzjwd825QgrixdRRxQvWhXv7LU-njCwpeXrxxBr7eerO4nNK0qy5NyPI-SzO3Mb33GFIFFwKT9f1WE0-g__' },
05-26 19:22:24.021 14022 14053 I ReactNativeJS:   live: 
05-26 19:22:24.021 14022 14053 I ReactNativeJS:    { liveConfig: { cover: undefined, title: '' },
05-26 19:22:24.021 14022 14053 I ReactNativeJS:      pusherConfig: 
05-26 19:22:24.021 14022 14053 I ReactNativeJS:       { rtmpURL: '',
05-26 19:22:24.021 14022 14053 I ReactNativeJS:         camera: 'front',
05-26 19:22:24.021 14022 14053 I ReactNativeJS:         started: true,
05-26 19:22:24.021 14022 14053 I ReactNativeJS:         faceBeautyEnable: true,
05-26 19:22:24.021 14022 14053 I ReactNativeJS:         faceBeautySetting: { beautyLevel: 0, whiten: 0, redden: 0 },
05-26 19:22:24.021 14022 14053 I ReactNativeJS:         muted: false,
05-26 19:22:24.021 14022 14053 I ReactNativeJS:         zoom: 1,
05-26 19:22:24.021 14022 14053 I ReactNativeJS:         focus: false,
05-26 19:22:24.021 14022 14053 I ReactNativeJS:         watermarkSetting: 
05-26 19:22:24.021 14022 14053 I ReactNativeJS:          { src: null,
05-26 19:22:24.021 14022 14053 I ReactNativeJS:            alpha: 122,
05-26 19:22:24.021 14022 14053 I ReactNativeJS:            position: { x: 0, y: 0 },
05-26 19:22:24.021 14022 14053 I ReactNativeJS:            size: { width: 50, height: 50 } },
05-26 19:22:24.021 14022 14053 I ReactNativeJS:         pictureStreamingFile: null,
05-26 19:22:24.021 14022 14053 I ReactNativeJS:         pictureStreamingEnable: false,
05-26 19:22:24.021 14022 14053 I ReactNativeJS:         torchEnable: false,
05-26 19:22:24.021 14022 14053 I ReactNativeJS:         previewMirrorEnable: false,
05-26 19:22:24.021 14022 14053 I ReactNativeJS:         encodingMirrorEnable: false,
05-26 19:22:24.021 14022 14053 I ReactNativeJS:         audioMixFile: { fil
05-26 19:22:24.021 14022 14053 I ReactNativeJS: ┘ 
05-26 19:22:24.066  1648  1841 D ScreenModeManager: getPreferredModeId w Window{12fada9 u0 com.championapp/com.championapp.MainActivity} rate 1
05-26 19:22:24.066  1648  1841 D ScreenModeManager: getPreferredModeId w Window{12fada9 u0 com.championapp/com.championapp.MainActivity} rate 1
05-26 19:22:24.066  1648  1841 E ScreenModeManager: updateGlobalModeId modeId 2 mCurrentModeId 2
05-26 19:22:24.080  1031  1031 D SurfaceFlinger: Client::detachLayer this 0x73639efb80, layer sequence 184092 Surface(name=50ed6fb com.championapp/com.championapp.MainActivity)/@0x36c397 - animation-leash#0
05-26 19:22:24.080  1031  1031 D SurfaceFlinger: Client::detachLayer this 0x73639efb80, layer sequence 184085 50ed6fb com.championapp/com.championapp.MainActivity#0
05-26 19:22:24.084  1031  1031 D SurfaceFlinger: Client::detachLayer this 0x73639efb80, layer sequence 184089 com.championapp/com.championapp.MainActivity#0
05-26 19:22:24.085  1648  1841 D ScreenModeManager: getPreferredModeId w Window{12fada9 u0 com.championapp/com.championapp.MainActivity} rate 1
05-26 19:22:24.085  1648  1841 D ScreenModeManager: getPreferredModeId w Window{12fada9 u0 com.championapp/com.championapp.MainActivity} rate 1
05-26 19:22:24.086  1648  1841 E ScreenModeManager: updateGlobalModeId modeId 2 mCurrentModeId 2
05-26 19:22:24.106 14022 14022 D TestOverScroll: getScaledOverscrollDistance: b
05-26 19:22:24.549 14022 14053 I ReactNativeJS: TIM 19:22:24.549:FriendHandler.getFriendList myAccount=645029a58bfdc618
05-26 19:22:24.560 14022 14053 W ReactNativeJS: TIM 19:22:24.560:UploadController._init 没有检测到上传插件，将无法发送图片、音频、视频、文件等类型的消息。详细请参考 https://imsdk-1252463788.file.myqcloud.com/IM_DOC/Web/SDK.html#registerPlugin
05-26 19:22:24.560   803   803 D Zygote  : Forked child process 14127
05-26 19:22:24.561  1648  1886 I ActivityManager: Start proc 14127:com.android.permissioncontroller/u0a221 for service {com.android.permissioncontroller/com.android.packageinstaller.permission.service.PermissionControllerServiceImpl}
05-26 19:22:24.577 14127 14127 E ssioncontrolle: Not starting debugger since process cannot load the jdwp agent.
05-26 19:22:24.588 14022 14053 I ReactNativeJS: ┐ %c action %cUPDATE_USER_IM_STATUS %c@ 19:22:24.564
05-26 19:22:24.591 14022 14053 I ReactNativeJS: │ '%c prev state', 'color: #9E9E9E; font-weight: bold', { publicData: { statusBarHeight: 28, isLogin: true },
05-26 19:22:24.591 14022 14053 I ReactNativeJS:   homeData: 
05-26 19:22:24.591 14022 14053 I ReactNativeJS:    { recommendGoodsList: [],
05-26 19:22:24.591 14022 14053 I ReactNativeJS:      searchKey: '微笑向暖 文艺直筒苹果领衬衫女春夏长袖衬衣设计感小众2020新款',
05-26 19:22:24.591 14022 14053 I ReactNativeJS:      swiperList: 
05-26 19:22:24.591 14022 14053 I ReactNativeJS:       [ { original_img: 'https://qpsc-1256479324.cos.ap-shanghai.myqcloud.com/temp/78b912985b7e7e9b077fa7ad846c4f2f.png',
05-26 19:22:24.591 14022 14053 I ReactNativeJS:           goods_id: '1774' } ],
05-26 19:22:24.591 14022 14053 I ReactNativeJS:      activityList: 
05-26 19:22:24.591 14022 14053 I ReactNativeJS:       [ { original_img: 'https://qpsc-1256479324.cos.ap-shanghai.myqcloud.com/temp/0320be7cba40622295f834cd063943c5.png',
05-26 19:22:24.591 14022 14053 I ReactNativeJS:           activity_url: 'https://www.baidu.com' } ],
05-26 19:22:24.591 14022 14053 I ReactNativeJS:      selectedGoodsInfo: 
05-26 19:22:24.591 14022 14053 I ReactNativeJS:       { subTitle: 'IP联名爆款',
05-26 19:22:24.591 14022 14053 I ReactNativeJS:         goodsList: 
05-26 19:22:24.591 14022 14053 I ReactNativeJS:          [ { goods_id: 1768,
05-26 19:22:24.591 14022 14053 I ReactNativeJS:              original_img: 'https://qpsc-1256479324.cos.ap-shanghai.myqcloud.com/goods/4889d8d65a89413ad424d481850477a1.jpg',
05-26 19:22:24.591 14022 14053 I ReactNativeJS:              goods_name: 'Nike耐克官方NIKE COURT ROYALE AC女子漂亮衣服AO2810',
05-26 19:22:24.591 14022 14053 I ReactNativeJS:              market_price: 200,
05-26 19:22:24.591 14022 14053 I ReactNativeJS:              shop_price: 100,
05-26 19:22:24.591 14022 14053 I ReactNativeJS:              share_profit_proportion: 30,
05-26 19:22:24.591 14022 14053 I ReactNativeJS:              suppliers_id: 116,
05-26 19:22:24.591 14022 14053 I ReactNativeJS:              MyDiscounts: 9,
05-26 19:22:24.591 14022 14053 I ReactNativeJS:              is_proprietary: 1 },
05-26 19:22:24.591 14022 14053 I ReactNativeJS:            { goods_id: 1770,
05-26 19:22:24.591 14022 14053 I ReactNativeJS:              original_img: 'https://qpsc-1256479324.cos.ap-shanghai.myqcloud.com/goods/a207d61d4b0bfd41c94329df7ca1d629.jpg',
05-26 19:22:24.591 14022 14053 I ReactNativeJS:              goods_name: '梨花落了2019秋季新款文艺复古显白上衣+高腰显瘦半身裙两穿套装',
05-26 19:22:24.591 14022 14053 I ReactNativeJS:              market_price: 1000,
05-26 19:22:24.591 14022 14053 I ReactNativeJS:              shop_price: 100,
05-26 19:22:24.591 14022 14053 I ReactNativeJS:              share_profit_proportion: 30,
05-26 19:22:24.591 14022 14053 I ReactNativeJS:              suppliers_id: 120,
05-26 19:22:24.591 14022 14053 I ReactNativeJS:              MyDiscounts: 9,
05-26 19:22:24.591 14022 14053 I ReactNativeJS:              is_proprietary: 0 } ] },
05-26 19:22:24.591 14022 14053 I ReactNativeJS:      seckillList: [] },
05-26 19:22:24.591 14022 14053 I ReactNativeJS:   userData: 
05-26 19:22:24.591 14022 14053 I ReactNativeJS:    { isLogin: true,
05-26 19:22:24.591 14022 14053 I ReactNativeJS:      token: 'eyJhbGciOiJIUzI1NiIsInR5cCI6IkpXVCJ9.eyJ1aWQiOiI5NTMwNjE1NCIsImV4cCI6MTYyMjAyMjE0MywidXVpZCI6IjE5NGEyN2U0ZDYzMTRmZWQ4NmU3YjcxODFiMjgxYmIzIiwiaWF0IjoxNTkwNDg2MTQzfQ.pqHdQ8zI8f3OxkuE68MedAF1oIR6AAlMHDORyAYEhCA',
05-26 19:22:24.591 14022 14053 I ReactNativeJS:      userInfo: 
05-26 19:22:24.591 14022 14053 I ReactNativeJS:       { userId: '95306154',
05-26 19:22:24.591 14022 14053 I ReactNativeJS:         userAvatar: 'https://wx.qlogo.cn/mmopen/vi_32/Q0j4TwGTfTKKNpXoprxcHqV93R4T66zTy3tfWys1YUpOflIutuVqlswa36iccnLeEhicibD4cUF551yDKKIQM5orQ/132',
05-26 19:22:24.591 14022 14053 I ReactNativeJS:         nickName: 'silence',
05-26 19:22:24.591 14022 14053 I ReactNativeJS:         identityName: '刘强',
05-26 19:22:24.591 14022 14053 I ReactNativeJS:         userTel: '18768496606',
05-26 19:22:24.591 14022 14053 I ReactNativeJS:         userLevel: [ '1', '2' ],
05-26 19:22:24.591 14022 14053 I ReactNativeJS:         bgc: null,
05-26 19:22:24.591 14022 14053 I ReactNativeJS:         collectionCount: 1,
05-26 19:22:24.591 14022 14053 I ReactNativeJS:         storeFollow: 0,
05-26 19:22:24.591 14022 14053 I ReactNativeJS:         likeContent: 3,
05-26 19:22:24.591 14022 14053 I ReactNativeJS:         card: 0,
05-26 19:22:24.591 14022 14053 I ReactNativeJS:         inviteCode: '38c1c6',
05-26 19:22:24.591 14022 14053 I ReactNativeJS:         anchorCount: 1,
05-26 19:22:24.591 14022 14053 I ReactNativeJS:         accountMoney: 0,
05-26 19:22:24.591 14022 14053 I ReactNativeJS:         frozenMoney: 0,
05-26 19:22:24.591 14022 14053 I ReactNativeJS:         quanPinMoney: 0,
05-26 19:22:24.591 14022 14053 I ReactNativeJS:         totalProfit: 0,
05-26 19:22:24.591 14022 14053 I ReactNativeJS:         consumeMoney: 0,
05-26 19:22:24.591 14022 14053 I ReactNativeJS:         saveMoney: 7,
05-26 19:22:24.591 14022 14053 I ReactNativeJS:         hasSettle: null,
05-26 19:22:24.591 14022 14053 I ReactNativeJS:         willSettle: 7,
05-26 19:22:24.591 14022 14053 I ReactNativeJS:         hasWithdraw: null,
05-26 19:22:24.591 14022 14053 I ReactNativeJS:         needMoney: null,
05-26 19:22:24.591 14022 14053 I ReactNativeJS:         nextLevel: null,
05-26 19:22:24.591 14022 14053 I ReactNativeJS:         publishCount: 2,
05-26 19:22:24.591 14022 14053 I ReactNativeJS:         fansCount: 0,
05-26 19:22:24.591 14022 14053 I ReactNativeJS:         lookCount: 64,
05-26 19:22:24.591 14022 14053 I ReactNativeJS:         liveMoney: '1',
05-26 19:22:24.591 14022 14053 I ReactNativeJS:         userRole: '1,2' } },
05-26 19:22:24.591 14022 14053 I ReactNativeJS:   cartData: { cartActionType: '管理', cartList: [] },
05-26 19:22:24.591 14022 14053 I ReactNativeJS:   addressData: { addressList: [], choosedAddress: {} },
05-26 19:22:24.591 14022 14053 I ReactNativeJS:   worksData: { goodsList: [], addedGoodsList: [], mediaList: [ { uri: 19 } ] },
05-26 19:22:24.591 14022 14053 I ReactNativeJS:   im: 
05-26 19:22:24.591 14022 14053 I ReactNativeJS:    { isIMSDKReady: false,
05-26 19:22:24.591 14022 14053 I ReactNativeJS:      room: undefined,
05-26 19:22:24.591 14022 14053 I ReactNativeJS:      roomMemberNum: 0,
05-26 19:22:24.591 14022 14053 I ReactNativeJS:      roomMessages: [],
05-26 19:22:24.591 14022 14053 I ReactNativeJS:      orderMessages: [],
05-26 19:22:24.591 14022 14053 I ReactNativeJS:      followMessages: [],
05-26 19:22:24.591 14022 14053 I ReactNativeJS:      isOnLine: undefined,
05-26 19:22:24.591 14022 14053 I ReactNativeJS:      userSig: 'eJw1jk0LgkAURf-LbAt7M86oz3UkQpsoIqGN*kabJLHxoyj674nW8t7D4d43O2z3jn42xmoWCoUCYDl1g7YsZMIBNueWqrRpDLGQSwCXu76PMzGk684UZhI8qUBgqoKsoNzjwd825QgrixdRRxQvWhXv7LU-njCwpeXrxxBr7eerO4nNK0qy5NyPI-SzO3Mb33GFIFFwKT9f1WE0-g__' },
05-26 19:22:24.591 14022 14053 I ReactNativeJS:   live: 
05-26 19:22:24.591 14022 14053 I ReactNativeJS:    { liveConfig: { cover: undefined, title: '' },
05-26 19:22:24.591 14022 14053 I ReactNativeJS:      pusherConfig: 
05-26 19:22:24.591 14022 14053 I ReactNativeJS:       { rtmpURL: '',
05-26 19:22:24.591 14022 14053 I ReactNativeJS:         camera: 'front',
05-26 19:22:24.591 14022 14053 I ReactNativeJS:         started: true,
05-26 19:22:24.591 14022 14053 I ReactNativeJS:         faceBeautyEnable: true,
05-26 19:22:24.591 14022 14053 I ReactNativeJS:         faceBeautySetting: { beautyLevel: 0, whiten: 0, redden: 0 },
05-26 19:22:24.591 14022 14053 I ReactNativeJS:         muted: false,
05-26 19:22:24.591 14022 14053 I ReactNativeJS:         zoom: 1,
05-26 19:22:24.591 14022 14053 I ReactNativeJS:         focus: false,
05-26 19:22:24.591 14022 14053 I ReactNativeJS:         watermarkSetting: 
05-26 19:22:24.591 14022 14053 I ReactNativeJS:          { src: null,
05-26 19:22:24.591 14022 14053 I ReactNativeJS:            alpha: 122,
05-26 19:22:24.591 14022 14053 I ReactNativeJS:            position: { x: 0, y: 0 },
05-26 19:22:24.591 14022 14053 I ReactNativeJS:            size: { width: 50, height: 50 } },
05-26 19:22:24.591 14022 14053 I ReactNativeJS:         pictureStreamingFile: null,
05-26 19:22:24.591 14022 14053 I ReactNativeJS:         pictureStreamingEnable: false,
05-26 19:22:24.591 14022 14053 I ReactNativeJS:         torchEnable: false,
05-26 19:22:24.591 14022 14053 I ReactNativeJS:         previewMirrorEnable: false,
05-26 19:22:24.591 14022 14053 I ReactNativeJS:         encodingMirrorEnable: false,
05-26 19:22:24.591 14022 14053 I ReactNativeJS:         audioMixFile: { fil
05-26 19:22:24.592 14022 14053 I ReactNativeJS: │ '%c action    ', 'color: #03A9F4; font-weight: bold', { type: 'UPDATE_USER_IM_STATUS', payload: {} }
05-26 19:22:24.593  1648  5496 D CompatibilityInfo: mCompatibilityFlags - 0
05-26 19:22:24.593  1648  5496 D CompatibilityInfo: applicationDensity - 480
05-26 19:22:24.593  1648  5496 D CompatibilityInfo: applicationScale - 1.0
05-26 19:22:24.597  1648  5496 D CompatibilityInfo: mCompatibilityFlags - 0
05-26 19:22:24.597  1648  5496 D CompatibilityInfo: applicationDensity - 480
05-26 19:22:24.597  1648  5496 D CompatibilityInfo: applicationScale - 1.0
05-26 19:22:24.599   542   542 I hwservicemanager: getTransport: Cannot find entry vendor.qti.hardware.servicetracker@1.0::IServicetracker/default in either framework or device manifest.
05-26 19:22:24.610 14127 14127 E libc    : Access denied finding property "persist.sys.theme"
05-26 19:22:24.618 14022 14053 I ReactNativeJS: │ '%c next state', 'color: #4CAF50; font-weight: bold', { publicData: { statusBarHeight: 28, isLogin: true },
05-26 19:22:24.618 14022 14053 I ReactNativeJS:   homeData: 
05-26 19:22:24.618 14022 14053 I ReactNativeJS:    { recommendGoodsList: [],
05-26 19:22:24.618 14022 14053 I ReactNativeJS:      searchKey: '微笑向暖 文艺直筒苹果领衬衫女春夏长袖衬衣设计感小众2020新款',
05-26 19:22:24.618 14022 14053 I ReactNativeJS:      swiperList: 
05-26 19:22:24.618 14022 14053 I ReactNativeJS:       [ { original_img: 'https://qpsc-1256479324.cos.ap-shanghai.myqcloud.com/temp/78b912985b7e7e9b077fa7ad846c4f2f.png',
05-26 19:22:24.618 14022 14053 I ReactNativeJS:           goods_id: '1774' } ],
05-26 19:22:24.618 14022 14053 I ReactNativeJS:      activityList: 
05-26 19:22:24.618 14022 14053 I ReactNativeJS:       [ { original_img: 'https://qpsc-1256479324.cos.ap-shanghai.myqcloud.com/temp/0320be7cba40622295f834cd063943c5.png',
05-26 19:22:24.618 14022 14053 I ReactNativeJS:           activity_url: 'https://www.baidu.com' } ],
05-26 19:22:24.618 14022 14053 I ReactNativeJS:      selectedGoodsInfo: 
05-26 19:22:24.618 14022 14053 I ReactNativeJS:       { subTitle: 'IP联名爆款',
05-26 19:22:24.618 14022 14053 I ReactNativeJS:         goodsList: 
05-26 19:22:24.618 14022 14053 I ReactNativeJS:          [ { goods_id: 1768,
05-26 19:22:24.618 14022 14053 I ReactNativeJS:              original_img: 'https://qpsc-1256479324.cos.ap-shanghai.myqcloud.com/goods/4889d8d65a89413ad424d481850477a1.jpg',
05-26 19:22:24.618 14022 14053 I ReactNativeJS:              goods_name: 'Nike耐克官方NIKE COURT ROYALE AC女子漂亮衣服AO2810',
05-26 19:22:24.618 14022 14053 I ReactNativeJS:              market_price: 200,
05-26 19:22:24.618 14022 14053 I ReactNativeJS:              shop_price: 100,
05-26 19:22:24.618 14022 14053 I ReactNativeJS:              share_profit_proportion: 30,
05-26 19:22:24.618 14022 14053 I ReactNativeJS:              suppliers_id: 116,
05-26 19:22:24.618 14022 14053 I ReactNativeJS:              MyDiscounts: 9,
05-26 19:22:24.618 14022 14053 I ReactNativeJS:              is_proprietary: 1 },
05-26 19:22:24.618 14022 14053 I ReactNativeJS:            { goods_id: 1770,
05-26 19:22:24.618 14022 14053 I ReactNativeJS:              original_img: 'https://qpsc-1256479324.cos.ap-shanghai.myqcloud.com/goods/a207d61d4b0bfd41c94329df7ca1d629.jpg',
05-26 19:22:24.618 14022 14053 I ReactNativeJS:              goods_name: '梨花落了2019秋季新款文艺复古显白上衣+高腰显瘦半身裙两穿套装',
05-26 19:22:24.618 14022 14053 I ReactNativeJS:              market_price: 1000,
05-26 19:22:24.618 14022 14053 I ReactNativeJS:              shop_price: 100,
05-26 19:22:24.618 14022 14053 I ReactNativeJS:              share_profit_proportion: 30,
05-26 19:22:24.618 14022 14053 I ReactNativeJS:              suppliers_id: 120,
05-26 19:22:24.618 14022 14053 I ReactNativeJS:              MyDiscounts: 9,
05-26 19:22:24.618 14022 14053 I ReactNativeJS:              is_proprietary: 0 } ] },
05-26 19:22:24.618 14022 14053 I ReactNativeJS:      seckillList: [] },
05-26 19:22:24.618 14022 14053 I ReactNativeJS:   userData: 
05-26 19:22:24.618 14022 14053 I ReactNativeJS:    { isLogin: true,
05-26 19:22:24.618 14022 14053 I ReactNativeJS:      token: 'eyJhbGciOiJIUzI1NiIsInR5cCI6IkpXVCJ9.eyJ1aWQiOiI5NTMwNjE1NCIsImV4cCI6MTYyMjAyMjE0MywidXVpZCI6IjE5NGEyN2U0ZDYzMTRmZWQ4NmU3YjcxODFiMjgxYmIzIiwiaWF0IjoxNTkwNDg2MTQzfQ.pqHdQ8zI8f3OxkuE68MedAF1oIR6AAlMHDORyAYEhCA',
05-26 19:22:24.618 14022 14053 I ReactNativeJS:      userInfo: 
05-26 19:22:24.618 14022 14053 I ReactNativeJS:       { userId: '95306154',
05-26 19:22:24.618 14022 14053 I ReactNativeJS:         userAvatar: 'https://wx.qlogo.cn/mmopen/vi_32/Q0j4TwGTfTKKNpXoprxcHqV93R4T66zTy3tfWys1YUpOflIutuVqlswa36iccnLeEhicibD4cUF551yDKKIQM5orQ/132',
05-26 19:22:24.618 14022 14053 I ReactNativeJS:         nickName: 'silence',
05-26 19:22:24.618 14022 14053 I ReactNativeJS:         identityName: '刘强',
05-26 19:22:24.618 14022 14053 I ReactNativeJS:         userTel: '18768496606',
05-26 19:22:24.618 14022 14053 I ReactNativeJS:         userLevel: [ '1', '2' ],
05-26 19:22:24.618 14022 14053 I ReactNativeJS:         bgc: null,
05-26 19:22:24.618 14022 14053 I ReactNativeJS:         collectionCount: 1,
05-26 19:22:24.618 14022 14053 I ReactNativeJS:         storeFollow: 0,
05-26 19:22:24.618 14022 14053 I ReactNativeJS:         likeContent: 3,
05-26 19:22:24.618 14022 14053 I ReactNativeJS:         card: 0,
05-26 19:22:24.618 14022 14053 I ReactNativeJS:         inviteCode: '38c1c6',
05-26 19:22:24.618 14022 14053 I ReactNativeJS:         anchorCount: 1,
05-26 19:22:24.618 14022 14053 I ReactNativeJS:         accountMoney: 0,
05-26 19:22:24.618 14022 14053 I ReactNativeJS:         frozenMoney: 0,
05-26 19:22:24.618 14022 14053 I ReactNativeJS:         quanPinMoney: 0,
05-26 19:22:24.618 14022 14053 I ReactNativeJS:         totalProfit: 0,
05-26 19:22:24.618 14022 14053 I ReactNativeJS:         consumeMoney: 0,
05-26 19:22:24.618 14022 14053 I ReactNativeJS:         saveMoney: 7,
05-26 19:22:24.618 14022 14053 I ReactNativeJS:         hasSettle: null,
05-26 19:22:24.618 14022 14053 I ReactNativeJS:         willSettle: 7,
05-26 19:22:24.618 14022 14053 I ReactNativeJS:         hasWithdraw: null,
05-26 19:22:24.618 14022 14053 I ReactNativeJS:         needMoney: null,
05-26 19:22:24.618 14022 14053 I ReactNativeJS:         nextLevel: null,
05-26 19:22:24.618 14022 14053 I ReactNativeJS:         publishCount: 2,
05-26 19:22:24.618 14022 14053 I ReactNativeJS:         fansCount: 0,
05-26 19:22:24.618 14022 14053 I ReactNativeJS:         lookCount: 64,
05-26 19:22:24.618 14022 14053 I ReactNativeJS:         liveMoney: '1',
05-26 19:22:24.618 14022 14053 I ReactNativeJS:         userRole: '1,2' } },
05-26 19:22:24.618 14022 14053 I ReactNativeJS:   cartData: { cartActionType: '管理', cartList: [] },
05-26 19:22:24.618 14022 14053 I ReactNativeJS:   addressData: { addressList: [], choosedAddress: {} },
05-26 19:22:24.618 14022 14053 I ReactNativeJS:   worksData: { goodsList: [], addedGoodsList: [], mediaList: [ { uri: 19 } ] },
05-26 19:22:24.618 14022 14053 I ReactNativeJS:   im: 
05-26 19:22:24.618 14022 14053 I ReactNativeJS:    { isIMSDKReady: false,
05-26 19:22:24.618 14022 14053 I ReactNativeJS:      room: undefined,
05-26 19:22:24.618 14022 14053 I ReactNativeJS:      roomMemberNum: 0,
05-26 19:22:24.618 14022 14053 I ReactNativeJS:      roomMessages: [],
05-26 19:22:24.618 14022 14053 I ReactNativeJS:      orderMessages: [],
05-26 19:22:24.618 14022 14053 I ReactNativeJS:      followMessages: [],
05-26 19:22:24.618 14022 14053 I ReactNativeJS:      isOnLine: undefined,
05-26 19:22:24.618 14022 14053 I ReactNativeJS:      userSig: undefined },
05-26 19:22:24.618 14022 14053 I ReactNativeJS:   live: 
05-26 19:22:24.618 14022 14053 I ReactNativeJS:    { liveConfig: { cover: undefined, title: '' },
05-26 19:22:24.618 14022 14053 I ReactNativeJS:      pusherConfig: 
05-26 19:22:24.618 14022 14053 I ReactNativeJS:       { rtmpURL: '',
05-26 19:22:24.618 14022 14053 I ReactNativeJS:         camera: 'front',
05-26 19:22:24.618 14022 14053 I ReactNativeJS:         started: true,
05-26 19:22:24.618 14022 14053 I ReactNativeJS:         faceBeautyEnable: true,
05-26 19:22:24.618 14022 14053 I ReactNativeJS:         faceBeautySetting: { beautyLevel: 0, whiten: 0, redden: 0 },
05-26 19:22:24.618 14022 14053 I ReactNativeJS:         muted: false,
05-26 19:22:24.618 14022 14053 I ReactNativeJS:         zoom: 1,
05-26 19:22:24.618 14022 14053 I ReactNativeJS:         focus: false,
05-26 19:22:24.618 14022 14053 I ReactNativeJS:         watermarkSetting: 
05-26 19:22:24.618 14022 14053 I ReactNativeJS:          { src: null,
05-26 19:22:24.618 14022 14053 I ReactNativeJS:            alpha: 122,
05-26 19:22:24.618 14022 14053 I ReactNativeJS:            position: { x: 0, y: 0 },
05-26 19:22:24.618 14022 14053 I ReactNativeJS:            size: { width: 50, height: 50 } },
05-26 19:22:24.618 14022 14053 I ReactNativeJS:         pictureStreamingFile: null,
05-26 19:22:24.618 14022 14053 I ReactNativeJS:         pictureStreamingEnable: false,
05-26 19:22:24.618 14022 14053 I ReactNativeJS:         torchEnable: false,
05-26 19:22:24.618 14022 14053 I ReactNativeJS:         previewMirrorEnable: false,
05-26 19:22:24.618 14022 14053 I ReactNativeJS:         encodingMirrorEnable: false,
05-26 19:22:24.618 14022 14053 I ReactNativeJS:         audioMixFile: { filePath: null, loop: true },
05-26 19:22:24.618 14022 14053 I ReactNativeJS:         playMixAudio: false,
05-26 19:22:24.618 14022 14053 I ReactNativeJS:         audioMixVolume: { micVolume: 0.5, musicVolume: 0.5 },
05-26 19:22:24.618 14022 14053 I ReactNativeJS:         playbackEnable: false,
05-26 19:22:24.618 14022 14053 I ReactNativeJS:         style: { width: '100%', height: '100%', backgrou
05-26 19:22:24.618 14022 14053 I ReactNativeJS: ┘ 
05-26 19:22:24.619 14022 14053 I ReactNativeJS: { actionStatus: 'OK',
05-26 19:22:24.619 14022 14053 I ReactNativeJS:   errorInfo: '',
05-26 19:22:24.619 14022 14053 I ReactNativeJS:   errorCode: 0,
05-26 19:22:24.619 14022 14053 I ReactNativeJS:   a2Key: '7f44df6b67f3e0031e973cbd1598397d7131e1305a111e75ea741b4730a9eedc5ac5ba2ac6899e7b9b2c7d15a4910bbc6516c1734be4ff8ca2d9d7620ac8be0c8e3fc53641d9b62e',
05-26 19:22:24.619 14022 14053 I ReactNativeJS:   tinyID: '144115217964501853' }, 'loginIm'
05-26 19:22:24.678 14127 14127 I Perf    : Connecting to perf service.
05-26 19:22:24.726 14022 14053 I ReactNativeJS: TIM 19:22:24.726:FriendHandler.getFriendList ok
05-26 19:22:24.728   542   542 I hwservicemanager: getTransport: Cannot find entry vendor.qti.hardware.iop@2.0::IIop/default in either framework or device manifest.
05-26 19:22:24.729  1376  1451 E ANDR-IOP: IIop:: Iop HAL Service is not available.
05-26 19:22:24.735 14127 14151 E Perf    : Fail to get file list com.android.permissioncontroller
05-26 19:22:24.735 14127 14151 E Perf    : getFolderSize() : Exception_1 = java.lang.NullPointerException: Attempt to get length of null array
05-26 19:22:24.735 14127 14151 E Perf    : Fail to get file list com.android.permissioncontroller
05-26 19:22:24.735 14127 14151 E Perf    : getFolderSize() : Exception_1 = java.lang.NullPointerException: Attempt to get length of null array
05-26 19:22:24.748 14022 14053 W ReactNativeJS: TIM 19:22:24.748:SDK is ready. cost=914ms
05-26 19:22:24.750 14022 14053 I ReactNativeJS: { name: 'sdkStateReady', data: undefined }, 'onReadyHandler'
05-26 19:22:24.841 14022 14053 I ReactNativeJS: TIM 19:22:24.841:BlacklistHandler.getBlacklist ok
05-26 19:22:24.847 14022 14053 I ReactNativeJS: TIM 19:22:24.847:ProfileHandler.getUserProfile ok
05-26 19:22:25.230  3580  3580 D Launcher.TouchInteractionService: onEvent -> initialize mInputEventDispatcher
05-26 19:22:25.230  3580  3580 D Launcher.TouchInteractionService: onEvent -> dispatchEventIfNeed
05-26 19:22:25.230  3580  3580 D Launcher.TouchInteractionService: dispatchEventIfNeed -> start: 
05-26 19:22:25.230  3580  3580 D Launcher.SwipeSharedState: isStartingNewTask: 
05-26 19:22:25.230  3580  3580 D Launcher.SwipeSharedState: elapsedRealtime: 1267216689
05-26 19:22:25.230  3580  3580 D Launcher.SwipeSharedState: lastStartNewTaskTime: 0
05-26 19:22:25.230  3580  3580 D Launcher.TouchInteractionService: dispatchEventIfNeed -> setConsumer: 
05-26 19:22:25.230  3580  3580 D Launcher.TouchInteractionService: onInputEvent: mUncheckedConsumer = TYPE_NO_OP
05-26 19:22:25.233 14022 14022 D ColorViewRootUtil: nav gesture mode swipeFromBottom ignore false downY 2331 mScreenHeight 2400 mScreenWidth 1080 mStatusBarHeight 54 globalScale 1.125 nav mode 3 event MotionEvent { action=ACTION_DOWN, actionButton=0, id[0]=0, x[0]=963.0, y[0]=2331.0, toolType[0]=TOOL_TYPE_FINGER, buttonState=0, classification=NONE, metaState=0, flags=0x0, edgeFlags=0x0, pointerCount=1, historySize=0, eventTime=872067908, downTime=872067908, deviceId=4, source=0x1002, displayId=0 } rotation 0
05-26 19:22:25.267 10357 12147 I SmartThreadExecutor: handleMessage: start check 0
05-26 19:22:25.267 10357 12147 I SmartThreadExecutor: handleMessage: check end 0 -263 false
05-26 19:22:25.334  3580  3580 D Launcher.TouchInteractionService: onEvent -> dispatchEvent up
05-26 19:22:25.420  1648  1648 D OppoPowerMonitor: Receive broadcast android.intent.action.BATTERY_CHANGED
05-26 19:22:25.435 14022 14053 I ReactNativeJS: '%cToken:', 'color: red; font-size: 20px; ', 'eyJhbGciOiJIUzI1NiIsInR5cCI6IkpXVCJ9.eyJ1aWQiOiI5NTMwNjE1NCIsImV4cCI6MTYyMjAyMjE0MywidXVpZCI6IjE5NGEyN2U0ZDYzMTRmZWQ4NmU3YjcxODFiMjgxYmIzIiwiaWF0IjoxNTkwNDg2MTQzfQ.pqHdQ8zI8f3OxkuE68MedAF1oIR6AAlMHDORyAYEhCA'
05-26 19:22:25.435 14022 14053 I ReactNativeJS: '%cPath:', 'color: red; font-size: 20px; ', 'https://mobile.quanpinlive.com/index/ajaxGetMore?pageNo=1&pageSize=20'
05-26 19:22:25.435 14022 14053 I ReactNativeJS: '%cParams:', 'color: red; font-size: 20px; ', { pageNo: 1, pageSize: 20 }
05-26 19:22:25.437 14022 14053 I ReactNativeJS: '%cToken:', 'color: red; font-size: 20px; ', 'eyJhbGciOiJIUzI1NiIsInR5cCI6IkpXVCJ9.eyJ1aWQiOiI5NTMwNjE1NCIsImV4cCI6MTYyMjAyMjE0MywidXVpZCI6IjE5NGEyN2U0ZDYzMTRmZWQ4NmU3YjcxODFiMjgxYmIzIiwiaWF0IjoxNTkwNDg2MTQzfQ.pqHdQ8zI8f3OxkuE68MedAF1oIR6AAlMHDORyAYEhCA'
05-26 19:22:25.437 14022 14053 I ReactNativeJS: '%cPath:', 'color: red; font-size: 20px; ', 'https://app.quanpinlive.com/user/getUserInfo'
05-26 19:22:25.437 14022 14053 I ReactNativeJS: '%cParams:', 'color: red; font-size: 20px; ', undefined
05-26 19:22:25.448  3580  3580 D Launcher.TouchInteractionService: onEvent -> initialize mInputEventDispatcher
05-26 19:22:25.448  3580  3580 D Launcher.TouchInteractionService: onEvent -> dispatchEventIfNeed
05-26 19:22:25.448  3580  3580 D Launcher.TouchInteractionService: dispatchEventIfNeed -> start: 
05-26 19:22:25.448  3580  3580 D Launcher.SwipeSharedState: isStartingNewTask: 
05-26 19:22:25.448  3580  3580 D Launcher.SwipeSharedState: elapsedRealtime: 1267216908
05-26 19:22:25.448  3580  3580 D Launcher.SwipeSharedState: lastStartNewTaskTime: 0
05-26 19:22:25.448  3580  3580 D Launcher.TouchInteractionService: dispatchEventIfNeed -> setConsumer: 
05-26 19:22:25.448  3580  3580 D Launcher.TouchInteractionService: onInputEvent: mUncheckedConsumer = TYPE_NO_OP
05-26 19:22:25.456 14022 14022 D ColorViewRootUtil: nav gesture mode swipeFromBottom ignore false downY 2314 mScreenHeight 2400 mScreenWidth 1080 mStatusBarHeight 54 globalScale 1.125 nav mode 3 event MotionEvent { action=ACTION_DOWN, actionButton=0, id[0]=0, x[0]=961.0, y[0]=2314.0, toolType[0]=TOOL_TYPE_FINGER, buttonState=0, classification=NONE, metaState=0, flags=0x0, edgeFlags=0x0, pointerCount=1, historySize=0, eventTime=872068128, downTime=872068128, deviceId=4, source=0x1002, displayId=0 } rotation 0
05-26 19:22:25.469 14022 14022 D TestOverScroll: getScaledOverscrollDistance: b
05-26 19:22:25.504  3580  3580 D Launcher.TouchInteractionService: onEvent -> dispatchEvent up
05-26 19:22:25.511   802 14155 E ResolverController: No valid NAT64 prefix (876, <unspecified>/0)
05-26 19:22:25.583 14022 14053 I ReactNativeJS: '获取用户信息', { userId: '95306154',
05-26 19:22:25.583 14022 14053 I ReactNativeJS:   userAvatar: 'https://wx.qlogo.cn/mmopen/vi_32/Q0j4TwGTfTKKNpXoprxcHqV93R4T66zTy3tfWys1YUpOflIutuVqlswa36iccnLeEhicibD4cUF551yDKKIQM5orQ/132',
05-26 19:22:25.583 14022 14053 I ReactNativeJS:   nickName: 'silence',
05-26 19:22:25.583 14022 14053 I ReactNativeJS:   identityName: '刘强',
05-26 19:22:25.583 14022 14053 I ReactNativeJS:   userTel: '18768496606',
05-26 19:22:25.583 14022 14053 I ReactNativeJS:   userLevel: [ '1', '2' ],
05-26 19:22:25.583 14022 14053 I ReactNativeJS:   bgc: null,
05-26 19:22:25.583 14022 14053 I ReactNativeJS:   collectionCount: 1,
05-26 19:22:25.583 14022 14053 I ReactNativeJS:   storeFollow: 0,
05-26 19:22:25.583 14022 14053 I ReactNativeJS:   likeContent: 3,
05-26 19:22:25.583 14022 14053 I ReactNativeJS:   card: 0,
05-26 19:22:25.583 14022 14053 I ReactNativeJS:   inviteCode: '38c1c6',
05-26 19:22:25.583 14022 14053 I ReactNativeJS:   anchorCount: 1,
05-26 19:22:25.583 14022 14053 I ReactNativeJS:   accountMoney: 0,
05-26 19:22:25.583 14022 14053 I ReactNativeJS:   frozenMoney: 0,
05-26 19:22:25.583 14022 14053 I ReactNativeJS:   quanPinMoney: 0,
05-26 19:22:25.583 14022 14053 I ReactNativeJS:   totalProfit: 0,
05-26 19:22:25.583 14022 14053 I ReactNativeJS:   consumeMoney: 0,
05-26 19:22:25.583 14022 14053 I ReactNativeJS:   saveMoney: 8,
05-26 19:22:25.583 14022 14053 I ReactNativeJS:   hasSettle: null,
05-26 19:22:25.583 14022 14053 I ReactNativeJS:   willSettle: 8,
05-26 19:22:25.583 14022 14053 I ReactNativeJS:   hasWithdraw: null,
05-26 19:22:25.583 14022 14053 I ReactNativeJS:   needMoney: null,
05-26 19:22:25.583 14022 14053 I ReactNativeJS:   nextLevel: null,
05-26 19:22:25.583 14022 14053 I ReactNativeJS:   publishCount: 2,
05-26 19:22:25.583 14022 14053 I ReactNativeJS:   fansCount: 0,
05-26 19:22:25.583 14022 14053 I ReactNativeJS:   lookCount: 64,
05-26 19:22:25.583 14022 14053 I ReactNativeJS:   liveMoney: '1',
05-26 19:22:25.583 14022 14053 I ReactNativeJS:   userRole: '1,2' }
05-26 19:22:25.611 14022 14053 I ReactNativeJS: ┐ %c action %cSET_USER_INFO %c@ 19:22:25.583
05-26 19:22:25.614 14022 14053 I ReactNativeJS: │ '%c prev state', 'color: #9E9E9E; font-weight: bold', { publicData: { statusBarHeight: 28, isLogin: true },
05-26 19:22:25.614 14022 14053 I ReactNativeJS:   homeData: 
05-26 19:22:25.614 14022 14053 I ReactNativeJS:    { recommendGoodsList: [],
05-26 19:22:25.614 14022 14053 I ReactNativeJS:      searchKey: '微笑向暖 文艺直筒苹果领衬衫女春夏长袖衬衣设计感小众2020新款',
05-26 19:22:25.614 14022 14053 I ReactNativeJS:      swiperList: 
05-26 19:22:25.614 14022 14053 I ReactNativeJS:       [ { original_img: 'https://qpsc-1256479324.cos.ap-shanghai.myqcloud.com/temp/78b912985b7e7e9b077fa7ad846c4f2f.png',
05-26 19:22:25.614 14022 14053 I ReactNativeJS:           goods_id: '1774' } ],
05-26 19:22:25.614 14022 14053 I ReactNativeJS:      activityList: 
05-26 19:22:25.614 14022 14053 I ReactNativeJS:       [ { original_img: 'https://qpsc-1256479324.cos.ap-shanghai.myqcloud.com/temp/0320be7cba40622295f834cd063943c5.png',
05-26 19:22:25.614 14022 14053 I ReactNativeJS:           activity_url: 'https://www.baidu.com' } ],
05-26 19:22:25.614 14022 14053 I ReactNativeJS:      selectedGoodsInfo: 
05-26 19:22:25.614 14022 14053 I ReactNativeJS:       { subTitle: 'IP联名爆款',
05-26 19:22:25.614 14022 14053 I ReactNativeJS:         goodsList: 
05-26 19:22:25.614 14022 14053 I ReactNativeJS:          [ { goods_id: 1768,
05-26 19:22:25.614 14022 14053 I ReactNativeJS:              original_img: 'https://qpsc-1256479324.cos.ap-shanghai.myqcloud.com/goods/4889d8d65a89413ad424d481850477a1.jpg',
05-26 19:22:25.614 14022 14053 I ReactNativeJS:              goods_name: 'Nike耐克官方NIKE COURT ROYALE AC女子漂亮衣服AO2810',
05-26 19:22:25.614 14022 14053 I ReactNativeJS:              market_price: 200,
05-26 19:22:25.614 14022 14053 I ReactNativeJS:              shop_price: 100,
05-26 19:22:25.614 14022 14053 I ReactNativeJS:              share_profit_proportion: 30,
05-26 19:22:25.614 14022 14053 I ReactNativeJS:              suppliers_id: 116,
05-26 19:22:25.614 14022 14053 I ReactNativeJS:              MyDiscounts: 9,
05-26 19:22:25.614 14022 14053 I ReactNativeJS:              is_proprietary: 1 },
05-26 19:22:25.614 14022 14053 I ReactNativeJS:            { goods_id: 1770,
05-26 19:22:25.614 14022 14053 I ReactNativeJS:              original_img: 'https://qpsc-1256479324.cos.ap-shanghai.myqcloud.com/goods/a207d61d4b0bfd41c94329df7ca1d629.jpg',
05-26 19:22:25.614 14022 14053 I ReactNativeJS:              goods_name: '梨花落了2019秋季新款文艺复古显白上衣+高腰显瘦半身裙两穿套装',
05-26 19:22:25.614 14022 14053 I ReactNativeJS:              market_price: 1000,
05-26 19:22:25.614 14022 14053 I ReactNativeJS:              shop_price: 100,
05-26 19:22:25.614 14022 14053 I ReactNativeJS:              share_profit_proportion: 30,
05-26 19:22:25.614 14022 14053 I ReactNativeJS:              suppliers_id: 120,
05-26 19:22:25.614 14022 14053 I ReactNativeJS:              MyDiscounts: 9,
05-26 19:22:25.614 14022 14053 I ReactNativeJS:              is_proprietary: 0 } ] },
05-26 19:22:25.614 14022 14053 I ReactNativeJS:      seckillList: [] },
05-26 19:22:25.614 14022 14053 I ReactNativeJS:   userData: 
05-26 19:22:25.614 14022 14053 I ReactNativeJS:    { isLogin: true,
05-26 19:22:25.614 14022 14053 I ReactNativeJS:      token: 'eyJhbGciOiJIUzI1NiIsInR5cCI6IkpXVCJ9.eyJ1aWQiOiI5NTMwNjE1NCIsImV4cCI6MTYyMjAyMjE0MywidXVpZCI6IjE5NGEyN2U0ZDYzMTRmZWQ4NmU3YjcxODFiMjgxYmIzIiwiaWF0IjoxNTkwNDg2MTQzfQ.pqHdQ8zI8f3OxkuE68MedAF1oIR6AAlMHDORyAYEhCA',
05-26 19:22:25.614 14022 14053 I ReactNativeJS:      userInfo: 
05-26 19:22:25.614 14022 14053 I ReactNativeJS:       { userId: '95306154',
05-26 19:22:25.614 14022 14053 I ReactNativeJS:         userAvatar: 'https://wx.qlogo.cn/mmopen/vi_32/Q0j4TwGTfTKKNpXoprxcHqV93R4T66zTy3tfWys1YUpOflIutuVqlswa36iccnLeEhicibD4cUF551yDKKIQM5orQ/132',
05-26 19:22:25.614 14022 14053 I ReactNativeJS:         nickName: 'silence',
05-26 19:22:25.614 14022 14053 I ReactNativeJS:         identityName: '刘强',
05-26 19:22:25.614 14022 14053 I ReactNativeJS:         userTel: '18768496606',
05-26 19:22:25.614 14022 14053 I ReactNativeJS:         userLevel: [ '1', '2' ],
05-26 19:22:25.614 14022 14053 I ReactNativeJS:         bgc: null,
05-26 19:22:25.614 14022 14053 I ReactNativeJS:         collectionCount: 1,
05-26 19:22:25.614 14022 14053 I ReactNativeJS:         storeFollow: 0,
05-26 19:22:25.614 14022 14053 I ReactNativeJS:         likeContent: 3,
05-26 19:22:25.614 14022 14053 I ReactNativeJS:         card: 0,
05-26 19:22:25.614 14022 14053 I ReactNativeJS:         inviteCode: '38c1c6',
05-26 19:22:25.614 14022 14053 I ReactNativeJS:         anchorCount: 1,
05-26 19:22:25.614 14022 14053 I ReactNativeJS:         accountMoney: 0,
05-26 19:22:25.614 14022 14053 I ReactNativeJS:         frozenMoney: 0,
05-26 19:22:25.614 14022 14053 I ReactNativeJS:         quanPinMoney: 0,
05-26 19:22:25.614 14022 14053 I ReactNativeJS:         totalProfit: 0,
05-26 19:22:25.614 14022 14053 I ReactNativeJS:         consumeMoney: 0,
05-26 19:22:25.614 14022 14053 I ReactNativeJS:         saveMoney: 7,
05-26 19:22:25.614 14022 14053 I ReactNativeJS:         hasSettle: null,
05-26 19:22:25.614 14022 14053 I ReactNativeJS:         willSettle: 7,
05-26 19:22:25.614 14022 14053 I ReactNativeJS:         hasWithdraw: null,
05-26 19:22:25.614 14022 14053 I ReactNativeJS:         needMoney: null,
05-26 19:22:25.614 14022 14053 I ReactNativeJS:         nextLevel: null,
05-26 19:22:25.614 14022 14053 I ReactNativeJS:         publishCount: 2,
05-26 19:22:25.614 14022 14053 I ReactNativeJS:         fansCount: 0,
05-26 19:22:25.614 14022 14053 I ReactNativeJS:         lookCount: 64,
05-26 19:22:25.614 14022 14053 I ReactNativeJS:         liveMoney: '1',
05-26 19:22:25.614 14022 14053 I ReactNativeJS:         userRole: '1,2' } },
05-26 19:22:25.614 14022 14053 I ReactNativeJS:   cartData: { cartActionType: '管理', cartList: [] },
05-26 19:22:25.614 14022 14053 I ReactNativeJS:   addressData: { addressList: [], choosedAddress: {} },
05-26 19:22:25.614 14022 14053 I ReactNativeJS:   worksData: { goodsList: [], addedGoodsList: [], mediaList: [ { uri: 19 } ] },
05-26 19:22:25.614 14022 14053 I ReactNativeJS:   im: 
05-26 19:22:25.614 14022 14053 I ReactNativeJS:    { isIMSDKReady: false,
05-26 19:22:25.614 14022 14053 I ReactNativeJS:      room: undefined,
05-26 19:22:25.614 14022 14053 I ReactNativeJS:      roomMemberNum: 0,
05-26 19:22:25.614 14022 14053 I ReactNativeJS:      roomMessages: [],
05-26 19:22:25.614 14022 14053 I ReactNativeJS:      orderMessages: [],
05-26 19:22:25.614 14022 14053 I ReactNativeJS:      followMessages: [],
05-26 19:22:25.614 14022 14053 I ReactNativeJS:      isOnLine: undefined,
05-26 19:22:25.614 14022 14053 I ReactNativeJS:      userSig: undefined },
05-26 19:22:25.614 14022 14053 I ReactNativeJS:   live: 
05-26 19:22:25.614 14022 14053 I ReactNativeJS:    { liveConfig: { cover: undefined, title: '' },
05-26 19:22:25.614 14022 14053 I ReactNativeJS:      pusherConfig: 
05-26 19:22:25.614 14022 14053 I ReactNativeJS:       { rtmpURL: '',
05-26 19:22:25.614 14022 14053 I ReactNativeJS:         camera: 'front',
05-26 19:22:25.614 14022 14053 I ReactNativeJS:         started: true,
05-26 19:22:25.614 14022 14053 I ReactNativeJS:         faceBeautyEnable: true,
05-26 19:22:25.614 14022 14053 I ReactNativeJS:         faceBeautySetting: { beautyLevel: 0, whiten: 0, redden: 0 },
05-26 19:22:25.614 14022 14053 I ReactNativeJS:         muted: false,
05-26 19:22:25.614 14022 14053 I ReactNativeJS:         zoom: 1,
05-26 19:22:25.614 14022 14053 I ReactNativeJS:         focus: false,
05-26 19:22:25.614 14022 14053 I ReactNativeJS:         watermarkSetting: 
05-26 19:22:25.614 14022 14053 I ReactNativeJS:          { src: null,
05-26 19:22:25.614 14022 14053 I ReactNativeJS:            alpha: 122,
05-26 19:22:25.614 14022 14053 I ReactNativeJS:            position: { x: 0, y: 0 },
05-26 19:22:25.614 14022 14053 I ReactNativeJS:            size: { width: 50, height: 50 } },
05-26 19:22:25.614 14022 14053 I ReactNativeJS:         pictureStreamingFile: null,
05-26 19:22:25.614 14022 14053 I ReactNativeJS:         pictureStreamingEnable: false,
05-26 19:22:25.614 14022 14053 I ReactNativeJS:         torchEnable: false,
05-26 19:22:25.614 14022 14053 I ReactNativeJS:         previewMirrorEnable: false,
05-26 19:22:25.614 14022 14053 I ReactNativeJS:         encodingMirrorEnable: false,
05-26 19:22:25.614 14022 14053 I ReactNativeJS:         audioMixFile: { filePath: null, loop: true },
05-26 19:22:25.614 14022 14053 I ReactNativeJS:         playMixAudio: false,
05-26 19:22:25.614 14022 14053 I ReactNativeJS:         audioMixVolume: { micVolume: 0.5, musicVolume: 0.5 },
05-26 19:22:25.614 14022 14053 I ReactNativeJS:         playbackEnable: false,
05-26 19:22:25.614 14022 14053 I ReactNativeJS:         style: { width: '100%', height: '100%', backgrou
05-26 19:22:25.615 14022 14053 I ReactNativeJS: │ '%c action    ', 'color: #03A9F4; font-weight: bold', { type: 'SET_USER_INFO',
05-26 19:22:25.615 14022 14053 I ReactNativeJS:   payload: 
05-26 19:22:25.615 14022 14053 I ReactNativeJS:    { userId: '95306154',
05-26 19:22:25.615 14022 14053 I ReactNativeJS:      userAvatar: 'https://wx.qlogo.cn/mmopen/vi_32/Q0j4TwGTfTKKNpXoprxcHqV93R4T66zTy3tfWys1YUpOflIutuVqlswa36iccnLeEhicibD4cUF551yDKKIQM5orQ/132',
05-26 19:22:25.615 14022 14053 I ReactNativeJS:      nickName: 'silence',
05-26 19:22:25.615 14022 14053 I ReactNativeJS:      identityName: '刘强',
05-26 19:22:25.615 14022 14053 I ReactNativeJS:      userTel: '18768496606',
05-26 19:22:25.615 14022 14053 I ReactNativeJS:      userLevel: [ '1', '2' ],
05-26 19:22:25.615 14022 14053 I ReactNativeJS:      bgc: null,
05-26 19:22:25.615 14022 14053 I ReactNativeJS:      collectionCount: 1,
05-26 19:22:25.615 14022 14053 I ReactNativeJS:      storeFollow: 0,
05-26 19:22:25.615 14022 14053 I ReactNativeJS:      likeContent: 3,
05-26 19:22:25.615 14022 14053 I ReactNativeJS:      card: 0,
05-26 19:22:25.615 14022 14053 I ReactNativeJS:      inviteCode: '38c1c6',
05-26 19:22:25.615 14022 14053 I ReactNativeJS:      anchorCount: 1,
05-26 19:22:25.615 14022 14053 I ReactNativeJS:      accountMoney: 0,
05-26 19:22:25.615 14022 14053 I ReactNativeJS:      frozenMoney: 0,
05-26 19:22:25.615 14022 14053 I ReactNativeJS:      quanPinMoney: 0,
05-26 19:22:25.615 14022 14053 I ReactNativeJS:      totalProfit: 0,
05-26 19:22:25.615 14022 14053 I ReactNativeJS:      consumeMoney: 0,
05-26 19:22:25.615 14022 14053 I ReactNativeJS:      saveMoney: 8,
05-26 19:22:25.615 14022 14053 I ReactNativeJS:      hasSettle: null,
05-26 19:22:25.615 14022 14053 I ReactNativeJS:      willSettle: 8,
05-26 19:22:25.615 14022 14053 I ReactNativeJS:      hasWithdraw: null,
05-26 19:22:25.615 14022 14053 I ReactNativeJS:      needMoney: null,
05-26 19:22:25.615 14022 14053 I ReactNativeJS:      nextLevel: null,
05-26 19:22:25.615 14022 14053 I ReactNativeJS:      publishCount: 2,
05-26 19:22:25.615 14022 14053 I ReactNativeJS:      fansCount: 0,
05-26 19:22:25.615 14022 14053 I ReactNativeJS:      lookCount: 64,
05-26 19:22:25.615 14022 14053 I ReactNativeJS:      liveMoney: '1',
05-26 19:22:25.615 14022 14053 I ReactNativeJS:      userRole: '1,2' } }
05-26 19:22:25.617 14022 14053 I ReactNativeJS: │ '%c next state', 'color: #4CAF50; font-weight: bold', { publicData: { statusBarHeight: 28, isLogin: true },
05-26 19:22:25.617 14022 14053 I ReactNativeJS:   homeData: 
05-26 19:22:25.617 14022 14053 I ReactNativeJS:    { recommendGoodsList: [],
05-26 19:22:25.617 14022 14053 I ReactNativeJS:      searchKey: '微笑向暖 文艺直筒苹果领衬衫女春夏长袖衬衣设计感小众2020新款',
05-26 19:22:25.617 14022 14053 I ReactNativeJS:      swiperList: 
05-26 19:22:25.617 14022 14053 I ReactNativeJS:       [ { original_img: 'https://qpsc-1256479324.cos.ap-shanghai.myqcloud.com/temp/78b912985b7e7e9b077fa7ad846c4f2f.png',
05-26 19:22:25.617 14022 14053 I ReactNativeJS:           goods_id: '1774' } ],
05-26 19:22:25.617 14022 14053 I ReactNativeJS:      activityList: 
05-26 19:22:25.617 14022 14053 I ReactNativeJS:       [ { original_img: 'https://qpsc-1256479324.cos.ap-shanghai.myqcloud.com/temp/0320be7cba40622295f834cd063943c5.png',
05-26 19:22:25.617 14022 14053 I ReactNativeJS:           activity_url: 'https://www.baidu.com' } ],
05-26 19:22:25.617 14022 14053 I ReactNativeJS:      selectedGoodsInfo: 
05-26 19:22:25.617 14022 14053 I ReactNativeJS:       { subTitle: 'IP联名爆款',
05-26 19:22:25.617 14022 14053 I ReactNativeJS:         goodsList: 
05-26 19:22:25.617 14022 14053 I ReactNativeJS:          [ { goods_id: 1768,
05-26 19:22:25.617 14022 14053 I ReactNativeJS:              original_img: 'https://qpsc-1256479324.cos.ap-shanghai.myqcloud.com/goods/4889d8d65a89413ad424d481850477a1.jpg',
05-26 19:22:25.617 14022 14053 I ReactNativeJS:              goods_name: 'Nike耐克官方NIKE COURT ROYALE AC女子漂亮衣服AO2810',
05-26 19:22:25.617 14022 14053 I ReactNativeJS:              market_price: 200,
05-26 19:22:25.617 14022 14053 I ReactNativeJS:              shop_price: 100,
05-26 19:22:25.617 14022 14053 I ReactNativeJS:              share_profit_proportion: 30,
05-26 19:22:25.617 14022 14053 I ReactNativeJS:              suppliers_id: 116,
05-26 19:22:25.617 14022 14053 I ReactNativeJS:              MyDiscounts: 9,
05-26 19:22:25.617 14022 14053 I ReactNativeJS:              is_proprietary: 1 },
05-26 19:22:25.617 14022 14053 I ReactNativeJS:            { goods_id: 1770,
