--------- beginning of main
05-26 19:22:15.163  2881 19550 W Conscrypt: Could not set socket write timeout: java.net.SocketException: Socket closed
05-26 19:22:15.165  2881 19550 W Conscrypt: 	at com.google.android.gms.org.conscrypt.Platform.setSocketWriteTimeout(:com.google.android.gms@19629037@19.6.29 (120400-278422107):2)
05-26 19:22:15.166  2881 19550 W Conscrypt: 	at com.google.android.gms.org.conscrypt.ConscryptFileDescriptorSocket.setSoWriteTimeout(:com.google.android.gms@19629037@19.6.29 (120400-278422107):2)
05-26 19:22:15.178  2881 19550 V NativeCrypto: SSL handshake aborted: ssl=0x70b0b3f988: I/O error during system call, Connection reset by peer
05-26 19:22:15.195   802 14008 E ResolverController: No valid NAT64 prefix (876, <unspecified>/0)
05-26 19:22:15.367   981   981 I tftp_server: pid=981 tid=981 tftp-server : INF :[tftp_server.c, 659] rcvd request [1] [84] [1] [0] [2576]
05-26 19:22:15.368   981 14009 I tftp_server: pid=981 tid=14009 tftp-server : INF :[tftp_server_utils.c, 113] file [readwrite/ota_firewall/ruleset] : [/vendor/rfs/msm/mpss/readwrite/ota_firewall/ruleset]
05-26 19:22:15.375   981 14009 I tftp_server: pid=981 tid=14009 tftp-server : INF :[tftp_server.c, 1202] OACK options : [7680, 200, 10, 4, 0, 0, 0, 0]
05-26 19:22:15.375   981 14009 I tftp_server: pid=981 tid=14009 tftp-server : INF :[tftp_os_la.c, 63] open : [-1] [-1] [384] [0] [/vendor/rfs/msm/mpss/readwrite/ota_firewall/ruleset]
05-26 19:22:15.376   981 14009 E tftp_server: pid=981 tid=14009 tftp-server : ERR :[tftp_os_la.c, 70] open failed: [2] [No such file or directory]
05-26 19:22:15.376   981 14009 E tftp_server: pid=981 tid=14009 tftp-server : ERR :[tftp_server.c, 1698] open failed : [-2] [Unknown error -2]
05-26 19:22:15.376   981 14009 E tftp_server: pid=981 tid=14009 tftp-server : ERR :[tftp_protocol.c, 1229] sending error-pkt. Code = 1, Msg = Err=2 String=No such file or directory
05-26 19:22:15.377  2328  2344 E Diag_Lib: [IMS_AP]"ims-rtp-daemon ims_rtp_qmi_handler_thread_func waiting on select thread>"
05-26 19:22:15.377   981   981 I tftp_server: pid=981 tid=981 tftp-server : INF :[tftp_server.c, 659] rcvd request [1] [84] [1] [0] [2577]
05-26 19:22:15.378  2328  2344 E Diag_Lib: [IMS_AP]"ims-rtp-daemon ims_rtp_qmi_handler_thread_func waiting on select thread>"
05-26 19:22:15.379   981 14010 I tftp_server: pid=981 tid=14010 tftp-server : INF :[tftp_server_utils.c, 113] file [readwrite/ota_firewall/ruleset] : [/vendor/rfs/msm/mpss/readwrite/ota_firewall/ruleset]
05-26 19:22:15.379   981 14010 I tftp_server: pid=981 tid=14010 tftp-server : INF :[tftp_server.c, 1202] OACK options : [7680, 200, 0, 10, 0, 0, 0, 0]
05-26 19:22:15.379   981 14010 I tftp_server: pid=981 tid=14010 tftp-server : INF :[tftp_os_la.c, 63] open : [-1] [-1] [384] [0] [/vendor/rfs/msm/mpss/readwrite/ota_firewall/ruleset]
05-26 19:22:15.379   981 14010 E tftp_server: pid=981 tid=14010 tftp-server : ERR :[tftp_os_la.c, 70] open failed: [2] [No such file or directory]
05-26 19:22:15.379   981 14010 E tftp_server: pid=981 tid=14010 tftp-server : ERR :[tftp_server.c, 1698] open failed : [-2] [Unknown error -2]
05-26 19:22:15.379   981 14010 E tftp_server: pid=981 tid=14010 tftp-server : ERR :[tftp_protocol.c, 1229] sending error-pkt. Code = 1, Msg = Err=2 String=No such file or directory
05-26 19:22:15.380  2328  2344 E Diag_Lib: [IMS_AP]"ims-rtp-daemon ims_rtp_qmi_handler_thread_func waiting on select thread>"
05-26 19:22:15.380  2328  2344 E Diag_Lib: [IMS_AP]"ims-rtp-daemon ims_rtp_qmi_handler_thread_func waiting on select thread>"
05-26 19:22:15.547 15197 15296 I MicroMsg.SimcardService: [, , 15296]:CheckMobileSIMType Timer
05-26 19:22:17.545 10658 10949 I NetworkServiceProxy: isMainCard: simInsert: [true true] mMainCard: 1
05-26 19:22:20.994   907   907 D ThermalHAL-TARGET: Entering get_temperatures
05-26 19:22:20.995   907   907 D ThermalHAL-TARGET: Entering get_temperatures
05-26 19:22:20.995   907   907 D ThermalHAL-UTIL: Entering get_temperature_for_all
05-26 19:22:20.995   907   907 D ThermalHAL-UTIL: Entering read_temperature
--------- beginning of system
05-26 19:22:15.172  1648  1648 I chatty  : uid=1000 system_server expire 2 lines
05-26 19:22:20.291  1648  1648 D OppoPowerMonitor: Receive broadcast android.intent.action.BATTERY_CHANGED
05-26 19:22:21.103  1648  1844 W Watchdog: !@WatchDog_29066
05-26 19:22:20.997   907   907 I chatty  : uid=1000(system) thermal@1.0-ser identical 12 lines
05-26 19:22:20.997   907   907 D ThermalHAL-UTIL: Entering read_temperature
05-26 19:22:22.079   980   980 I vendor.rmt_storage: rmt_storage_connect_cb: clnt_h=0x6de conn_h=0x7abba2c020
05-26 19:22:22.079   980   980 I vendor.rmt_storage: rmt_storage_rw_iovec_cb: /boot/modem_fs1: req_h=0x6de msg_id=3: R/W request received (wr_count 1748)
05-26 19:22:22.079   980   980 I vendor.rmt_storage: wakelock acquired: 1, error no: 11
05-26 19:22:22.080   980  1675 I vendor.rmt_storage: rmt_storage_client_thread: /boot/modem_fs1: Unblock worker thread (th_id: 527130672464)
05-26 19:22:22.111  3580  3580 D ColorViewRootUtil: nav gesture mode swipeFromBottom ignore false downY 835 mScreenHeight 2400 mScreenWidth 1080 mStatusBarHeight 54 globalScale 1.125 nav mode 3 event MotionEvent { action=ACTION_DOWN, actionButton=0, id[0]=0, x[0]=910.0, y[0]=835.0, toolType[0]=TOOL_TYPE_FINGER, buttonState=0, classification=NONE, metaState=0, flags=0x0, edgeFlags=0x0, pointerCount=1, historySize=0, eventTime=872064787, downTime=872064787, deviceId=4, source=0x1002, displayId=0 } rotation 0
05-26 19:22:22.112  3580  3580 D FlingAndToggleTouchController: canInterceptTouch: cameFromNavBar = false, mStartState = 0
05-26 19:22:22.115  3580  3580 D Launcher.TouchInteractionService: onEvent -> initialize mInputEventDispatcher
05-26 19:22:22.115  3580  3580 D Launcher.TouchInteractionService: onEvent -> dispatchEventIfNeed
05-26 19:22:22.115  3580  3580 D Launcher.TouchInteractionService: dispatchEventIfNeed -> start: 
05-26 19:22:22.115  3580  3580 D Launcher.SwipeSharedState: isStartingNewTask: 
05-26 19:22:22.115  3580  3580 D Launcher.SwipeSharedState: elapsedRealtime: 1267213574
05-26 19:22:22.115  3580  3580 D Launcher.SwipeSharedState: lastStartNewTaskTime: 0
05-26 19:22:22.115  3580  3580 D Launcher.TouchInteractionService: dispatchEventIfNeed -> setConsumer: 
05-26 19:22:22.115  3580  3580 D Launcher.TouchInteractionService: onInputEvent: mUncheckedConsumer = TYPE_NO_OP
05-26 19:22:22.117   980  1675 I vendor.rmt_storage: rmt_storage_client_thread: /boot/modem_fs1: req_h=0x6de msg_id=3: Bytes written = 2097152, wr_count 1748
05-26 19:22:22.117   980  1675 I vendor.rmt_storage: rmt_storage_client_thread: /boot/modem_fs1: req_h=0x6de msg_id=3: Send response: res=0 err=0, wr_count 1748
05-26 19:22:22.117   980  1675 I vendor.rmt_storage: rmt_storage_client_thread: /boot/modem_fs1: About to block rmt_storage client thread (th_id: 527130672464) wakelock released: 1, error no: 0
05-26 19:22:22.117   980  1675 I vendor.rmt_storage: 
05-26 19:22:22.120   980   980 I vendor.rmt_storage: rmt_storage_disconnect_cb: clnt_h=0x6de conn_h=0x7abba2c020
05-26 19:22:22.120  2328  2344 E Diag_Lib: [IMS_AP]"ims-rtp-daemon ims_rtp_qmi_handler_thread_func waiting on select thread>"
05-26 19:22:22.128  3580  3580 D Launcher.TouchInteractionService: onEvent -> dispatchEvent up
05-26 19:22:22.147  3580  3580 D Launcher.ItemClickHandler: onClick, tag = WorkspaceItemInfo(@c4bc1bdid=420 type=APP container=desktop screen=5 cell(3,2) span(1,1) minSpan(1,1) rank=0 user=UserHandle{0} title=云闪播 installStateType=-1 installSource=null component=ComponentInfo{com.championapp/com.championapp.MainActivity}, update=false, limit=false, runtime=0, status=0 intent=Intent { act=android.intent.action.MAIN cat=[android.intent.category.LAUNCHER] flg=0x10200000 cmp=com.championapp/.MainActivity bnds=[786,711][1032,1014] })
05-26 19:22:22.147  3580  3580 D Launcher.BaseDraggingActivity: startActivitySafely -- user: UserHandle{0}, isStartDeepProtectedApp = false
05-26 19:22:22.149  1648  4985 D CMAService: correctUserId2 userId=0
05-26 19:22:22.150  1648  4985 I ActivityTaskManager: START u0 {act=android.intent.action.MAIN cat=[android.intent.category.LAUNCHER] flg=0x10200000 cmp=com.championapp/.MainActivity bnds=[786,711][1032,1014] mCallingUid=10042} from uid 10042 and from pid 3580
05-26 19:22:22.156  1648  4985 I OppoActivityRecord: create OppoActivityRecord
05-26 19:22:22.160  1648  4985 I OppoActivityStack: create OppoActivityStack
05-26 19:22:22.166  1648  4985 D CompatibilityInfo: mCompatibilityFlags - 0
05-26 19:22:22.166  1648  4985 D CompatibilityInfo: applicationDensity - 480
05-26 19:22:22.166  1648  4985 D CompatibilityInfo: applicationScale - 1.0
05-26 19:22:22.166  1648  4985 V ColorZoomWindowManagerService: windowMode: 0=stack=ActivityStack{697f1ff stackId=1571 type=standard mode=fullscreen visible=true translucent=true, 1 tasks}
05-26 19:22:22.167  1648  4985 D ActivityTrigger: ActivityTrigger activityPauseTrigger 
05-26 19:22:22.169  1648  4985 D ScreenModeManager: getPreferredModeId w Window{9408c47 u0 com.coloros.assistantscreen} rate 1
05-26 19:22:22.169  1648  4985 D ScreenModeManager: getPreferredModeId w Window{9408c47 u0 com.coloros.assistantscreen} rate 1
05-26 19:22:22.169  1648  4985 E ScreenModeManager: updateGlobalModeId modeId 2 mCurrentModeId 2
05-26 19:22:22.171  3580  3580 D Launcher.Launcher: startActivitySafely -- success = true
05-26 19:22:22.171  3580  3580 D Launcher.LauncherStatistics: onEvent. event:open_app info:{has_badge=no, packageName=com.championapp}
05-26 19:22:22.171  3580  3580 D ColorViewRootUtil: nav gesture mode swipeFromBottom ignore false downY 825 mScreenHeight 2400 mScreenWidth 1080 mStatusBarHeight 54 globalScale 1.125 nav mode 3 event MotionEvent { action=ACTION_DOWN, actionButton=0, id[0]=0, x[0]=886.0, y[0]=825.0, toolType[0]=TOOL_TYPE_FINGER, buttonState=0, classification=NONE, metaState=0, flags=0x0, edgeFlags=0x0, pointerCount=1, historySize=0, eventTime=872064851, downTime=872064851, deviceId=4, source=0x1002, displayId=0 } rotation 0
05-26 19:22:22.171  3580  3580 D FlingAndToggleTouchController: canInterceptTouch: cameFromNavBar = false, mStartState = 0
05-26 19:22:22.172  3580  3580 D Launcher.TouchInteractionService: onEvent -> initialize mInputEventDispatcher
05-26 19:22:22.172  3580  3580 D Launcher.TouchInteractionService: onEvent -> dispatchEventIfNeed
05-26 19:22:22.172  3580  3580 D Launcher.TouchInteractionService: dispatchEventIfNeed -> start: 
05-26 19:22:22.172  3580  3580 D Launcher.SwipeSharedState: isStartingNewTask: 
05-26 19:22:22.172  3580  3580 D Launcher.SwipeSharedState: elapsedRealtime: 1267213631
05-26 19:22:22.172  3580  3580 D Launcher.SwipeSharedState: lastStartNewTaskTime: 0
05-26 19:22:22.172  3580  3580 D Launcher.TouchInteractionService: dispatchEventIfNeed -> setConsumer: 
05-26 19:22:22.172  3580  3580 D Launcher.TouchInteractionService: onInputEvent: mUncheckedConsumer = TYPE_NO_OP
05-26 19:22:22.173  3580  3580 D Launcher.OLauncher: onPause, loadingfalse
05-26 19:22:22.173  3580  3580 D Launcher.GuidePageManager: onPause!
05-26 19:22:22.173  3580  3580 D Launcher.DragController: endDrag -- isDragging = false
05-26 19:22:22.173  3580  3580 D Launcher.LauncherClient: LauncherCallbacksImp.onPause, mOverlay:true, mClient:true, assistShowing:false
05-26 19:22:22.173  3580  3580 I Launcher.LauncherClient: LauncherClient.onPause, mDestroyed:false, mAssistScreenShowing:false, overlay connected:true, layoutParams:false
05-26 19:22:22.173  3580 13953 D Launcher.OLauncher: updateFancyIcons: op: 2
05-26 19:22:22.173  9920  9920 I AstScreen.AssistantWindowService: message what = 9
05-26 19:22:22.175  1648  2998 I MotorManagerService: notifyActivityChanged: mBackgroudPkg = com.oppo.launcher mFocusPkg = com.championapp mIsSplitMode = false mBackActivity = com.oppo.launcher.Launcher mFocusActivity = com.championapp.MainActivity
05-26 19:22:22.175  1648  1648 V SettingsProvider: Notifying for 0: content://settings/secure/reminder_exp_learning_time_elapsed
05-26 19:22:22.176  1648  3006 D ScreenModeManager: getPreferredModeId w Window{9408c47 u0 com.coloros.assistantscreen} rate 1
05-26 19:22:22.176  1648  3006 D ScreenModeManager: getPreferredModeId w Window{9408c47 u0 com.coloros.assistantscreen} rate 1
05-26 19:22:22.176  1648  3006 E ScreenModeManager: updateGlobalModeId modeId 2 mCurrentModeId 2
05-26 19:22:22.214   803   803 D Zygote  : Forked child process 14022
05-26 19:22:22.216  1648  1886 I ActivityManager: Start proc 14022:com.championapp/u0a445 for activity {com.championapp/com.championapp.MainActivity}
05-26 19:22:22.221 14022 14022 E com.championap: Not starting debugger since process cannot load the jdwp agent.
05-26 19:22:22.229  1648  3452 D CompatibilityInfo: mCompatibilityFlags - 0
05-26 19:22:22.229  1648  3452 D CompatibilityInfo: applicationDensity - 480
05-26 19:22:22.229  1648  3452 D CompatibilityInfo: applicationScale - 1.0
05-26 19:22:22.232  1648  3452 D ScreenModeManager: getPreferredModeId w Window{9408c47 u0 com.coloros.assistantscreen} rate 1
05-26 19:22:22.232  1648  3452 D ScreenModeManager: getPreferredModeId w Window{9408c47 u0 com.coloros.assistantscreen} rate 1
05-26 19:22:22.233  1648  3452 E ScreenModeManager: updateGlobalModeId modeId 2 mCurrentModeId 2
05-26 19:22:22.233  1648  3452 D CompatibilityInfo: mCompatibilityFlags - 0
05-26 19:22:22.233  1648  3452 D CompatibilityInfo: applicationDensity - 480
05-26 19:22:22.233  1648  3452 D CompatibilityInfo: applicationScale - 1.0
05-26 19:22:22.235  1648  3452 I ColorAppSwitchManagerService: appswitch hasProcess ActivityRecord{35715a0 u0 com.championapp/.MainActivity t22986}
05-26 19:22:22.235  4682  4730 E hypnusd : Start to Statistics pkg information
05-26 19:22:22.235  4682  4730 E hypnusd : Prev pkg com.oppo.launcher 
05-26 19:22:22.235  1648  3452 I ColorAppSwitchManagerService: appswitch hasProcess ActivityRecord{35715a0 u0 com.championapp/.MainActivity t22986}
05-26 19:22:22.236  1648  3452 I ColorZoomWindowDebugConfig: disableDebugLifeCycle before: DEBUG_LIFE_CYCLE = false
05-26 19:22:22.236  1648  3452 I ColorZoomWindowDebugConfig: disableDebugLifeCycle after: DEBUG_LIFE_CYCLE = false
05-26 19:22:22.236  1648  3452 W ColorAccessControlManagerService: notifyZoomWindowExit: stack=ActivityStack{697f1ff stackId=1571 type=standard mode=fullscreen visible=true translucent=false, 1 tasks}  windowMode=1  topActivity=ActivityRecord{35715a0 u0 com.championapp/.MainActivity t22986}  toFullScreen = true
05-26 19:22:22.236  1648  3452 V ColorZoomWindowManagerService: notifyZoomWindowHide: 
05-26 19:22:22.236 13011 13665 D ZoomAppController: ZoomAppPresenter onZoomWindowHide, info = ColorZoomWindowInfo = {  pName =  rotation = 0 shown = false lockPkg =  zoomRect = Rect(108, 432 - 972, 1968) lockUserId = 0 zoomUserId = 0 inputShow = false cpnName = null lastExitMethod = 6 inputMethodType = 0 extension = Bundle[EMPTY_PARCEL]}
05-26 19:22:22.237 13136 28654 D ZoomAppController: controlview delete 
05-26 19:22:22.238 10658 10857 D KeyguardService: requestKeyguard FocusedAppChanged
05-26 19:22:22.236  1648  3452 V ColorZoomWindowManagerService: notifyZoomWindowHide: 
05-26 19:22:22.238  1648  3452 V WindowManager: Changing focus from Window{c27c41d u0 com.oppo.launcher/com.oppo.launcher.Launcher} to null
05-26 19:22:22.239 10712 10780 I DCS-BackgroundAppData: sendAppBgEvent: has no pkgName=com.championapp
05-26 19:22:22.239  1648  3655 I ColorHansManager : ColorHansManager : resume pkg: com.championapp, uid:10445, prev pkg: com.oppo.launcher, prev uid: 10042
05-26 19:22:22.241  1648  3452 D ScreenModeManager: setScreenFlushModeLocked token:AppWindowToken{4d6351e token=Token{e6b2559 ActivityRecord{35715a0 u0 com.championapp/.MainActivity t22986}}} mActivityName:com.championapp/.MainActivity mPackageName:com.championapp spec:ScreenModeSpec: FULLSPEED 1caller:com.android.server.wm.WindowManagerService.setScreenFlushMode:8910 com.android.server.wm.ActivityTaskManagerService.setResumedActivityUncheckLocked:5805 com.android.server.wm.ActivityStack.onActivityStateChanged:634 com.android.server.wm.TaskRecord.onActivityStateChanged:1966 com.android.server.wm.ActivityRecord.setState:1983 
05-26 19:22:22.241  1648  3452 D ScreenModeManager: sequenece not equal need update system:3 app:1
05-26 19:22:22.241  1648  3452 I ScreenModeManager: post to setScreenFlushModeLocked for AppWindowToken{4d6351e token=Token{e6b2559 ActivityRecord{35715a0 u0 com.championapp/.MainActivity t22986}}} to mode=1 package com.championapp activity com.championapp/.MainActivity
05-26 19:22:22.242  1648  3452 W ActivityTaskManager: Request to remove task ignored for non-existent task 22985
05-26 19:22:22.243  1648  1839 D OppoOomAjusterHelper: TOP_APP is ProcessRecord{45e864 14022:com.championapp/u0a445} uid is 10445
05-26 19:22:22.244  4682  4737 E horae   : setForegroundPackage, mChargingStateMachine is null!
05-26 19:22:22.251 14022 14022 E libc    : Access denied finding property "persist.sys.theme"
05-26 19:22:22.254  1648  1839 D ScreenModeManager: updateRefreshRate mCurrentMode=1 modeId 2
05-26 19:22:22.283 14022 14022 I Perf    : Connecting to perf service.
05-26 19:22:22.312 14022 14022 D SoLoader: init start
05-26 19:22:22.312 14022 14022 D SoLoader: adding system library source: /vendor/lib
05-26 19:22:22.312 14022 14022 D SoLoader: adding system library source: /system/lib
05-26 19:22:22.313 14022 14022 D SoLoader: adding application source: com.facebook.soloader.DirectorySoSource[root = /data/app/com.championapp-rCMq2m1q_r1kfFMDskljiw==/lib/arm64 flags = 0]
05-26 19:22:22.313 14022 14022 D SoLoader: adding backup source from : com.facebook.soloader.ApkSoSource[root = /data/data/com.championapp/lib-main flags = 1]
05-26 19:22:22.313 14022 14022 D SoLoader: Preparing SO source: com.facebook.soloader.DirectorySoSource[root = /system/lib flags = 2]
05-26 19:22:22.313 14022 14022 D SoLoader: Preparing SO source: com.facebook.soloader.DirectorySoSource[root = /vendor/lib flags = 2]
05-26 19:22:22.313 14022 14022 D SoLoader: Preparing SO source: com.facebook.soloader.DirectorySoSource[root = /data/app/com.championapp-rCMq2m1q_r1kfFMDskljiw==/lib/arm64 flags = 0]
05-26 19:22:22.313 14022 14022 D SoLoader: Preparing SO source: com.facebook.soloader.ApkSoSource[root = /data/data/com.championapp/lib-main flags = 1]
05-26 19:22:22.315 14022 14022 V fb-UnpackingSoSource: locked dso store /data/user/0/com.championapp/lib-main
05-26 19:22:22.317 14022 14022 I fb-UnpackingSoSource: dso store is up-to-date: /data/user/0/com.championapp/lib-main
05-26 19:22:22.317 14022 14022 V fb-UnpackingSoSource: releasing dso store lock for /data/user/0/com.championapp/lib-main
05-26 19:22:22.317 14022 14022 D SoLoader: init finish: 4 SO sources prepared
05-26 19:22:22.317 14022 14022 D SoLoader: init exiting
05-26 19:22:22.318   542   542 I hwservicemanager: getTransport: Cannot find entry vendor.qti.hardware.iop@2.0::IIop/default in either framework or device manifest.
05-26 19:22:22.318  1376  1451 E ANDR-IOP: IIop:: Iop HAL Service is not available.
05-26 19:22:22.327  5253 11513 W CursorWindow: Window is full: requested allocation 72 bytes, free space 68 bytes, window size 2097152 bytes
05-26 19:22:22.345  1648  1841 D OppoPhoneWindowManager: handleStartingWindow spend time =: 1
05-26 19:22:22.345  1648  1841 E system_server: Invalid ID 0x00000000.
05-26 19:22:22.348  1648  1841 D WindowManager: Add to mViews: DecorView@263294[championapp], this = android.view.WindowManagerGlobal@fef3847,pkg= com.championapp
05-26 19:22:22.348  1648  1841 D OppoDisplayPolicy: com.championapp, no change cutoutMode: 0
05-26 19:22:22.353  1648  1841 D ScreenModeManager: getPreferredModeId w Window{9408c47 u0 com.coloros.assistantscreen} rate 1
05-26 19:22:22.353  1648  1841 D ScreenModeManager: getPreferredModeId w Window{9408c47 u0 com.coloros.assistantscreen} rate 1
05-26 19:22:22.353  1648  1841 E ScreenModeManager: updateGlobalModeId modeId 2 mCurrentModeId 2
05-26 19:22:22.362  1648  1841 D ScreenModeManager: getPreferredModeId w Window{9408c47 u0 com.coloros.assistantscreen} rate 1
05-26 19:22:22.362  1648  1841 D ScreenModeManager: getPreferredModeId w Window{9408c47 u0 com.coloros.assistantscreen} rate 1
05-26 19:22:22.363  1648  1841 E ScreenModeManager: updateGlobalModeId modeId 2 mCurrentModeId 2
05-26 19:22:22.361  1648  1841 D OppoDisplayPolicy: com.championapp, no change cutoutMode: 0
05-26 19:22:22.363 14022 14042 E Perf    : Fail to get file list com.championapp
05-26 19:22:22.363 14022 14042 E Perf    : getFolderSize() : Exception_1 = java.lang.NullPointerException: Attempt to get length of null array
05-26 19:22:22.364  1031  1130 D DispPerfService: get proc=Splash Screen com.championapp#0 none
05-26 19:22:22.368  3580  3580 D Launcher.TouchInteractionService: onEvent -> dispatchEvent up
05-26 19:22:22.369 14022 14042 E Perf    : Fail to get file list oat
05-26 19:22:22.369 14022 14042 E Perf    : getFolderSize() : Exception_1 = java.lang.NullPointerException: Attempt to get length of null array
05-26 19:22:22.395 14022 14022 D WindowManager: Add to mViews: DecorView@975ff0d[MainActivity], this = android.view.WindowManagerGlobal@c01bec2,pkg= com.championapp
05-26 19:22:22.399  1031  1130 D DispPerfService: onframeavailable pid=1648, slot=0, seq=184084, ret=0, name=system_server:Splash Screen com.championapp#0
05-26 19:22:22.403  1648  2539 D OppoDisplayPolicy: com.championapp, no change cutoutMode: 0
05-26 19:22:22.406  1648  2539 V WindowManager: Changing focus from null to Window{50ed6fb u0 com.championapp/com.championapp.MainActivity}
05-26 19:22:22.409  1648  1841 D ScreenModeManager: getPreferredModeId w Window{9408c47 u0 com.coloros.assistantscreen} rate 1
05-26 19:22:22.409  1648  1841 D ScreenModeManager: getPreferredModeId w Window{9408c47 u0 com.coloros.assistantscreen} rate 1
05-26 19:22:22.410  1648  1841 E ScreenModeManager: updateGlobalModeId modeId 2 mCurrentModeId 2
05-26 19:22:22.413 14022 14022 D SoLoader: About to load: libjscexecutor.so
05-26 19:22:22.413 14022 14022 D SoLoader: libjscexecutor.so not found on /data/data/com.championapp/lib-main
05-26 19:22:22.413 14022 14022 D SoLoader: libjscexecutor.so found on /data/app/com.championapp-rCMq2m1q_r1kfFMDskljiw==/lib/arm64
05-26 19:22:22.413 14022 14022 D SoLoader: Not resolving dependencies for libjscexecutor.so
05-26 19:22:22.417  1648  1841 D ScreenModeManager: getPreferredModeId w Window{79bdd32 u0 Splash Screen com.championapp} rate 1
05-26 19:22:22.417  1648  1841 D ScreenModeManager: getPreferredModeId w Window{79bdd32 u0 Splash Screen com.championapp} rate 1
05-26 19:22:22.417  1648  1841 E ScreenModeManager: updateGlobalModeId modeId 2 mCurrentModeId 2
05-26 19:22:22.419  1648  5389 D OppoDisplayPolicy: com.android.systemui, change system app cutoutMode: color always
05-26 19:22:22.420  1648  5389 D ScreenModeManager: getPreferredModeId w Window{79bdd32 u0 Splash Screen com.championapp} rate 1
05-26 19:22:22.420  1648  5389 D ScreenModeManager: getPreferredModeId w Window{79bdd32 u0 Splash Screen com.championapp} rate 1
05-26 19:22:22.420  1648  5389 E ScreenModeManager: updateGlobalModeId modeId 2 mCurrentModeId 2
05-26 19:22:22.423  3580  3580 D Launcher.RectFSpringAnim: mStartRect = RectF(834.0, 738.0, 984.0, 888.0), mTargetRect = RectF(0.0, 0.0, 1080.0, 2400.0)
05-26 19:22:22.423  3580  3580 D Launcher.ColorRectFSpringAnim: App open & exit animation, startRect = RectF(834.0, 738.0, 984.0, 888.0), targetRect = RectF(0.0, 0.0, 1080.0, 2400.0), animation speed = 1, sDurationScale1.0
05-26 19:22:22.424  3580  3719 D Launcher.TouchInteractionService: onActiveNavBarRegionChanges: region = SkRegion()
05-26 19:22:22.431  1648  4985 D OppoDisplayPolicy: com.android.systemui, change system app cutoutMode: color always
05-26 19:22:22.432  1648  4985 D ScreenModeManager: getPreferredModeId w Window{79bdd32 u0 Splash Screen com.championapp} rate 1
05-26 19:22:22.432  1648  4985 D ScreenModeManager: getPreferredModeId w Window{79bdd32 u0 Splash Screen com.championapp} rate 1
05-26 19:22:22.433  1648  4985 E ScreenModeManager: updateGlobalModeId modeId 2 mCurrentModeId 2
05-26 19:22:22.436  3580  3719 D Launcher.TouchInteractionService: onActiveNavBarRegionChanges: region = SkRegion()
05-26 19:22:22.450 14022 14022 D JavaScriptCore.Version: 245459.0.0
05-26 19:22:22.450 14022 14022 D SoLoader: Loaded: libjscexecutor.so
05-26 19:22:22.451 14022 14022 D ReactNative: ReactInstanceManager.ctor()
05-26 19:22:22.451 14022 14022 D SoLoader: init exiting
05-26 19:22:22.452 14022 14022 D ReactNative: ReactInstanceManager.createReactContextInBackground()
05-26 19:22:22.452 14022 14022 D ReactNative: ReactInstanceManager.recreateReactContextInBackgroundInner()
05-26 19:22:22.452 14022 14022 D ReactNative: ReactInstanceManager.recreateReactContextInBackgroundFromBundleLoader()
05-26 19:22:22.452 14022 14022 D ReactNative: ReactInstanceManager.recreateReactContextInBackground()
05-26 19:22:22.452 14022 14022 D ReactNative: ReactInstanceManager.runCreateReactContextOnNewThread()
05-26 19:22:22.453 14022 14047 D SoLoader: About to load: libreactnativejni.so
05-26 19:22:22.453 14022 14047 D SoLoader: libreactnativejni.so not found on /data/data/com.championapp/lib-main
05-26 19:22:22.453 14022 14047 D SoLoader: libreactnativejni.so found on /data/app/com.championapp-rCMq2m1q_r1kfFMDskljiw==/lib/arm64
05-26 19:22:22.453 14022 14047 D SoLoader: Not resolving dependencies for libreactnativejni.so
05-26 19:22:22.455 14022 14047 D SoLoader: Loaded: libreactnativejni.so
05-26 19:22:22.455 14022 14047 D SoLoader: About to load: libfb.so
05-26 19:22:22.455 14022 14047 D SoLoader: libfb.so not found on /data/data/com.championapp/lib-main
05-26 19:22:22.455 14022 14047 D SoLoader: libfb.so found on /data/app/com.championapp-rCMq2m1q_r1kfFMDskljiw==/lib/arm64
05-26 19:22:22.455 14022 14047 D SoLoader: Not resolving dependencies for libfb.so
05-26 19:22:22.456 14022 14047 D SoLoader: About to load: libfb.so
05-26 19:22:22.456 14022 14047 D SoLoader: libfb.so not found on /data/data/com.championapp/lib-main
05-26 19:22:22.456 14022 14047 D SoLoader: libfb.so found on /data/app/com.championapp-rCMq2m1q_r1kfFMDskljiw==/lib/arm64
05-26 19:22:22.456 14022 14047 D SoLoader: Not resolving dependencies for libfb.so
05-26 19:22:22.458 14022 14047 I com.championap: Thread[15,tid=14047,Native,Thread*=0x7104923000,peer=0x177e9020,"create_react_context"] recursive attempt to load library "/data/app/com.championapp-rCMq2m1q_r1kfFMDskljiw==/lib/arm64/libfb.so"
05-26 19:22:22.458 14022 14047 D SoLoader: Loaded: libfb.so
05-26 19:22:22.459 14022 14047 D SoLoader: Loaded: libfb.so
05-26 19:22:22.459 14022 14047 D ReactNative: ReactInstanceManager.createReactContext()
05-26 19:22:22.465 14022 14047 D InstallReferrerState: FEATURE_NOT_SUPPORTED
05-26 19:22:22.466 14022 14022 D WindowManager: Add to mViews: DecorView@6201b1[MainActivity], this = android.view.WindowManagerGlobal@c01bec2,pkg= com.championapp
05-26 19:22:22.469  1648  4985 D OppoDisplayPolicy: com.championapp, no change cutoutMode: 0
05-26 19:22:22.470 14022 14047 D NetworkSecurityConfig: No Network Security Config specified, using platform default
05-26 19:22:22.473 14022 14022 I Choreographer: Skipped 3 frames!  The application may be doing too much work on its main thread.
05-26 19:22:22.474  1648  2539 D OppoDisplayPolicy: com.championapp, no change cutoutMode: 0
05-26 19:22:22.477  1648  2539 D ScreenModeManager: getPreferredModeId w Window{79bdd32 u0 Splash Screen com.championapp} rate 1
05-26 19:22:22.477  1648  2539 D ScreenModeManager: getPreferredModeId w Window{79bdd32 u0 Splash Screen com.championapp} rate 1
05-26 19:22:22.479  1648  2539 E ScreenModeManager: updateGlobalModeId modeId 2 mCurrentModeId 2
05-26 19:22:22.483  1031  1954 D DispPerfService: get proc=com.championapp/com.championapp.MainActivity#0 none
05-26 19:22:22.503 14022 14043 I AdrenoGLES: QUALCOMM build                   : fcc7d63, I6b4f1e501f
05-26 19:22:22.503 14022 14043 I AdrenoGLES: Build Date                       : 11/02/19
05-26 19:22:22.503 14022 14043 I AdrenoGLES: OpenGL ES Shader Compiler Version: EV031.27.05.02
05-26 19:22:22.503 14022 14043 I AdrenoGLES: Local Branch                     : 
05-26 19:22:22.503 14022 14043 I AdrenoGLES: Remote Branch                    : quic/gfx-adreno.lnx.1.0.r74-rel
05-26 19:22:22.503 14022 14043 I AdrenoGLES: Remote Branch                    : NONE
05-26 19:22:22.503 14022 14043 I AdrenoGLES: Reconstruct Branch               : NOTHING
05-26 19:22:22.503 14022 14043 I AdrenoGLES: Build Config                     : S P 8.0.12 AArch64
05-26 19:22:22.508 14022 14047 D ReactNative: Initializing React Xplat Bridge.
05-26 19:22:22.513 14022 14047 D ReactNative: Initializing React Xplat Bridge before initializeBridge
05-26 19:22:22.514 14022 14043 I AdrenoGLES: PFP: 0x016ee187, ME: 0x00000000
05-26 19:22:22.514   804   804 D Zygote  : Forked child process 14055
05-26 19:22:22.515  1648  1886 I ActivityManager: Start proc 14055:com.coloros.digitalwellbeing/u0a134 for content provider {com.coloros.digitalwellbeing/com.coloros.digitalwellbeing.model.database.WellBeingProvider}
05-26 19:22:22.525 14055 14055 W igitalwellbein: Using default instruction set features for ARM CPU variant (cortex-a9) using conservative defaults
05-26 19:22:22.527 14022 14043 W AdrenoUtils: <ReadGpuID_from_sysfs:194>: Failed to open /sys/class/kgsl/kgsl-3d0/gpu_model
05-26 19:22:22.527 14022 14043 W AdrenoUtils: <ReadGpuID:218>: Failed to read chip ID from gpu_model. Fallback to use the GSL path
05-26 19:22:22.528 14055 14055 E igitalwellbein: Not starting debugger since process cannot load the jdwp agent.
05-26 19:22:22.532 14022 14047 D ReactNative: Initializing React Xplat Bridge after initializeBridge
05-26 19:22:22.533 14022 14047 D ReactNative: CatalystInstanceImpl.runJSBundle()
05-26 19:22:22.540  1648  3452 D CompatibilityInfo: mCompatibilityFlags - 0
05-26 19:22:22.540  1648  3452 D CompatibilityInfo: applicationDensity - 480
05-26 19:22:22.540  1648  3452 D CompatibilityInfo: applicationScale - 1.0
05-26 19:22:22.558 14055 14055 E libc    : Access denied finding property "persist.sys.theme"
05-26 19:22:22.561 14055 14055 I igitalwellbein: The ClassLoaderContext is a special shared library.
05-26 19:22:22.562 14022 14054 D ReactNative: ReactInstanceManager.setupReactContext()
05-26 19:22:22.562 14022 14054 D ReactNative: CatalystInstanceImpl.initialize()
05-26 19:22:22.562 14022 14054 D ReactNative: ReactInstanceManager.attachRootViewToInstance()
05-26 19:22:22.573 14022 14054 W unknown:ViewManagerPropertyUpdater: Could not find generated setter for class com.facebook.react.views.art.ARTGroupViewManager
05-26 19:22:22.573   542   542 I hwservicemanager: getTransport: Cannot find entry android.hardware.graphics.mapper@3.0::IMapper/default in either framework or device manifest.
05-26 19:22:22.573 14022 14043 W Gralloc3: mapper 3.x is not supported
05-26 19:22:22.574 14022 14054 W unknown:ViewManagerPropertyUpdater: Could not find generated setter for class com.facebook.react.views.art.ARTGroupShadowNode
05-26 19:22:22.575 14022 14054 W unknown:ViewManagerPropertyUpdater: Could not find generated setter for class com.facebook.react.views.art.ARTShapeViewManager
05-26 19:22:22.576 14022 14054 W unknown:ViewManagerPropertyUpdater: Could not find generated setter for class com.facebook.react.views.art.ARTShapeShadowNode
05-26 19:22:22.579 14022 14054 W unknown:ViewManagerPropertyUpdater: Could not find generated setter for class com.facebook.react.views.art.ARTTextViewManager
05-26 19:22:22.579 14022 14054 W unknown:ViewManagerPropertyUpdater: Could not find generated setter for class com.facebook.react.views.art.ARTTextShadowNode
05-26 19:22:22.579 14022 14054 W unknown:ViewManagerPropertyUpdater: Could not find generated setter for class com.facebook.react.views.checkbox.ReactCheckBoxManager
05-26 19:22:22.581 14022 14054 W unknown:ViewManagerPropertyUpdater: Could not find generated setter for class com.facebook.react.uimanager.LayoutShadowNode
05-26 19:22:22.582 14022 14054 W unknown:ViewManagerPropertyUpdater: Could not find generated setter for class com.facebook.react.views.picker.ReactDialogPickerManager
05-26 19:22:22.584 14022 14054 W unknown:ViewManagerPropertyUpdater: Could not find generated setter for class com.facebook.react.views.drawer.ReactDrawerLayoutManager
05-26 19:22:22.585 14022 14054 W unknown:ViewManagerPropertyUpdater: Could not find generated setter for class com.facebook.react.views.picker.ReactDropdownPickerManager
05-26 19:22:22.585 14022 14054 W unknown:ViewManagerPropertyUpdater: Could not find generated setter for class com.facebook.react.views.scroll.ReactHorizontalScrollViewManager
05-26 19:22:22.586 14022 14054 W unknown:ViewManagerPropertyUpdater: Could not find generated setter for class com.facebook.react.views.scroll.ReactHorizontalScrollContainerViewManager
05-26 19:22:22.587 14022 14054 W unknown:ViewManagerPropertyUpdater: Could not find generated setter for class com.facebook.react.views.progressbar.ReactProgressBarViewManager
05-26 19:22:22.588 14022 14054 W unknown:ViewManagerPropertyUpdater: Could not find generated setter for class com.facebook.react.views.progressbar.ProgressBarShadowNode
05-26 19:22:22.588 14022 14054 W unknown:ViewManagerPropertyUpdater: Could not find generated setter for class com.facebook.react.views.scroll.ReactScrollViewManager
05-26 19:22:22.590 14022 14054 W unknown:ViewManagerPropertyUpdater: Could not find generated setter for class com.facebook.react.views.slider.ReactSliderManager
05-26 19:22:22.591 14022 14054 W unknown:ViewManagerPropertyUpdater: Could not find generated setter for class com.facebook.react.views.slider.ReactSliderManager$ReactSliderShadowNode
05-26 19:22:22.591 14022 14054 W unknown:ViewManagerPropertyUpdater: Could not find generated setter for class com.facebook.react.views.switchview.ReactSwitchManager
05-26 19:22:22.592 14022 14054 W unknown:ViewManagerPropertyUpdater: Could not find generated setter for class com.facebook.react.views.switchview.ReactSwitchManager$ReactSwitchShadowNode
05-26 19:22:22.592 14022 14054 W unknown:ViewManagerPropertyUpdater: Could not find generated setter for class com.facebook.react.views.swiperefresh.SwipeRefreshLayoutManager
05-26 19:22:22.593 14022 14054 W unknown:ViewManagerPropertyUpdater: Could not find generated setter for class com.facebook.react.views.art.ARTSurfaceViewManager
05-26 19:22:22.594 14022 14054 W unknown:ViewManagerPropertyUpdater: Could not find generated setter for class com.facebook.react.views.art.ARTSurfaceViewShadowNode
05-26 19:22:22.594 14022 14054 W unknown:ViewManagerPropertyUpdater: Could not find generated setter for class com.facebook.react.views.text.frescosupport.FrescoBasedReactTextInlineImageViewManager
05-26 19:22:22.594 14022 14054 W unknown:ViewManagerPropertyUpdater: Could not find generated setter for class com.facebook.react.views.text.frescosupport.FrescoBasedReactTextInlineImageShadowNode
05-26 19:22:22.594 14055 14055 I Perf    : Connecting to perf service.
05-26 19:22:22.595 14022 14054 W unknown:ViewManagerPropertyUpdater: Could not find generated setter for class com.facebook.react.views.image.ReactImageManager
05-26 19:22:22.596 14022 14054 W unknown:ViewManagerPropertyUpdater: Could not find generated setter for class com.facebook.react.views.modal.ReactModalHostManager
05-26 19:22:22.598 14022 14054 W unknown:ViewManagerPropertyUpdater: Could not find generated setter for class com.facebook.react.views.modal.ModalHostShadowNode
05-26 19:22:22.598 14022 14054 W unknown:ViewManagerPropertyUpdater: Could not find generated setter for class com.facebook.react.views.text.ReactRawTextManager
05-26 19:22:22.600 14022 14054 W unknown:ViewManagerPropertyUpdater: Could not find generated setter for class com.facebook.react.views.text.ReactRawTextShadowNode
05-26 19:22:22.601 14022 14054 W unknown:ViewManagerPropertyUpdater: Could not find generated setter for class com.facebook.react.views.textinput.ReactTextInputManager
05-26 19:22:22.603 14022 14054 W unknown:ViewManagerPropertyUpdater: Could not find generated setter for class com.facebook.react.views.textinput.ReactTextInputShadowNode
05-26 19:22:22.604 14022 14054 W unknown:ViewManagerPropertyUpdater: Could not find generated setter for class com.facebook.react.views.text.ReactTextViewManager
05-26 19:22:22.604  1031  1814 D DispPerfService: onframeavailable pid=14022, slot=0, seq=184089, ret=0, name=com.championapp:com.championapp/com.championapp.MainActivity#0
05-26 19:22:22.604 14022 14054 W unknown:ViewManagerPropertyUpdater: Could not find generated setter for class com.facebook.react.views.text.ReactTextShadowNode
05-26 19:22:22.605 14022 14054 W unknown:ViewManagerPropertyUpdater: Could not find generated setter for class com.facebook.react.views.view.ReactViewManager
05-26 19:22:22.606 14022 14054 W unknown:ViewManagerPropertyUpdater: Could not find generated setter for class com.facebook.react.views.viewpager.ReactViewPagerManager
05-26 19:22:22.607 14022 14054 W unknown:ViewManagerPropertyUpdater: Could not find generated setter for class com.facebook.react.views.text.ReactVirtualTextViewManager
05-26 19:22:22.608 14022 14054 W unknown:ViewManagerPropertyUpdater: Could not find generated setter for class com.facebook.react.views.text.ReactVirtualTextShadowNode
05-26 19:22:22.608 14022 14054 W unknown:ViewManagerPropertyUpdater: Could not find generated setter for class org.reactnative.maskedview.RNCMaskedViewManager
05-26 19:22:22.608 14022 14054 W unknown:ViewManagerPropertyUpdater: Could not find generated setter for class com.reactnativecommunity.viewpager.ReactViewPagerManager
05-26 19:22:22.609 14022 14054 W unknown:ViewManagerPropertyUpdater: Could not find generated setter for class com.qiniu.pili.droid.rnpili.PLStreamingViewManager
05-26 19:22:22.611 14022 14054 W unknown:ViewManagerPropertyUpdater: Could not find generated setter for class com.swmansion.gesturehandler.react.RNGestureHandlerRootViewManager
05-26 19:22:22.612 14055 14055 I WellBeingProvider: onCreate()
05-26 19:22:22.612 14022 14054 W unknown:ViewManagerPropertyUpdater: Could not find generated setter for class com.swmansion.gesturehandler.react.RNGestureHandlerButtonViewManager
05-26 19:22:22.612 14022 14054 W unknown:ViewManagerPropertyUpdater: Could not find generated setter for class cn.nodemedia.react_native_nodemediaclient.NodePlayerViewManager
05-26 19:22:22.613 14022 14054 W unknown:ViewManagerPropertyUpdater: Could not find generated setter for class cn.nodemedia.react_native_nodemediaclient.NodeCameraViewManager
05-26 19:22:22.614 14022 14054 W unknown:ViewManagerPropertyUpdater: Could not find generated setter for class com.th3rdwave.safeareacontext.SafeAreaViewManager
05-26 19:22:22.615 14022 14054 W unknown:ViewManagerPropertyUpdater: Could not find generated setter for class com.swmansion.rnscreens.ScreenContainerViewManager
05-26 19:22:22.615 14022 14054 W unknown:ViewManagerPropertyUpdater: Could not find generated setter for class com.swmansion.rnscreens.ScreenViewManager
05-26 19:22:22.616 14022 14054 W unknown:ViewManagerPropertyUpdater: Could not find generated setter for class com.swmansion.rnscreens.ScreenStackViewManager
05-26 19:22:22.616   542   542 I hwservicemanager: getTransport: Cannot find entry vendor.qti.hardware.iop@2.0::IIop/default in either framework or device manifest.
05-26 19:22:22.616  1376  1451 E ANDR-IOP: IIop:: Iop HAL Service is not available.
05-26 19:22:22.617 14022 14054 W unknown:ViewManagerPropertyUpdater: Could not find generated setter for class com.swmansion.rnscreens.ScreenStackHeaderConfigViewManager
05-26 19:22:22.617 14022 14054 W unknown:ViewManagerPropertyUpdater: Could not find generated setter for class com.swmansion.rnscreens.ScreenStackHeaderSubviewManager
05-26 19:22:22.618 14022 14054 W unknown:ViewManagerPropertyUpdater: Could not find generated setter for class com.horcrux.svg.RenderableViewManager$GroupViewManager
05-26 19:22:22.620 14022 14054 W unknown:ViewManagerPropertyUpdater: Could not find generated setter for class com.horcrux.svg.RenderableViewManager$RenderableShadowNode
05-26 19:22:22.620 14022 14054 W unknown:ViewManagerPropertyUpdater: Could not find generated setter for class com.horcrux.svg.RenderableViewManager$PathViewManager
05-26 19:22:22.621 14022 14054 W unknown:ViewManagerPropertyUpdater: Could not find generated setter for class com.horcrux.svg.RenderableViewManager$CircleViewManager
05-26 19:22:22.621 14022 14054 W unknown:ViewManagerPropertyUpdater: Could not find generated setter for class com.horcrux.svg.RenderableViewManager$EllipseViewManager
05-26 19:22:22.622 14022 14054 W unknown:ViewManagerPropertyUpdater: Could not find generated setter for class com.horcrux.svg.RenderableViewManager$LineViewManager
05-26 19:22:22.622 14022 14054 W unknown:ViewManagerPropertyUpdater: Could not find generated setter for class com.horcrux.svg.RenderableViewManager$RectViewManager
05-26 19:22:22.623 14022 14054 W unknown:ViewManagerPropertyUpdater: Could not find generated setter for class com.horcrux.svg.RenderableViewManager$TextViewManager
05-26 19:22:22.624 14022 14054 W unknown:ViewManagerPropertyUpdater: Could not find generated setter for class com.horcrux.svg.RenderableViewManager$TSpanViewManager
05-26 19:22:22.624 14022 14054 W unknown:ViewManagerPropertyUpdater: Could not find generated setter for class com.horcrux.svg.RenderableViewManager$TextPathViewManager
05-26 19:22:22.625 14022 14054 W unknown:ViewManagerPropertyUpdater: Could not find generated setter for class com.horcrux.svg.RenderableViewManager$ImageViewManager
05-26 19:22:22.625 14022 14054 W unknown:ViewManagerPropertyUpdater: Could not find generated setter for class com.horcrux.svg.RenderableViewManager$ClipPathViewManager
05-26 19:22:22.626 14022 14054 W unknown:ViewManagerPropertyUpdater: Could not find generated setter for class com.horcrux.svg.RenderableViewManager$DefsViewManager
05-26 19:22:22.626 14022 14054 W unknown:ViewManagerPropertyUpdater: Could not find generated setter for class com.horcrux.svg.RenderableViewManager$UseViewManager
05-26 19:22:22.626 14022 14054 W unknown:ViewManagerPropertyUpdater: Could not find generated setter for class com.horcrux.svg.RenderableViewManager$SymbolManager
05-26 19:22:22.627 14022 14054 W unknown:ViewManagerPropertyUpdater: Could not find generated setter for class com.horcrux.svg.RenderableViewManager$LinearGradientManager
05-26 19:22:22.628 14022 14054 W unknown:ViewManagerPropertyUpdater: Could not find generated setter for class com.horcrux.svg.RenderableViewManager$RadialGradientManager
05-26 19:22:22.628 14022 14054 W unknown:ViewManagerPropertyUpdater: Could not find generated setter for class com.horcrux.svg.RenderableViewManager$PatternManager
05-26 19:22:22.629 14022 14054 W unknown:ViewManagerPropertyUpdater: Could not find generated setter for class com.horcrux.svg.RenderableViewManager$MaskManager
05-26 19:22:22.629 14055 14080 E Perf    : Fail to get file list com.coloros.digitalwellbeing
05-26 19:22:22.629 14055 14080 E Perf    : getFolderSize() : Exception_1 = java.lang.NullPointerException: Attempt to get length of null array
05-26 19:22:22.630 14055 14080 E Perf    : Fail to get file list com.coloros.digitalwellbeing
05-26 19:22:22.630 14055 14080 E Perf    : getFolderSize() : Exception_1 = java.lang.NullPointerException: Attempt to get length of null array
05-26 19:22:22.630 14055 14080 E Perf    : Fail to get file list DigitalWellBeing
05-26 19:22:22.630 14055 14080 E Perf    : getFolderSize() : Exception_1 = java.lang.NullPointerException: Attempt to get length of null array
05-26 19:22:22.630 14022 14054 W unknown:ViewManagerPropertyUpdater: Could not find generated setter for class com.horcrux.svg.RenderableViewManager$ForeignObjectManager
05-26 19:22:22.631 14022 14054 W unknown:ViewManagerPropertyUpdater: Could not find generated setter for class com.horcrux.svg.RenderableViewManager$MarkerManager
05-26 19:22:22.631 14022 14054 W unknown:ViewManagerPropertyUpdater: Could not find generated setter for class com.horcrux.svg.SvgViewManager
05-26 19:22:22.632 14022 14054 W unknown:ViewManagerPropertyUpdater: Could not find generated setter for class com.brentvatne.exoplayer.ReactExoplayerViewManager
05-26 19:22:22.634 14022 14054 W unknown:ViewManagerPropertyUpdater: Could not find generated setter for class com.reactnativecommunity.webview.RNCWebViewManager
05-26 19:22:22.635 14022 14054 W unknown:ViewManagerPropertyUpdater: Could not find generated setter for class org.unimodules.adapters.react.views.SimpleViewManagerAdapter
05-26 19:22:22.636 14022 14054 D SoLoader: About to load: libyoga.so
05-26 19:22:22.636 14022 14054 D SoLoader: libyoga.so not found on /data/data/com.championapp/lib-main
05-26 19:22:22.636  1648  3006 D OppoDisplayPolicy: com.championapp, no change cutoutMode: 0
05-26 19:22:22.636 14022 14054 D SoLoader: libyoga.so found on /data/app/com.championapp-rCMq2m1q_r1kfFMDskljiw==/lib/arm64
05-26 19:22:22.636 14022 14054 D SoLoader: Not resolving dependencies for libyoga.so
05-26 19:22:22.637 14022 14054 D SoLoader: Loaded: libyoga.so
05-26 19:22:22.637  1648  3006 D ScreenModeManager: getPreferredModeId w Window{79bdd32 u0 Splash Screen com.championapp} rate 1
05-26 19:22:22.637  1648  3006 D ScreenModeManager: getPreferredModeId w Window{79bdd32 u0 Splash Screen com.championapp} rate 1
05-26 19:22:22.638  1648  3006 E ScreenModeManager: updateGlobalModeId modeId 2 mCurrentModeId 2
05-26 19:22:22.640  1031  1130 D DispPerfService: get proc=com.championapp/com.championapp.MainActivity#1 none
05-26 19:22:22.643 14022 14054 D SoLoader: init exiting
05-26 19:22:22.647 14022 14054 W unknown:ReactNative: Tried to update non-existent root tag: 0
05-26 19:22:22.656  1031  1123 D DispPerfService: onframeavailable pid=14022, slot=0, seq=184090, ret=0, name=com.championapp:com.championapp/com.championapp.MainActivity#1
05-26 19:22:22.658  1648  1841 D ScreenModeManager: getPreferredModeId w Window{79bdd32 u0 Splash Screen com.championapp} rate 1
05-26 19:22:22.658  1648  1841 D ScreenModeManager: getPreferredModeId w Window{79bdd32 u0 Splash Screen com.championapp} rate 1
05-26 19:22:22.659  1648  1841 E ScreenModeManager: updateGlobalModeId modeId 2 mCurrentModeId 2
05-26 19:22:22.662  1648  1841 D ScreenModeManager: getPreferredModeId w Window{79bdd32 u0 Splash Screen com.championapp} rate 1
05-26 19:22:22.662  1648  1841 D ScreenModeManager: getPreferredModeId w Window{79bdd32 u0 Splash Screen com.championapp} rate 1
05-26 19:22:22.663  1648  1841 E ScreenModeManager: updateGlobalModeId modeId 2 mCurrentModeId 2
05-26 19:22:22.663  1648  4985 D InputMethodManagerService: isSecurity= false ( enable=true needShow=false inBlackList=false  isExist=true )
05-26 19:22:22.664  1648  4985 V InputMethodManagerService_Secure: startInputOrWindowGainedFocusInternalLocked: reason=WINDOW_FOCUS_GAIN client=android.os.BinderProxy@37de400 inputContext=null missingMethods= attribute=android.view.inputmethod.EditorInfo@1ae8e42 startInputFlags=FIRST_WINDOW_FOCUS_GAIN|INITIAL_CONNECTION softInputMode=STATE_UNSPECIFIED|ADJUST_PAN|IS_FORWARD_NAVIGATION windowFlags=#81810100 unverifiedTargetSdkVersion=28
05-26 19:22:22.667  1648  1841 D ScreenModeManager: getPreferredModeId w Window{79bdd32 u0 Splash Screen com.championapp} rate 1
05-26 19:22:22.667  1648  1841 D ScreenModeManager: getPreferredModeId w Window{79bdd32 u0 Splash Screen com.championapp} rate 1
05-26 19:22:22.668  1648  1841 E ScreenModeManager: updateGlobalModeId modeId 2 mCurrentModeId 2
05-26 19:22:22.672  1648  1841 D ScreenModeManager: getPreferredModeId w Window{79bdd32 u0 Splash Screen com.championapp} rate 1
05-26 19:22:22.672  1648  1841 D ScreenModeManager: getPreferredModeId w Window{79bdd32 u0 Splash Screen com.championapp} rate 1
05-26 19:22:22.673  1648  1841 E ScreenModeManager: updateGlobalModeId modeId 2 mCurrentModeId 2
05-26 19:22:22.674   542   542 I hwservicemanager: getTransport: Cannot find entry vendor.qti.hardware.iop@2.0::IIop/default in either framework or device manifest.
05-26 19:22:22.675  1648  1875 I ActivityTaskManager: Displayed com.championapp/.MainActivity: +519ms
05-26 19:22:22.675   542   542 I hwservicemanager: getTransport: Cannot find entry vendor.qti.hardware.iop@2.0::IIop/default in either framework or device manifest.
05-26 19:22:22.677  1648  1841 D ScreenModeManager: getPreferredModeId w Window{79bdd32 u0 Splash Screen com.championapp EXITING} rate 1
05-26 19:22:22.677  1648  1841 D ScreenModeManager: getPreferredModeId w Window{79bdd32 u0 Splash Screen com.championapp EXITING} rate 1
05-26 19:22:22.677  1648  1841 E ScreenModeManager: updateGlobalModeId modeId 2 mCurrentModeId 2
05-26 19:22:22.678  1648  4985 V InputMethodManagerService_Secure: IME PreRendering MASTER flag: false, LowRam: false
05-26 19:22:22.678  1648  4985 V InputMethodManagerService_Secure: Unspecified window will hide input
05-26 19:22:22.680  1648  4985 V InputMethodManagerService_Secure: unbindCurrentInputLocked: client=android.os.BinderProxy@28eabd4
05-26 19:22:22.681  1648  4985 V InputMethodManagerService_Secure: Hide switching menu
05-26 19:22:22.681  1648  4985 D InputMethodManagerService_Secure: IME window vis: 0 active: 0 inv: 0 displayId: 0
05-26 19:22:22.681  1648  4985 V InputMethodManagerService_Secure: switching to client: client=android.os.BinderProxy@37de400 keyguard=false
05-26 19:22:22.681  1648  4985 V InputMethodManagerService_Secure: Creating new session for client ClientState{cb8d4a8 uid=10445 pid=14022 displayId=0}
