05-26 19:22:23.842 14022 14053 I ReactNativeJS:        share_profit_proportion: 30,
05-26 19:22:23.842 14022 14053 I ReactNativeJS:        suppliers_id: 120,
05-26 19:22:23.842 14022 14053 I ReactNativeJS:        MyDiscounts: 45,
05-26 19:22:23.842 14022 14053 I ReactNativeJS:        is_proprietary: 0 },
05-26 19:22:23.842 14022 14053 I ReactNativeJS:      { goods_id: 1773,
05-26 19:22:23.842 14022 14053 I ReactNativeJS:        goods_name: '微笑向暖 文艺直筒苹果领衬衫女春夏长袖衬衣设计感小众2020新款',
05-26 19:22:23.842 14022 14053 I ReactNativeJS:        original_img: 'https://qpsc-1256479324.cos.ap-shanghai.myqcloud.com/goods/180a517bb9aad43b6eaba109136dd8d1.jpg',
05-26 19:22:23.842 14022 14053 I ReactNativeJS:        shop_price: 10,
05-26 19:22:23.842 14022 14053 I ReactNativeJS:        market_price: 200,
05-26 19:22:23.842 14022 14053 I ReactNativeJS:        share_profit_proportion: 30,
05-26 19:22:23.842 14022 14053 I ReactNativeJS:        suppliers_id: 120,
05-26 19:22:23.842 14022 14053 I ReactNativeJS:        MyDiscounts: 0,
05-26 19:22:23.842 14022 14053 I ReactNativeJS:        is_proprietary: 0 },
05-26 19:22:23.842 14022 14053 I ReactNativeJS:      { goods_id: 1772,
05-26 19:22:23.842 14022 14053 I ReactNativeJS:        goods_name: '微笑向暖复古翻领刺绣衬衫女设计感小众春装女上衣轻熟2020年新款',
05-26 19:22:23.842 14022 14053 I ReactNativeJS:        original_img: 'https://qpsc-1256479324.cos.ap-shanghai.myqcloud.com/goods/fd4566140cbb19e16c6d560c0703823c.jpg',
05-26 19:22:23.842 14022 14053 I ReactNativeJS:        shop_price: 300,
05-26 19:22:23.842 14022 14053 I ReactNativeJS:        market_price: 1000,
05-26 19:22:23.842 14022 14053 I ReactNativeJS:        share_profit_proportion: 30,
05-26 19:22:23.842 14022 14053 I ReactNativeJS:        suppliers_id: 120,
05-26 19:22:23.842 14022 14053 I ReactNativeJS:        MyDiscounts: 27,
05-26 19:22:23.842 14022 14053 I ReactNativeJS:        is_proprietary: 0 },
05-26 19:22:23.842 14022 14053 I ReactNativeJS:      { goods_id: 1771,
05-26 19:22:23.842 14022 14053 I ReactNativeJS:        goods_name: '乐町气质吊带连衣裙夏装2020款吊带格纹连衣裙仙女超仙森系',
05-26 19:22:23.842 14022 14053 I ReactNativeJS:        original_img: 'https://qpsc-1256479324.cos.ap-shanghai.myqcloud.com/goods/fb47925120505da4d82f3172fffb720d.jpg',
05-26 19:22:23.842 14022 14053 I ReactNativeJS:        shop_price: 200,
05-26 19:22:23.842 14022 14053 I ReactNativeJS:        market_price: 500,
05-26 19:22:23.842 14022 14053 I ReactNativeJS:        share_profit_proportion: 30,
05-26 19:22:23.842 14022 14053 I ReactNativeJS:        suppliers_id: 120,
05-26 19:22:23.842 14022 14053 I ReactNativeJS:        MyDiscounts: 18,
05-26 19:22:23.842 14022 14053 I ReactNativeJS:        is_proprietary: 0 },
05-26 19:22:23.842 14022 14053 I ReactNativeJS:      { goods_id: 1770,
05-26 19:22:23.842 14022 14053 I ReactNativeJS:        goods_name: '梨花落了2019秋季新款文艺复古显白上衣+高腰显瘦半身裙两穿套装',
05-26 19:22:23.842 14022 14053 I ReactNativeJS:        original_img: 'https://qpsc-1256479324.cos.ap-shanghai.myqcloud.com/goods/a207d61d4b0bfd41c94329df7ca1d629.jpg',
05-26 19:22:23.842 14022 14053 I ReactNativeJS:        shop_price: 100,
05-26 19:22:23.842 14022 14053 I ReactNativeJS:        market_price: 1000,
05-26 19:22:23.842 14022 14053 I ReactNativeJS:        share_profit_proportion: 30,
05-26 19:22:23.842 14022 14053 I ReactNativeJS:        suppliers_id: 120,
05-26 19:22:23.842 14022 14053 I ReactNativeJS:        MyDiscounts: 9,
05-26 19:22:23.842 14022 14053 I ReactNativeJS:        is_proprietary: 0 },
05-26 19:22:23.842 14022 14053 I ReactNativeJS:      { goods_id: 1769,
05-26 19:22:23.842 14022 14053 I ReactNativeJS:        goods_name: '2020春装新款洋气减龄小个子搭配显高穿搭两件套背带裙套装女夏季',
05-26 19:22:23.842 14022 14053 I ReactNativeJS:        original_img: 'https://qpsc-1256479324.cos.ap-shanghai.myqcloud.com/goods/851727f4a33150809ff240ff910890a0.jpg',
05-26 19:22:23.842 14022 14053 I ReactNativeJS:        shop_price: 1000,
05-26 19:22:23.842 14022 14053 I ReactNativeJS:        market_price: 1500,
05-26 19:22:23.842 14022 14053 I ReactNativeJS:        share_profit_proportion: 30,
05-26 19:22:23.842 14022 14053 I ReactNativeJS:        suppliers_id: 116,
05-26 19:22:23.842 14022 14053 I ReactNativeJS:        MyDiscounts: 90,
05-26 19:22:23.842 14022 14053 I ReactNativeJS:        is_proprietary: 1 },
05-26 19:22:23.842 14022 14053 I ReactNativeJS:      { goods_id: 1768,
05-26 19:22:23.842 14022 14053 I ReactNativeJS:        goods_name: 'Nike耐克官方NIKE COURT ROYALE AC女子漂亮衣服AO2810',
05-26 19:22:23.842 14022 14053 I ReactNativeJS:        original_img: 'https://qpsc-1256479324.cos.ap-shanghai.myqcloud.com/goods/4889d8d65a89413ad424d481850477a1.jpg',
05-26 19:22:23.842 14022 14053 I ReactNativeJS:        shop_price: 100,
05-26 19:22:23.842 14022 14053 I ReactNativeJS:        market_price: 200,
05-26 19:22:23.842 14022 14053 I ReactNativeJS:        share_profit_proportion: 30,
05-26 19:22:23.842 14022 14053 I ReactNativeJS:        suppliers_id: 116,
05-26 19:22:23.842 14022 14053 I ReactNativeJS:        MyDiscounts: 9,
05-26 19:22:23.842 14022 14053 I ReactNativeJS:        is_proprietary: 1 },
05-26 19:22:23.842 14022 14053 I ReactNativeJS:      { goods_id: 1767,
05-26 19:22:23.842 14022 14053 I ReactNativeJS:        goods_name: '【熊本熊联名】碎花短袖t恤女2020春季撞色T恤ins潮学院风套装',
05-26 19:22:23.842 14022 14053 I ReactNativeJS:        original_img: 'https://qpsc-1256479324.cos.ap-shanghai.myqcloud.com/goods/95ef903b6f7e1875258135b28cdee7ac.jpg',
05-26 19:22:23.842 14022 14053 I ReactNativeJS:        shop_price: 1000,
05-26 19:22:23.842 14022 14053 I ReactNativeJS:        market_price: 1500,
05-26 19:22:23.842 14022 14053 I ReactNativeJS:        share_profit_proportion: 30,
05-26 19:22:23.842 14022 14053 I ReactNativeJS:        suppliers_id: 116,
05-26 19:22:23.842 14022 14053 I ReactNativeJS:        MyDiscounts: 90,
05-26 19:22:23.842 14022 14053 I ReactNativeJS:        is_proprietary: 1 } ] }
05-26 19:22:23.851   802 14123 E ResolverController: No valid NAT64 prefix (876, <unspecified>/0)
05-26 19:22:23.861   802  1725 I netd    : trafficSwapActiveStatsMap() <0.35ms>
05-26 19:22:23.862   802  1725 I netd    : tetherGetStats() <0.54ms>
05-26 19:22:23.883   802  1725 I netd    : trafficSwapActiveStatsMap() <0.92ms>
05-26 19:22:23.889   802  1725 I netd    : tetherGetStats() <4.65ms>
05-26 19:22:23.904 14022 14053 I ReactNativeJS: '首页初始化数据', { banner: 
05-26 19:22:23.904 14022 14053 I ReactNativeJS:    [ { original_img: 'https://qpsc-1256479324.cos.ap-shanghai.myqcloud.com/temp/78b912985b7e7e9b077fa7ad846c4f2f.png',
05-26 19:22:23.904 14022 14053 I ReactNativeJS:        goods_id: '1774' } ],
05-26 19:22:23.904 14022 14053 I ReactNativeJS:   activity: 
05-26 19:22:23.904 14022 14053 I ReactNativeJS:    [ { original_img: 'https://qpsc-1256479324.cos.ap-shanghai.myqcloud.com/temp/0320be7cba40622295f834cd063943c5.png',
05-26 19:22:23.904 14022 14053 I ReactNativeJS:        activity_url: 'https://www.baidu.com' } ],
05-26 19:22:23.904 14022 14053 I ReactNativeJS:   jxht: 
05-26 19:22:23.904 14022 14053 I ReactNativeJS:    [ { goods_id: 1768,
05-26 19:22:23.904 14022 14053 I ReactNativeJS:        original_img: 'https://qpsc-1256479324.cos.ap-shanghai.myqcloud.com/goods/4889d8d65a89413ad424d481850477a1.jpg',
05-26 19:22:23.904 14022 14053 I ReactNativeJS:        goods_name: 'Nike耐克官方NIKE COURT ROYALE AC女子漂亮衣服AO2810',
05-26 19:22:23.904 14022 14053 I ReactNativeJS:        market_price: 200,
05-26 19:22:23.904 14022 14053 I ReactNativeJS:        shop_price: 100,
05-26 19:22:23.904 14022 14053 I ReactNativeJS:        share_profit_proportion: 30,
05-26 19:22:23.904 14022 14053 I ReactNativeJS:        suppliers_id: 116,
05-26 19:22:23.904 14022 14053 I ReactNativeJS:        MyDiscounts: 9,
05-26 19:22:23.904 14022 14053 I ReactNativeJS:        is_proprietary: 1 },
05-26 19:22:23.904 14022 14053 I ReactNativeJS:      { goods_id: 1770,
05-26 19:22:23.904 14022 14053 I ReactNativeJS:        original_img: 'https://qpsc-1256479324.cos.ap-shanghai.myqcloud.com/goods/a207d61d4b0bfd41c94329df7ca1d629.jpg',
05-26 19:22:23.904 14022 14053 I ReactNativeJS:        goods_name: '梨花落了2019秋季新款文艺复古显白上衣+高腰显瘦半身裙两穿套装',
05-26 19:22:23.904 14022 14053 I ReactNativeJS:        market_price: 1000,
05-26 19:22:23.904 14022 14053 I ReactNativeJS:        shop_price: 100,
05-26 19:22:23.904 14022 14053 I ReactNativeJS:        share_profit_proportion: 30,
05-26 19:22:23.904 14022 14053 I ReactNativeJS:        suppliers_id: 120,
05-26 19:22:23.904 14022 14053 I ReactNativeJS:        MyDiscounts: 9,
05-26 19:22:23.904 14022 14053 I ReactNativeJS:        is_proprietary: 0 } ],
05-26 19:22:23.904 14022 14053 I ReactNativeJS:   jxhtSubCategory: { id: 3, name: 'IP联名爆款' },
05-26 19:22:23.904 14022 14053 I ReactNativeJS:   seckill: [],
05-26 19:22:23.904 14022 14053 I ReactNativeJS:   category: 
05-26 19:22:23.904 14022 14053 I ReactNativeJS:    [ { name: '美妆',
05-26 19:22:23.904 14022 14053 I ReactNativeJS:        id: 1,
05-26 19:22:23.904 14022 14053 I ReactNativeJS:        list: [],
05-26 19:22:23.904 14022 14053 I ReactNativeJS:        shopGoods: 
05-26 19:22:23.904 14022 14053 I ReactNativeJS:         [ { goods_id: 1771,
05-26 19:22:23.904 14022 14053 I ReactNativeJS:             original_img: 'https://qpsc-1256479324.cos.ap-shanghai.myqcloud.com/goods/fb47925120505da4d82f3172fffb720d.jpg',
05-26 19:22:23.904 14022 14053 I ReactNativeJS:             goods_name: '乐町气质吊带连衣裙夏装2020款吊带格纹连衣裙仙女超仙森系',
05-26 19:22:23.904 14022 14053 I ReactNativeJS:             market_price: 500,
05-26 19:22:23.904 14022 14053 I ReactNativeJS:             shop_price: 200,
05-26 19:22:23.904 14022 14053 I ReactNativeJS:             share_profit_proportion: 30,
05-26 19:22:23.904 14022 14053 I ReactNativeJS:             suppliers_id: 120,
05-26 19:22:23.904 14022 14053 I ReactNativeJS:             MyDiscounts: 18,
05-26 19:22:23.904 14022 14053 I ReactNativeJS:             is_proprietary: 0 } ] },
05-26 19:22:23.904 14022 14053 I ReactNativeJS:      { name: '女鞋',
05-26 19:22:23.904 14022 14053 I ReactNativeJS:        id: 2,
05-26 19:22:23.904 14022 14053 I ReactNativeJS:        list: 
05-26 19:22:23.904 14022 14053 I ReactNativeJS:         [ { brand_id: 570,
05-26 19:22:23.904 14022 14053 I ReactNativeJS:             name: '梨花落',
05-26 19:22:23.904 14022 14053 I ReactNativeJS:             logo: 'https://qpsc-1256479324.cos.ap-shanghai.myqcloud.com/brand/4ea02d4bbc3db0d17d4e382ef6f1ba7a.jpg' } ],
05-26 19:22:23.904 14022 14053 I ReactNativeJS:        shopGoods: 
05-26 19:22:23.904 14022 14053 I ReactNativeJS:         [ { goods_id: 1770,
05-26 19:22:23.904 14022 14053 I ReactNativeJS:             original_img: 'https://qpsc-1256479324.cos.ap-shanghai.myqcloud.com/goods/a207d61d4b0bfd41c94329df7ca1d629.jpg',
05-26 19:22:23.904 14022 14053 I ReactNativeJS:             goods_name: '梨花落了2019秋季新款文艺复古显白上衣+高腰显瘦半身裙两穿套装',
05-26 19:22:23.904 14022 14053 I ReactNativeJS:             market_price: 1000,
05-26 19:22:23.904 14022 14053 I ReactNativeJS:             shop_price: 100,
05-26 19:22:23.904 14022 14053 I ReactNativeJS:             share_profit_proportion: 30,
05-26 19:22:23.904 14022 14053 I ReactNativeJS:             suppliers_id: 120,
05-26 19:22:23.904 14022 14053 I ReactNativeJS:             MyDiscounts: 9,
05-26 19:22:23.904 14022 14053 I ReactNativeJS:             is_proprietary: 0 } ] },
05-26 19:22:23.904 14022 14053 I ReactNativeJS:      { name: '女装',
05-26 19:22:23.904 14022 14053 I ReactNativeJS:        id: 6,
05-26 19:22:23.904 14022 14053 I ReactNativeJS:        list: 
05-26 19:22:23.904 14022 14053 I ReactNativeJS:         [ { brand_id: 568,
05-26 19:22:23.904 14022 14053 I ReactNativeJS:             name: '花花花',
05-26 19:22:23.904 14022 14053 I ReactNativeJS:             logo: 'http://qpsc-1256479324.cos.ap-shanghai.myqcloud.com/brand/460f2757b768107bdfa9a0286ee0f63a.jpg' } ],
05-26 19:22:23.904 14022 14053 I ReactNativeJS:        shopGoods: 
05-26 19:22:23.904 14022 14053 I ReactNativeJS:         [ { goods_id: 1769,
05-26 19:22:23.904 14022 14053 I ReactNativeJS:             original_img: 'https://qpsc-1256479324.cos.ap-shanghai.myqcloud.com/goods/851727f4a33150809ff240ff910890a0.jpg',
05-26 19:22:23.904 14022 14053 I ReactNativeJS:             goods_name: '2020春装新款洋气减龄小个子搭配显高穿搭两件套背带裙套装女夏季',
05-26 19:22:23.904 14022 14053 I ReactNativeJS:             market_price: 1500,
05-26 19:22:23.904 14022 14053 I ReactNativeJS:             shop_price: 1000,
05-26 19:22:23.904 14022 14053 I ReactNativeJS:             share_profit_proportion: 30,
05-26 19:22:23.904 14022 14053 I ReactNativeJS:             suppliers_id: 116,
05-26 19:22:23.904 14022 14053 I ReactNativeJS:             MyDiscounts: 90,
05-26 19:22:23.904 14022 14053 I ReactNativeJS:             is_proprietary: 1 },
05-26 19:22:23.904 14022 14053 I ReactNativeJS:           { goods_id: 1768,
05-26 19:22:23.904 14022 14053 I ReactNativeJS:             original_img: 'https://qpsc-1256479324.cos.ap-shanghai.myqcloud.com/goods/4889d8d65a89413ad424d481850477a1.jpg',
05-26 19:22:23.904 14022 14053 I ReactNativeJS:             goods_name: 'Nike耐克官方NIKE COURT ROYALE AC女子漂亮衣服AO2810',
05-26 19:22:23.904 14022 14053 I ReactNativeJS:             market_price: 200,
05-26 19:22:23.904 14022 14053 I ReactNativeJS:             shop_price: 100,
05-26 19:22:23.904 14022 14053 I ReactNativeJS:             share_profit_proportion: 30,
05-26 19:22:23.904 14022 14053 I ReactNativeJS:             suppliers_id: 116,
05-26 19:22:23.904 14022 14053 I ReactNativeJS:             MyDiscounts: 9,
05-26 19:22:23.904 14022 14053 I ReactNativeJS:             is_proprietary: 1 },
05-26 19:22:23.904 14022 14053 I ReactNativeJS:           { goods_id: 1767,
05-26 19:22:23.904 14022 14053 I ReactNativeJS:             original_img: 'https://qpsc-1256479324.cos.ap-shanghai.myqcloud.com/goods/95ef903b6f7e1875258135b28cdee7ac.jpg',
05-26 19:22:23.904 14022 14053 I ReactNativeJS:             goods_name: '【熊本熊联名】碎花短袖t恤女2020春季撞色T恤ins潮学院风套装',
05-26 19:22:23.904 14022 14053 I ReactNativeJS:             market_price: 1500,
05-26 19:22:23.904 14022 14053 I ReactNativeJS:             shop_price: 1000,
05-26 19:22:23.904 14022 14053 I ReactNativeJS:             share_profit_proportion: 30,
05-26 19:22:23.904 14022 14053 I ReactNativeJS:             suppliers_id: 116,
05-26 19:22:23.919 14022 14112 D IAtlas  : IAtlas::init CallingPid 14022
05-26 19:22:23.920 14022 14111 D IAtlas  : IAtlas::init CallingPid 14022
05-26 19:22:23.920 14022 14112 D IAtlas  : IAtlas::init this 0x70931ce2d0
05-26 19:22:23.920 14022 14111 D IAtlas  : IAtlas::init this 0x70941c2510
05-26 19:22:23.921 14022 14114 D IAtlas  : IAtlas::init CallingPid 14022
05-26 19:22:23.921 14022 14053 I ReactNativeJS: ┐ %c action %cSEARCH_KEY %c@ 19:22:23.904
05-26 19:22:23.922 14022 14119 D IAtlas  : IAtlas::init CallingPid 14022
05-26 19:22:23.922 14022 14114 D IAtlas  : IAtlas::init this 0x70931cde70
05-26 19:22:23.923 14022 14114 D IAtlas  : IAtlas::init CallingPid 14022
05-26 19:22:23.923 14022 14119 D IAtlas  : IAtlas::init this 0x70931cff40
05-26 19:22:23.923 14022 14111 D IAtlas  : IAtlas::init CallingPid 14022
05-26 19:22:23.923 14022 14111 D IAtlas  : IAtlas::init this 0x70a6153930
05-26 19:22:23.924 14022 14112 D IAtlas  : IAtlas::init CallingPid 14022
05-26 19:22:23.924 14022 14119 D IAtlas  : IAtlas::init CallingPid 14022
05-26 19:22:23.924 14022 14114 D IAtlas  : IAtlas::init this 0x70931cde70
05-26 19:22:23.924 14022 14112 D IAtlas  : IAtlas::init this 0x70931cfd80
05-26 19:22:23.924 14022 14053 I ReactNativeJS: │ '%c prev state', 'color: #9E9E9E; font-weight: bold', { publicData: { statusBarHeight: 28, isLogin: true },
05-26 19:22:23.924 14022 14053 I ReactNativeJS:   homeData: 
05-26 19:22:23.924 14022 14053 I ReactNativeJS:    { recommendGoodsList: [],
05-26 19:22:23.924 14022 14053 I ReactNativeJS:      searchKey: '微笑向暖 文艺直筒苹果领衬衫女春夏长袖衬衣设计感小众2020新款',
05-26 19:22:23.924 14022 14053 I ReactNativeJS:      swiperList: 
05-26 19:22:23.924 14022 14053 I ReactNativeJS:       [ { original_img: 'https://qpsc-1256479324.cos.ap-shanghai.myqcloud.com/temp/78b912985b7e7e9b077fa7ad846c4f2f.png',
05-26 19:22:23.924 14022 14053 I ReactNativeJS:           goods_id: '1774' } ],
05-26 19:22:23.924 14022 14053 I ReactNativeJS:      activityList: 
05-26 19:22:23.924 14022 14053 I ReactNativeJS:       [ { original_img: 'https://qpsc-1256479324.cos.ap-shanghai.myqcloud.com/temp/0320be7cba40622295f834cd063943c5.png',
05-26 19:22:23.924 14022 14053 I ReactNativeJS:           activity_url: 'https://www.baidu.com' } ],
05-26 19:22:23.924 14022 14053 I ReactNativeJS:      selectedGoodsInfo: 
05-26 19:22:23.924 14022 14053 I ReactNativeJS:       { subTitle: 'IP联名爆款',
05-26 19:22:23.924 14022 14053 I ReactNativeJS:         goodsList: 
05-26 19:22:23.924 14022 14053 I ReactNativeJS:          [ { goods_id: 1768,
05-26 19:22:23.924 14022 14053 I ReactNativeJS:              original_img: 'https://qpsc-1256479324.cos.ap-shanghai.myqcloud.com/goods/4889d8d65a89413ad424d481850477a1.jpg',
05-26 19:22:23.924 14022 14053 I ReactNativeJS:              goods_name: 'Nike耐克官方NIKE COURT ROYALE AC女子漂亮衣服AO2810',
05-26 19:22:23.924 14022 14053 I ReactNativeJS:              market_price: 200,
05-26 19:22:23.924 14022 14053 I ReactNativeJS:              shop_price: 100,
05-26 19:22:23.924 14022 14053 I ReactNativeJS:              share_profit_proportion: 30,
05-26 19:22:23.924 14022 14053 I ReactNativeJS:              suppliers_id: 116,
05-26 19:22:23.924 14022 14053 I ReactNativeJS:              MyDiscounts: 9,
05-26 19:22:23.924 14022 14053 I ReactNativeJS:              is_proprietary: 1 },
05-26 19:22:23.924 14022 14053 I ReactNativeJS:            { goods_id: 1770,
05-26 19:22:23.924 14022 14053 I ReactNativeJS:              original_img: 'https://qpsc-1256479324.cos.ap-shanghai.myqcloud.com/goods/a207d61d4b0bfd41c94329df7ca1d629.jpg',
05-26 19:22:23.924 14022 14053 I ReactNativeJS:              goods_name: '梨花落了2019秋季新款文艺复古显白上衣+高腰显瘦半身裙两穿套装',
05-26 19:22:23.924 14022 14053 I ReactNativeJS:              market_price: 1000,
05-26 19:22:23.924 14022 14053 I ReactNativeJS:              shop_price: 100,
05-26 19:22:23.924 14022 14053 I ReactNativeJS:              share_profit_proportion: 30,
05-26 19:22:23.924 14022 14053 I ReactNativeJS:              suppliers_id: 120,
05-26 19:22:23.924 14022 14053 I ReactNativeJS:              MyDiscounts: 9,
05-26 19:22:23.924 14022 14053 I ReactNativeJS:              is_proprietary: 0 } ] },
05-26 19:22:23.924 14022 14053 I ReactNativeJS:      seckillList: [] },
05-26 19:22:23.924 14022 14053 I ReactNativeJS:   userData: 
05-26 19:22:23.924 14022 14053 I ReactNativeJS:    { isLogin: true,
05-26 19:22:23.924 14022 14053 I ReactNativeJS:      token: 'eyJhbGciOiJIUzI1NiIsInR5cCI6IkpXVCJ9.eyJ1aWQiOiI5NTMwNjE1NCIsImV4cCI6MTYyMjAyMjE0MywidXVpZCI6IjE5NGEyN2U0ZDYzMTRmZWQ4NmU3YjcxODFiMjgxYmIzIiwiaWF0IjoxNTkwNDg2MTQzfQ.pqHdQ8zI8f3OxkuE68MedAF1oIR6AAlMHDORyAYEhCA',
05-26 19:22:23.924 14022 14053 I ReactNativeJS:      userInfo: 
05-26 19:22:23.924 14022 14053 I ReactNativeJS:       { userId: '95306154',
05-26 19:22:23.924 14022 14053 I ReactNativeJS:         userAvatar: 'https://wx.qlogo.cn/mmopen/vi_32/Q0j4TwGTfTKKNpXoprxcHqV93R4T66zTy3tfWys1YUpOflIutuVqlswa36iccnLeEhicibD4cUF551yDKKIQM5orQ/132',
05-26 19:22:23.924 14022 14053 I ReactNativeJS:         nickName: 'silence',
05-26 19:22:23.924 14022 14053 I ReactNativeJS:         identityName: '刘强',
05-26 19:22:23.924 14022 14053 I ReactNativeJS:         userTel: '18768496606',
05-26 19:22:23.924 14022 14053 I ReactNativeJS:         userLevel: [ '1', '2' ],
05-26 19:22:23.924 14022 14053 I ReactNativeJS:         bgc: null,
05-26 19:22:23.924 14022 14053 I ReactNativeJS:         collectionCount: 1,
05-26 19:22:23.924 14022 14053 I ReactNativeJS:         storeFollow: 0,
05-26 19:22:23.924 14022 14053 I ReactNativeJS:         likeContent: 3,
05-26 19:22:23.924 14022 14053 I ReactNativeJS:         card: 0,
05-26 19:22:23.924 14022 14053 I ReactNativeJS:         inviteCode: '38c1c6',
05-26 19:22:23.924 14022 14053 I ReactNativeJS:         anchorCount: 1,
05-26 19:22:23.924 14022 14053 I ReactNativeJS:         accountMoney: 0,
05-26 19:22:23.924 14022 14053 I ReactNativeJS:         frozenMoney: 0,
05-26 19:22:23.924 14022 14053 I ReactNativeJS:         quanPinMoney: 0,
05-26 19:22:23.924 14022 14053 I ReactNativeJS:         totalProfit: 0,
05-26 19:22:23.924 14022 14053 I ReactNativeJS:         consumeMoney: 0,
05-26 19:22:23.924 14022 14053 I ReactNativeJS:         saveMoney: 7,
05-26 19:22:23.924 14022 14053 I ReactNativeJS:         hasSettle: null,
05-26 19:22:23.924 14022 14053 I ReactNativeJS:         willSettle: 7,
05-26 19:22:23.924 14022 14053 I ReactNativeJS:         hasWithdraw: null,
05-26 19:22:23.924 14022 14053 I ReactNativeJS:         needMoney: null,
05-26 19:22:23.924 14022 14053 I ReactNativeJS:         nextLevel: null,
05-26 19:22:23.924 14022 14053 I ReactNativeJS:         publishCount: 2,
05-26 19:22:23.924 14022 14053 I ReactNativeJS:         fansCount: 0,
05-26 19:22:23.924 14022 14053 I ReactNativeJS:         lookCount: 64,
05-26 19:22:23.924 14022 14053 I ReactNativeJS:         liveMoney: '1',
05-26 19:22:23.924 14022 14053 I ReactNativeJS:         userRole: '1,2' } },
05-26 19:22:23.924 14022 14053 I ReactNativeJS:   cartData: { cartActionType: '管理', cartList: [] },
05-26 19:22:23.924 14022 14053 I ReactNativeJS:   addressData: { addressList: [], choosedAddress: {} },
05-26 19:22:23.924 14022 14053 I ReactNativeJS:   worksData: { goodsList: [], addedGoodsList: [], mediaList: [ { uri: 19 } ] },
05-26 19:22:23.924 14022 14053 I ReactNativeJS:   im: 
05-26 19:22:23.924 14022 14053 I ReactNativeJS:    { isIMSDKReady: false,
05-26 19:22:23.924 14022 14053 I ReactNativeJS:      room: undefined,
05-26 19:22:23.924 14022 14053 I ReactNativeJS:      roomMemberNum: 0,
05-26 19:22:23.924 14022 14053 I ReactNativeJS:      roomMessages: [],
05-26 19:22:23.924 14022 14053 I ReactNativeJS:      orderMessages: [],
05-26 19:22:23.924 14022 14053 I ReactNativeJS:      followMessages: [],
05-26 19:22:23.924 14022 14053 I ReactNativeJS:      isOnLine: undefined,
05-26 19:22:23.924 14022 14053 I ReactNativeJS:      userSig: 'eJw1jk0LgkAURf-LbAt7M86oz3UkQpsoIqGN*kabJLHxoyj674nW8t7D4d43O2z3jn42xmoWCoUCYDl1g7YsZMIBNueWqrRpDLGQSwCXu76PMzGk684UZhI8qUBgqoKsoNzjwd825QgrixdRRxQvWhXv7LU-njCwpeXrxxBr7eerO4nNK0qy5NyPI-SzO3Mb33GFIFFwKT9f1WE0-g__' },
05-26 19:22:23.924 14022 14053 I ReactNativeJS:   live: 
05-26 19:22:23.924 14022 14053 I ReactNativeJS:    { liveConfig: { cover: undefined, title: '' },
05-26 19:22:23.924 14022 14053 I ReactNativeJS:      pusherConfig: 
05-26 19:22:23.924 14022 14053 I ReactNativeJS:       { rtmpURL: '',
05-26 19:22:23.924 14022 14053 I ReactNativeJS:         camera: 'front',
05-26 19:22:23.924 14022 14053 I ReactNativeJS:         started: true,
05-26 19:22:23.924 14022 14053 I ReactNativeJS:         faceBeautyEnable: true,
05-26 19:22:23.924 14022 14053 I ReactNativeJS:         faceBeautySetting: { beautyLevel: 0, whiten: 0, redden: 0 },
05-26 19:22:23.924 14022 14053 I ReactNativeJS:         muted: false,
05-26 19:22:23.924 14022 14053 I ReactNativeJS:         zoom: 1,
05-26 19:22:23.924 14022 14053 I ReactNativeJS:         focus: false,
05-26 19:22:23.924 14022 14053 I ReactNativeJS:         watermarkSetting: 
05-26 19:22:23.924 14022 14053 I ReactNativeJS:          { src: null,
05-26 19:22:23.924 14022 14053 I ReactNativeJS:            alpha: 122,
05-26 19:22:23.924 14022 14053 I ReactNativeJS:            position: { x: 0, y: 0 },
05-26 19:22:23.924 14022 14053 I ReactNativeJS:            size: { width: 50, height: 50 } },
05-26 19:22:23.924 14022 14053 I ReactNativeJS:         pictureStreamingFile: null,
05-26 19:22:23.924 14022 14053 I ReactNativeJS:         pictureStreamingEnable: false,
05-26 19:22:23.924 14022 14053 I ReactNativeJS:         torchEnable: false,
05-26 19:22:23.924 14022 14053 I ReactNativeJS:         previewMirrorEnable: false,
05-26 19:22:23.924 14022 14053 I ReactNativeJS:         encodingMirrorEnable: false,
05-26 19:22:23.924 14022 14053 I ReactNativeJS:         audioMixFile: { fil
05-26 19:22:23.925 14022 14053 I ReactNativeJS: │ '%c action    ', 'color: #03A9F4; font-weight: bold', { type: 'SEARCH_KEY',
05-26 19:22:23.925 14022 14053 I ReactNativeJS:   payload: '微笑向暖 文艺直筒苹果领衬衫女春夏长袖衬衣设计感小众2020新款' }
05-26 19:22:23.925 14022 14116 D IAtlas  : IAtlas::init CallingPid 14022
05-26 19:22:23.927 14022 14119 D IAtlas  : IAtlas::init this 0x70931cff40
05-26 19:22:23.927 14022 14116 D IAtlas  : IAtlas::init this 0x70a5ff3770
05-26 19:22:23.927 14022 14053 I ReactNativeJS: │ '%c next state', 'color: #4CAF50; font-weight: bold', { publicData: { statusBarHeight: 28, isLogin: true },
05-26 19:22:23.927 14022 14053 I ReactNativeJS:   homeData: 
05-26 19:22:23.927 14022 14053 I ReactNativeJS:    { recommendGoodsList: [],
05-26 19:22:23.927 14022 14053 I ReactNativeJS:      searchKey: '微笑向暖 文艺直筒苹果领衬衫女春夏长袖衬衣设计感小众2020新款',
05-26 19:22:23.927 14022 14053 I ReactNativeJS:      swiperList: 
05-26 19:22:23.927 14022 14053 I ReactNativeJS:       [ { original_img: 'https://qpsc-1256479324.cos.ap-shanghai.myqcloud.com/temp/78b912985b7e7e9b077fa7ad846c4f2f.png',
05-26 19:22:23.927 14022 14053 I ReactNativeJS:           goods_id: '1774' } ],
05-26 19:22:23.927 14022 14053 I ReactNativeJS:      activityList: 
05-26 19:22:23.927 14022 14053 I ReactNativeJS:       [ { original_img: 'https://qpsc-1256479324.cos.ap-shanghai.myqcloud.com/temp/0320be7cba40622295f834cd063943c5.png',
05-26 19:22:23.927 14022 14053 I ReactNativeJS:           activity_url: 'https://www.baidu.com' } ],
05-26 19:22:23.927 14022 14053 I ReactNativeJS:      selectedGoodsInfo: 
05-26 19:22:23.927 14022 14053 I ReactNativeJS:       { subTitle: 'IP联名爆款',
05-26 19:22:23.927 14022 14053 I ReactNativeJS:         goodsList: 
05-26 19:22:23.927 14022 14053 I ReactNativeJS:          [ { goods_id: 1768,
05-26 19:22:23.927 14022 14053 I ReactNativeJS:              original_img: 'https://qpsc-1256479324.cos.ap-shanghai.myqcloud.com/goods/4889d8d65a89413ad424d481850477a1.jpg',
05-26 19:22:23.927 14022 14053 I ReactNativeJS:              goods_name: 'Nike耐克官方NIKE COURT ROYALE AC女子漂亮衣服AO2810',
05-26 19:22:23.927 14022 14053 I ReactNativeJS:              market_price: 200,
05-26 19:22:23.927 14022 14053 I ReactNativeJS:              shop_price: 100,
05-26 19:22:23.927 14022 14053 I ReactNativeJS:              share_profit_proportion: 30,
05-26 19:22:23.927 14022 14053 I ReactNativeJS:              suppliers_id: 116,
05-26 19:22:23.927 14022 14053 I ReactNativeJS:              MyDiscounts: 9,
05-26 19:22:23.927 14022 14053 I ReactNativeJS:              is_proprietary: 1 },
05-26 19:22:23.927 14022 14053 I ReactNativeJS:            { goods_id: 1770,
05-26 19:22:23.927 14022 14053 I ReactNativeJS:              original_img: 'https://qpsc-1256479324.cos.ap-shanghai.myqcloud.com/goods/a207d61d4b0bfd41c94329df7ca1d629.jpg',
05-26 19:22:23.927 14022 14053 I ReactNativeJS:              goods_name: '梨花落了2019秋季新款文艺复古显白上衣+高腰显瘦半身裙两穿套装',
05-26 19:22:23.927 14022 14053 I ReactNativeJS:              market_price: 1000,
05-26 19:22:23.927 14022 14053 I ReactNativeJS:              shop_price: 100,
05-26 19:22:23.927 14022 14053 I ReactNativeJS:              share_profit_proportion: 30,
05-26 19:22:23.927 14022 14053 I ReactNativeJS:              suppliers_id: 120,
05-26 19:22:23.927 14022 14053 I ReactNativeJS:              MyDiscounts: 9,
05-26 19:22:23.927 14022 14053 I ReactNativeJS:              is_proprietary: 0 } ] },
05-26 19:22:23.927 14022 14053 I ReactNativeJS:      seckillList: [] },
05-26 19:22:23.927 14022 14053 I ReactNativeJS:   userData: 
05-26 19:22:23.927 14022 14053 I ReactNativeJS:    { isLogin: true,
05-26 19:22:23.927 14022 14053 I ReactNativeJS:      token: 'eyJhbGciOiJIUzI1NiIsInR5cCI6IkpXVCJ9.eyJ1aWQiOiI5NTMwNjE1NCIsImV4cCI6MTYyMjAyMjE0MywidXVpZCI6IjE5NGEyN2U0ZDYzMTRmZWQ4NmU3YjcxODFiMjgxYmIzIiwiaWF0IjoxNTkwNDg2MTQzfQ.pqHdQ8zI8f3OxkuE68MedAF1oIR6AAlMHDORyAYEhCA',
05-26 19:22:23.927 14022 14053 I ReactNativeJS:      userInfo: 
05-26 19:22:23.927 14022 14053 I ReactNativeJS:       { userId: '95306154',
05-26 19:22:23.927 14022 14053 I ReactNativeJS:         userAvatar: 'https://wx.qlogo.cn/mmopen/vi_32/Q0j4TwGTfTKKNpXoprxcHqV93R4T66zTy3tfWys1YUpOflIutuVqlswa36iccnLeEhicibD4cUF551yDKKIQM5orQ/132',
05-26 19:22:23.927 14022 14053 I ReactNativeJS:         nickName: 'silence',
05-26 19:22:23.927 14022 14053 I ReactNativeJS:         identityName: '刘强',
05-26 19:22:23.927 14022 14053 I ReactNativeJS:         userTel: '18768496606',
05-26 19:22:23.927 14022 14053 I ReactNativeJS:         userLevel: [ '1', '2' ],
05-26 19:22:23.927 14022 14053 I ReactNativeJS:         bgc: null,
05-26 19:22:23.927 14022 14053 I ReactNativeJS:         collectionCount: 1,
05-26 19:22:23.927 14022 14053 I ReactNativeJS:         storeFollow: 0,
05-26 19:22:23.927 14022 14053 I ReactNativeJS:         likeContent: 3,
05-26 19:22:23.927 14022 14053 I ReactNativeJS:         card: 0,
05-26 19:22:23.927 14022 14053 I ReactNativeJS:         inviteCode: '38c1c6',
05-26 19:22:23.927 14022 14053 I ReactNativeJS:         anchorCount: 1,
05-26 19:22:23.927 14022 14053 I ReactNativeJS:         accountMoney: 0,
05-26 19:22:23.927 14022 14053 I ReactNativeJS:         frozenMoney: 0,
05-26 19:22:23.927 14022 14053 I ReactNativeJS:         quanPinMoney: 0,
05-26 19:22:23.927 14022 14053 I ReactNativeJS:         totalProfit: 0,
05-26 19:22:23.927 14022 14053 I ReactNativeJS:         consumeMoney: 0,
05-26 19:22:23.927 14022 14053 I ReactNativeJS:         saveMoney: 7,
05-26 19:22:23.927 14022 14053 I ReactNativeJS:         hasSettle: null,
05-26 19:22:23.927 14022 14053 I ReactNativeJS:         willSettle: 7,
05-26 19:22:23.927 14022 14053 I ReactNativeJS:         hasWithdraw: null,
05-26 19:22:23.927 14022 14053 I ReactNativeJS:         needMoney: null,
05-26 19:22:23.927 14022 14053 I ReactNativeJS:         nextLevel: null,
05-26 19:22:23.927 14022 14053 I ReactNativeJS:         publishCount: 2,
05-26 19:22:23.927 14022 14053 I ReactNativeJS:         fansCount: 0,
05-26 19:22:23.927 14022 14053 I ReactNativeJS:         lookCount: 64,
05-26 19:22:23.927 14022 14053 I ReactNativeJS:         liveMoney: '1',
05-26 19:22:23.927 14022 14053 I ReactNativeJS:         userRole: '1,2' } },
05-26 19:22:23.927 14022 14053 I ReactNativeJS:   cartData: { cartActionType: '管理', cartList: [] },
05-26 19:22:23.927 14022 14053 I ReactNativeJS:   addressData: { addressList: [], choosedAddress: {} },
05-26 19:22:23.927 14022 14053 I ReactNativeJS:   worksData: { goodsList: [], addedGoodsList: [], mediaList: [ { uri: 19 } ] },
05-26 19:22:23.927 14022 14053 I ReactNativeJS:   im: 
05-26 19:22:23.927 14022 14053 I ReactNativeJS:    { isIMSDKReady: false,
05-26 19:22:23.927 14022 14053 I ReactNativeJS:      room: undefined,
05-26 19:22:23.927 14022 14053 I ReactNativeJS:      roomMemberNum: 0,
05-26 19:22:23.927 14022 14053 I ReactNativeJS:      roomMessages: [],
05-26 19:22:23.927 14022 14053 I ReactNativeJS:      orderMessages: [],
05-26 19:22:23.927 14022 14053 I ReactNativeJS:      followMessages: [],
05-26 19:22:23.927 14022 14053 I ReactNativeJS:      isOnLine: undefined,
05-26 19:22:23.927 14022 14053 I ReactNativeJS:      userSig: 'eJw1jk0LgkAURf-LbAt7M86oz3UkQpsoIqGN*kabJLHxoyj674nW8t7D4d43O2z3jn42xmoWCoUCYDl1g7YsZMIBNueWqrRpDLGQSwCXu76PMzGk684UZhI8qUBgqoKsoNzjwd825QgrixdRRxQvWhXv7LU-njCwpeXrxxBr7eerO4nNK0qy5NyPI-SzO3Mb33GFIFFwKT9f1WE0-g__' },
05-26 19:22:23.927 14022 14053 I ReactNativeJS:   live: 
05-26 19:22:23.927 14022 14053 I ReactNativeJS:    { liveConfig: { cover: undefined, title: '' },
05-26 19:22:23.927 14022 14053 I ReactNativeJS:      pusherConfig: 
05-26 19:22:23.927 14022 14053 I ReactNativeJS:       { rtmpURL: '',
05-26 19:22:23.927 14022 14053 I ReactNativeJS:         camera: 'front',
05-26 19:22:23.927 14022 14053 I ReactNativeJS:         started: true,
05-26 19:22:23.927 14022 14053 I ReactNativeJS:         faceBeautyEnable: true,
05-26 19:22:23.927 14022 14053 I ReactNativeJS:         faceBeautySetting: { beautyLevel: 0, whiten: 0, redden: 0 },
05-26 19:22:23.927 14022 14053 I ReactNativeJS:         muted: false,
05-26 19:22:23.927 14022 14053 I ReactNativeJS:         zoom: 1,
05-26 19:22:23.927 14022 14053 I ReactNativeJS:         focus: false,
05-26 19:22:23.927 14022 14053 I ReactNativeJS:         watermarkSetting: 
05-26 19:22:23.927 14022 14053 I ReactNativeJS:          { src: null,
05-26 19:22:23.927 14022 14053 I ReactNativeJS:            alpha: 122,
05-26 19:22:23.927 14022 14053 I ReactNativeJS:            position: { x: 0, y: 0 },
05-26 19:22:23.927 14022 14053 I ReactNativeJS:            size: { width: 50, height: 50 } },
05-26 19:22:23.927 14022 14053 I ReactNativeJS:         pictureStreamingFile: null,
05-26 19:22:23.927 14022 14053 I ReactNativeJS:         pictureStreamingEnable: false,
05-26 19:22:23.927 14022 14053 I ReactNativeJS:         torchEnable: false,
05-26 19:22:23.927 14022 14053 I ReactNativeJS:         previewMirrorEnable: false,
05-26 19:22:23.927 14022 14053 I ReactNativeJS:         encodingMirrorEnable: false,
05-26 19:22:23.927 14022 14053 I ReactNativeJS:         audioMixFile: { fil
05-26 19:22:23.927 14022 14053 I ReactNativeJS: ┘ 
05-26 19:22:23.930 14022 14119 D IAtlas  : IAtlas::init CallingPid 14022
05-26 19:22:23.931 14022 14111 D IAtlas  : IAtlas::init CallingPid 14022
05-26 19:22:23.931 14022 14119 D IAtlas  : IAtlas::init this 0x70931cff40
05-26 19:22:23.931 14022 14111 D IAtlas  : IAtlas::init this 0x70a61539a0
05-26 19:22:23.931 14022 14119 D IAtlas  : IAtlas::init CallingPid 14022
05-26 19:22:23.932 14022 14119 D IAtlas  : IAtlas::init this 0x70931cff40
05-26 19:22:23.933 14022 14115 D IAtlas  : IAtlas::init CallingPid 14022
05-26 19:22:23.934 14022 14115 D IAtlas  : IAtlas::init this 0x70931d0100
05-26 19:22:23.935 14022 14115 D IAtlas  : IAtlas::init CallingPid 14022
05-26 19:22:23.935 14022 14116 D IAtlas  : IAtlas::init CallingPid 14022
05-26 19:22:23.936 14022 14112 D IAtlas  : IAtlas::init CallingPid 14022
05-26 19:22:23.936 14022 14116 D IAtlas  : IAtlas::init this 0x70a5ff3770
05-26 19:22:23.937 14022 14115 D IAtlas  : IAtlas::init this 0x70931d0100
05-26 19:22:23.937 14022 14112 D IAtlas  : IAtlas::init this 0x70931cfdf0
05-26 19:22:23.940 14022 14116 D IAtlas  : IAtlas::init CallingPid 14022
05-26 19:22:23.940 14022 14116 D IAtlas  : IAtlas::init this 0x70a5ff3770
05-26 19:22:23.940 14022 14116 D IAtlas  : IAtlas::init CallingPid 14022
05-26 19:22:23.941 14022 14116 D IAtlas  : IAtlas::init this 0x70a5ff3770
05-26 19:22:23.955 14022 14053 I ReactNativeJS: ┐ %c action %cSWIPER_LIST %c@ 19:22:23.927
05-26 19:22:23.958 14022 14053 I ReactNativeJS: │ '%c prev state', 'color: #9E9E9E; font-weight: bold', { publicData: { statusBarHeight: 28, isLogin: true },
05-26 19:22:23.958 14022 14053 I ReactNativeJS:   homeData: 
05-26 19:22:23.958 14022 14053 I ReactNativeJS:    { recommendGoodsList: [],
05-26 19:22:23.958 14022 14053 I ReactNativeJS:      searchKey: '微笑向暖 文艺直筒苹果领衬衫女春夏长袖衬衣设计感小众2020新款',
05-26 19:22:23.958 14022 14053 I ReactNativeJS:      swiperList: 
05-26 19:22:23.958 14022 14053 I ReactNativeJS:       [ { original_img: 'https://qpsc-1256479324.cos.ap-shanghai.myqcloud.com/temp/78b912985b7e7e9b077fa7ad846c4f2f.png',
05-26 19:22:23.958 14022 14053 I ReactNativeJS:           goods_id: '1774' } ],
05-26 19:22:23.958 14022 14053 I ReactNativeJS:      activityList: 
05-26 19:22:23.958 14022 14053 I ReactNativeJS:       [ { original_img: 'https://qpsc-1256479324.cos.ap-shanghai.myqcloud.com/temp/0320be7cba40622295f834cd063943c5.png',
05-26 19:22:23.958 14022 14053 I ReactNativeJS:           activity_url: 'https://www.baidu.com' } ],
05-26 19:22:23.958 14022 14053 I ReactNativeJS:      selectedGoodsInfo: 
05-26 19:22:23.958 14022 14053 I ReactNativeJS:       { subTitle: 'IP联名爆款',
05-26 19:22:23.958 14022 14053 I ReactNativeJS:         goodsList: 
05-26 19:22:23.958 14022 14053 I ReactNativeJS:          [ { goods_id: 1768,
05-26 19:22:23.958 14022 14053 I ReactNativeJS:              original_img: 'https://qpsc-1256479324.cos.ap-shanghai.myqcloud.com/goods/4889d8d65a89413ad424d481850477a1.jpg',
05-26 19:22:23.958 14022 14053 I ReactNativeJS:              goods_name: 'Nike耐克官方NIKE COURT ROYALE AC女子漂亮衣服AO2810',
05-26 19:22:23.958 14022 14053 I ReactNativeJS:              market_price: 200,
05-26 19:22:23.958 14022 14053 I ReactNativeJS:              shop_price: 100,
05-26 19:22:23.958 14022 14053 I ReactNativeJS:              share_profit_proportion: 30,
05-26 19:22:23.958 14022 14053 I ReactNativeJS:              suppliers_id: 116,
05-26 19:22:23.958 14022 14053 I ReactNativeJS:              MyDiscounts: 9,
05-26 19:22:23.958 14022 14053 I ReactNativeJS:              is_proprietary: 1 },
05-26 19:22:23.958 14022 14053 I ReactNativeJS:            { goods_id: 1770,
05-26 19:22:23.958 14022 14053 I ReactNativeJS:              original_img: 'https://qpsc-1256479324.cos.ap-shanghai.myqcloud.com/goods/a207d61d4b0bfd41c94329df7ca1d629.jpg',
05-26 19:22:23.958 14022 14053 I ReactNativeJS:              goods_name: '梨花落了2019秋季新款文艺复古显白上衣+高腰显瘦半身裙两穿套装',
05-26 19:22:23.958 14022 14053 I ReactNativeJS:              market_price: 1000,
05-26 19:22:23.958 14022 14053 I ReactNativeJS:              shop_price: 100,
05-26 19:22:23.958 14022 14053 I ReactNativeJS:              share_profit_proportion: 30,
05-26 19:22:23.958 14022 14053 I ReactNativeJS:              suppliers_id: 120,
05-26 19:22:23.958 14022 14053 I ReactNativeJS:              MyDiscounts: 9,
05-26 19:22:23.958 14022 14053 I ReactNativeJS:              is_proprietary: 0 } ] },
05-26 19:22:23.958 14022 14053 I ReactNativeJS:      seckillList: [] },
05-26 19:22:23.958 14022 14053 I ReactNativeJS:   userData: 
05-26 19:22:23.958 14022 14053 I ReactNativeJS:    { isLogin: true,
05-26 19:22:23.958 14022 14053 I ReactNativeJS:      token: 'eyJhbGciOiJIUzI1NiIsInR5cCI6IkpXVCJ9.eyJ1aWQiOiI5NTMwNjE1NCIsImV4cCI6MTYyMjAyMjE0MywidXVpZCI6IjE5NGEyN2U0ZDYzMTRmZWQ4NmU3YjcxODFiMjgxYmIzIiwiaWF0IjoxNTkwNDg2MTQzfQ.pqHdQ8zI8f3OxkuE68MedAF1oIR6AAlMHDORyAYEhCA',
05-26 19:22:23.958 14022 14053 I ReactNativeJS:      userInfo: 
05-26 19:22:23.958 14022 14053 I ReactNativeJS:       { userId: '95306154',
05-26 19:22:23.958 14022 14053 I ReactNativeJS:         userAvatar: 'https://wx.qlogo.cn/mmopen/vi_32/Q0j4TwGTfTKKNpXoprxcHqV93R4T66zTy3tfWys1YUpOflIutuVqlswa36iccnLeEhicibD4cUF551yDKKIQM5orQ/132',
05-26 19:22:23.958 14022 14053 I ReactNativeJS:         nickName: 'silence',
05-26 19:22:23.958 14022 14053 I ReactNativeJS:         identityName: '刘强',
05-26 19:22:23.958 14022 14053 I ReactNativeJS:         userTel: '18768496606',
05-26 19:22:23.958 14022 14053 I ReactNativeJS:         userLevel: [ '1', '2' ],
05-26 19:22:23.958 14022 14053 I ReactNativeJS:         bgc: null,
05-26 19:22:23.958 14022 14053 I ReactNativeJS:         collectionCount: 1,
05-26 19:22:23.958 14022 14053 I ReactNativeJS:         storeFollow: 0,
05-26 19:22:23.958 14022 14053 I ReactNativeJS:         likeContent: 3,
05-26 19:22:23.958 14022 14053 I ReactNativeJS:         card: 0,
05-26 19:22:23.958 14022 14053 I ReactNativeJS:         inviteCode: '38c1c6',
05-26 19:22:23.958 14022 14053 I ReactNativeJS:         anchorCount: 1,
05-26 19:22:23.958 14022 14053 I ReactNativeJS:         accountMoney: 0,
05-26 19:22:23.958 14022 14053 I ReactNativeJS:         frozenMoney: 0,
05-26 19:22:23.958 14022 14053 I ReactNativeJS:         quanPinMoney: 0,
05-26 19:22:23.958 14022 14053 I ReactNativeJS:         totalProfit: 0,
05-26 19:22:23.958 14022 14053 I ReactNativeJS:         consumeMoney: 0,
05-26 19:22:23.958 14022 14053 I ReactNativeJS:         saveMoney: 7,
05-26 19:22:23.958 14022 14053 I ReactNativeJS:         hasSettle: null,
05-26 19:22:23.958 14022 14053 I ReactNativeJS:         willSettle: 7,
05-26 19:22:23.958 14022 14053 I ReactNativeJS:         hasWithdraw: null,
05-26 19:22:23.958 14022 14053 I ReactNativeJS:         needMoney: null,
05-26 19:22:23.958 14022 14053 I ReactNativeJS:         nextLevel: null,
05-26 19:22:23.958 14022 14053 I ReactNativeJS:         publishCount: 2,
05-26 19:22:23.958 14022 14053 I ReactNativeJS:         fansCount: 0,
05-26 19:22:23.958 14022 14053 I ReactNativeJS:         lookCount: 64,
05-26 19:22:23.958 14022 14053 I ReactNativeJS:         liveMoney: '1',
05-26 19:22:23.958 14022 14053 I ReactNativeJS:         userRole: '1,2' } },
05-26 19:22:23.958 14022 14053 I ReactNativeJS:   cartData: { cartActionType: '管理', cartList: [] },
05-26 19:22:23.958 14022 14053 I ReactNativeJS:   addressData: { addressList: [], choosedAddress: {} },
05-26 19:22:23.958 14022 14053 I ReactNativeJS:   worksData: { goodsList: [], addedGoodsList: [], mediaList: [ { uri: 19 } ] },
05-26 19:22:23.958 14022 14053 I ReactNativeJS:   im: 
05-26 19:22:23.958 14022 14053 I ReactNativeJS:    { isIMSDKReady: false,
05-26 19:22:23.958 14022 14053 I ReactNativeJS:      room: undefined,
05-26 19:22:23.958 14022 14053 I ReactNativeJS:      roomMemberNum: 0,
05-26 19:22:23.958 14022 14053 I ReactNativeJS:      roomMessages: [],
05-26 19:22:23.958 14022 14053 I ReactNativeJS:      orderMessages: [],
05-26 19:22:23.958 14022 14053 I ReactNativeJS:      followMessages: [],
05-26 19:22:23.958 14022 14053 I ReactNativeJS:      isOnLine: undefined,
05-26 19:22:23.958 14022 14053 I ReactNativeJS:      userSig: 'eJw1jk0LgkAURf-LbAt7M86oz3UkQpsoIqGN*kabJLHxoyj674nW8t7D4d43O2z3jn42xmoWCoUCYDl1g7YsZMIBNueWqrRpDLGQSwCXu76PMzGk684UZhI8qUBgqoKsoNzjwd825QgrixdRRxQvWhXv7LU-njCwpeXrxxBr7eerO4nNK0qy5NyPI-SzO3Mb33GFIFFwKT9f1WE0-g__' },
05-26 19:22:23.958 14022 14053 I ReactNativeJS:   live: 
05-26 19:22:23.958 14022 14053 I ReactNativeJS:    { liveConfig: { cover: undefined, title: '' },
05-26 19:22:23.958 14022 14053 I ReactNativeJS:      pusherConfig: 
05-26 19:22:23.958 14022 14053 I ReactNativeJS:       { rtmpURL: '',
05-26 19:22:23.958 14022 14053 I ReactNativeJS:         camera: 'front',
05-26 19:22:23.958 14022 14053 I ReactNativeJS:         started: true,
05-26 19:22:23.958 14022 14053 I ReactNativeJS:         faceBeautyEnable: true,
05-26 19:22:23.958 14022 14053 I ReactNativeJS:         faceBeautySetting: { beautyLevel: 0, whiten: 0, redden: 0 },
05-26 19:22:23.958 14022 14053 I ReactNativeJS:         muted: false,
05-26 19:22:23.958 14022 14053 I ReactNativeJS:         zoom: 1,
05-26 19:22:23.958 14022 14053 I ReactNativeJS:         focus: false,
05-26 19:22:23.958 14022 14053 I ReactNativeJS:         watermarkSetting: 
05-26 19:22:23.958 14022 14053 I ReactNativeJS:          { src: null,
05-26 19:22:23.958 14022 14053 I ReactNativeJS:            alpha: 122,
05-26 19:22:23.958 14022 14053 I ReactNativeJS:            position: { x: 0, y: 0 },
05-26 19:22:23.958 14022 14053 I ReactNativeJS:            size: { width: 50, height: 50 } },
05-26 19:22:23.958 14022 14053 I ReactNativeJS:         pictureStreamingFile: null,
05-26 19:22:23.958 14022 14053 I ReactNativeJS:         pictureStreamingEnable: false,
05-26 19:22:23.958 14022 14053 I ReactNativeJS:         torchEnable: false,
05-26 19:22:23.958 14022 14053 I ReactNativeJS:         previewMirrorEnable: false,
05-26 19:22:23.958 14022 14053 I ReactNativeJS:         encodingMirrorEnable: false,
05-26 19:22:23.958 14022 14053 I ReactNativeJS:         audioMixFile: { fil
05-26 19:22:23.959 14022 14053 I ReactNativeJS: │ '%c action    ', 'color: #03A9F4; font-weight: bold', { type: 'SWIPER_LIST',
05-26 19:22:23.959 14022 14053 I ReactNativeJS:   payload: 
05-26 19:22:23.959 14022 14053 I ReactNativeJS:    [ { original_img: 'https://qpsc-1256479324.cos.ap-shanghai.myqcloud.com/temp/78b912985b7e7e9b077fa7ad846c4f2f.png',
05-26 19:22:23.959 14022 14053 I ReactNativeJS:        goods_id: '1774' } ] }
05-26 19:22:23.962 14022 14053 I ReactNativeJS: │ '%c next state', 'color: #4CAF50; font-weight: bold', { publicData: { statusBarHeight: 28, isLogin: true },
05-26 19:22:23.962 14022 14053 I ReactNativeJS:   homeData: 
05-26 19:22:23.962 14022 14053 I ReactNativeJS:    { recommendGoodsList: [],
05-26 19:22:23.962 14022 14053 I ReactNativeJS:      searchKey: '微笑向暖 文艺直筒苹果领衬衫女春夏长袖衬衣设计感小众2020新款',
05-26 19:22:23.962 14022 14053 I ReactNativeJS:      activityList: 
05-26 19:22:23.962 14022 14053 I ReactNativeJS:       [ { original_img: 'https://qpsc-1256479324.cos.ap-shanghai.myqcloud.com/temp/0320be7cba40622295f834cd063943c5.png',
05-26 19:22:23.962 14022 14053 I ReactNativeJS:           activity_url: 'https://www.baidu.com' } ],
05-26 19:22:23.962 14022 14053 I ReactNativeJS:      selectedGoodsInfo: 
05-26 19:22:23.962 14022 14053 I ReactNativeJS:       { subTitle: 'IP联名爆款',
05-26 19:22:23.962 14022 14053 I ReactNativeJS:         goodsList: 
05-26 19:22:23.962 14022 14053 I ReactNativeJS:          [ { goods_id: 1768,
05-26 19:22:23.962 14022 14053 I ReactNativeJS:              original_img: 'https://qpsc-1256479324.cos.ap-shanghai.myqcloud.com/goods/4889d8d65a89413ad424d481850477a1.jpg',
05-26 19:22:23.962 14022 14053 I ReactNativeJS:              goods_name: 'Nike耐克官方NIKE COURT ROYALE AC女子漂亮衣服AO2810',
05-26 19:22:23.962 14022 14053 I ReactNativeJS:              market_price: 200,
05-26 19:22:23.962 14022 14053 I ReactNativeJS:              shop_price: 100,
05-26 19:22:23.962 14022 14053 I ReactNativeJS:              share_profit_proportion: 30,
05-26 19:22:23.962 14022 14053 I ReactNativeJS:              suppliers_id: 116,
05-26 19:22:23.962 14022 14053 I ReactNativeJS:              MyDiscounts: 9,
05-26 19:22:23.962 14022 14053 I ReactNativeJS:              is_proprietary: 1 },
05-26 19:22:23.962 14022 14053 I ReactNativeJS:            { goods_id: 1770,
05-26 19:22:23.962 14022 14053 I ReactNativeJS:              original_img: 'https://qpsc-1256479324.cos.ap-shanghai.myqcloud.com/goods/a207d61d4b0bfd41c94329df7ca1d629.jpg',
05-26 19:22:23.962 14022 14053 I ReactNativeJS:              goods_name: '梨花落了2019秋季新款文艺复古显白上衣+高腰显瘦半身裙两穿套装',
05-26 19:22:23.962 14022 14053 I ReactNativeJS:              market_price: 1000,
05-26 19:22:23.962 14022 14053 I ReactNativeJS:              shop_price: 100,
05-26 19:22:23.962 14022 14053 I ReactNativeJS:              share_profit_proportion: 30,
05-26 19:22:23.962 14022 14053 I ReactNativeJS:              suppliers_id: 120,
05-26 19:22:23.962 14022 14053 I ReactNativeJS:              MyDiscounts: 9,
05-26 19:22:23.962 14022 14053 I ReactNativeJS:              is_proprietary: 0 } ] },
05-26 19:22:23.962 14022 14053 I ReactNativeJS:      seckillList: [],
05-26 19:22:23.962 14022 14053 I ReactNativeJS:      swiperList: 
05-26 19:22:23.962 14022 14053 I ReactNativeJS:       [ { original_img: 'https://qpsc-1256479324.cos.ap-shanghai.myqcloud.com/temp/78b912985b7e7e9b077fa7ad846c4f2f.png',
05-26 19:22:23.962 14022 14053 I ReactNativeJS:           goods_id: '1774' } ] },
05-26 19:22:23.962 14022 14053 I ReactNativeJS:   userData: 
05-26 19:22:23.962 14022 14053 I ReactNativeJS:    { isLogin: true,
05-26 19:22:23.962 14022 14053 I ReactNativeJS:      token: 'eyJhbGciOiJIUzI1NiIsInR5cCI6IkpXVCJ9.eyJ1aWQiOiI5NTMwNjE1NCIsImV4cCI6MTYyMjAyMjE0MywidXVpZCI6IjE5NGEyN2U0ZDYzMTRmZWQ4NmU3YjcxODFiMjgxYmIzIiwiaWF0IjoxNTkwNDg2MTQzfQ.pqHdQ8zI8f3OxkuE68MedAF1oIR6AAlMHDORyAYEhCA',
05-26 19:22:23.962 14022 14053 I ReactNativeJS:      userInfo: 
05-26 19:22:23.962 14022 14053 I ReactNativeJS:       { userId: '95306154',
05-26 19:22:23.962 14022 14053 I ReactNativeJS:         userAvatar: 'https://wx.qlogo.cn/mmopen/vi_32/Q0j4TwGTfTKKNpXoprxcHqV93R4T66zTy3tfWys1YUpOflIutuVqlswa36iccnLeEhicibD4cUF551yDKKIQM5orQ/132',
05-26 19:22:23.962 14022 14053 I ReactNativeJS:         nickName: 'silence',
05-26 19:22:23.962 14022 14053 I ReactNativeJS:         identityName: '刘强',
05-26 19:22:23.962 14022 14053 I ReactNativeJS:         userTel: '18768496606',
05-26 19:22:23.962 14022 14053 I ReactNativeJS:         userLevel: [ '1', '2' ],
05-26 19:22:23.962 14022 14053 I ReactNativeJS:         bgc: null,
05-26 19:22:23.962 14022 14053 I ReactNativeJS:         collectionCount: 1,
05-26 19:22:23.962 14022 14053 I ReactNativeJS:         storeFollow: 0,
05-26 19:22:23.962 14022 14053 I ReactNativeJS:         likeContent: 3,
05-26 19:22:23.962 14022 14053 I ReactNativeJS:         card: 0,
05-26 19:22:23.962 14022 14053 I ReactNativeJS:         inviteCode: '38c1c6',
05-26 19:22:23.962 14022 14053 I ReactNativeJS:         anchorCount: 1,
05-26 19:22:23.962 14022 14053 I ReactNativeJS:         accountMoney: 0,
05-26 19:22:23.962 14022 14053 I ReactNativeJS:         frozenMoney: 0,
05-26 19:22:23.962 14022 14053 I ReactNativeJS:         quanPinMoney: 0,
05-26 19:22:23.962 14022 14053 I ReactNativeJS:         totalProfit: 0,
05-26 19:22:23.962 14022 14053 I ReactNativeJS:         consumeMoney: 0,
05-26 19:22:23.962 14022 14053 I ReactNativeJS:         saveMoney: 7,
05-26 19:22:23.962 14022 14053 I ReactNativeJS:         hasSettle: null,
05-26 19:22:23.962 14022 14053 I ReactNativeJS:         willSettle: 7,
05-26 19:22:23.962 14022 14053 I ReactNativeJS:         hasWithdraw: null,
05-26 19:22:23.962 14022 14053 I ReactNativeJS:         needMoney: null,
05-26 19:22:23.962 14022 14053 I ReactNativeJS:         nextLevel: null,
05-26 19:22:23.962 14022 14053 I ReactNativeJS:         publishCount: 2,
05-26 19:22:23.962 14022 14053 I ReactNativeJS:         fansCount: 0,
05-26 19:22:23.962 14022 14053 I ReactNativeJS:         lookCount: 64,
05-26 19:22:23.962 14022 14053 I ReactNativeJS:         liveMoney: '1',
05-26 19:22:23.962 14022 14053 I ReactNativeJS:         userRole: '1,2' } },
05-26 19:22:23.962 14022 14053 I ReactNativeJS:   cartData: { cartActionType: '管理', cartList: [] },
05-26 19:22:23.962 14022 14053 I ReactNativeJS:   addressData: { addressList: [], choosedAddress: {} },
05-26 19:22:23.962 14022 14053 I ReactNativeJS:   worksData: { goodsList: [], addedGoodsList: [], mediaList: [ { uri: 19 } ] },
05-26 19:22:23.962 14022 14053 I ReactNativeJS:   im: 
05-26 19:22:23.962 14022 14053 I ReactNativeJS:    { isIMSDKReady: false,
