05-26 19:22:28.498 14022 14053 I ReactNativeJS:         watermarkSetting:
05-26 19:22:28.498 14022 14053 I ReactNativeJS: ┘ 
05-26 19:22:28.824 14022 14053 I ReactNativeJS: true, 'b01_isPermissionGranted'
05-26 19:22:28.825 14022 14053 I ReactNativeJS: { camera: 'front',
05-26 19:22:28.825 14022 14053 I ReactNativeJS:   started: true,
05-26 19:22:28.825 14022 14053 I ReactNativeJS:   faceBeautyEnable: true,
05-26 19:22:28.825 14022 14053 I ReactNativeJS:   faceBeautySetting: { beautyLevel: 0, whiten: 0, redden: 0 },
05-26 19:22:28.825 14022 14053 I ReactNativeJS:   muted: false,
05-26 19:22:28.825 14022 14053 I ReactNativeJS:   zoom: 1,
05-26 19:22:28.825 14022 14053 I ReactNativeJS:   focus: false,
05-26 19:22:28.825 14022 14053 I ReactNativeJS:   watermarkSetting: 
05-26 19:22:28.825 14022 14053 I ReactNativeJS:    { src: null,
05-26 19:22:28.825 14022 14053 I ReactNativeJS:      alpha: 122,
05-26 19:22:28.825 14022 14053 I ReactNativeJS:      position: { x: 0, y: 0 },
05-26 19:22:28.825 14022 14053 I ReactNativeJS:      size: { width: 50, height: 50 } },
05-26 19:22:28.825 14022 14053 I ReactNativeJS:   pictureStreamingFile: null,
05-26 19:22:28.825 14022 14053 I ReactNativeJS:   pictureStreamingEnable: false,
05-26 19:22:28.825 14022 14053 I ReactNativeJS:   torchEnable: false,
05-26 19:22:28.825 14022 14053 I ReactNativeJS:   previewMirrorEnable: false,
05-26 19:22:28.825 14022 14053 I ReactNativeJS:   encodingMirrorEnable: false,
05-26 19:22:28.825 14022 14053 I ReactNativeJS:   audioMixFile: { filePath: null, loop: true },
05-26 19:22:28.825 14022 14053 I ReactNativeJS:   playMixAudio: false,
05-26 19:22:28.825 14022 14053 I ReactNativeJS:   audioMixVolume: { micVolume: 0.5, musicVolume: 0.5 },
05-26 19:22:28.825 14022 14053 I ReactNativeJS:   playbackEnable: false,
05-26 19:22:28.825 14022 14053 I ReactNativeJS:   style: { width: '100%', height: '100%', backgroundColor: 'transparent' },
05-26 19:22:28.825 14022 14053 I ReactNativeJS:   profile: 
05-26 19:22:28.825 14022 14053 I ReactNativeJS:    { videoStreamingSetting: 
05-26 19:22:28.825 14022 14053 I ReactNativeJS:       { fps: 30,
05-26 19:22:28.825 14022 14053 I ReactNativeJS:         bps: 1024000,
05-26 19:22:28.825 14022 14053 I ReactNativeJS:         maxFrameInterval: 60,
05-26 19:22:28.825 14022 14053 I ReactNativeJS:         encodeOrientation: 0,
05-26 19:22:28.825 14022 14053 I ReactNativeJS:         h264Profile: 0,
05-26 19:22:28.825 14022 14053 I ReactNativeJS:         customVideoEncodeSize: { width: 360, height: 777.3333333333334 } },
05-26 19:22:28.825 14022 14053 I ReactNativeJS:      audioStreamingSetting: { rate: 44100, bitrate: 98304 },
05-26 19:22:28.825 14022 14053 I ReactNativeJS:      encodingSize: 1,
05-26 19:22:28.825 14022 14053 I ReactNativeJS:      avCodecType: 3,
05-26 19:22:28.825 14022 14053 I ReactNativeJS:      cameraStreamingSetting: { resolution: 3, focusMode: 2, videoOrientation: 1 },
05-26 19:22:28.825 14022 14053 I ReactNativeJS:      microphoneSteamingSetting: { sampleRate: 44100, channel: 0, isAecEnable: false },
05-26 19:22:28.825 14022 14053 I ReactNativeJS:      quicEnable: false,
05-26 19:22:28.825 14022 14053 I ReactNativeJS:      bitrateAdjustMode: 0,
05-26 19:22:28.825 14022 14053 I ReactNativeJS:      adaptiveBitrateRange: { minBitrate: 1024, maxBitrate: 1048576 },
05-26 19:22:28.825 14022 14053 I ReactNativeJS:      encoderRCMode: 1,
05-26 19:22:28.825 14022 14053 I ReactNativeJS:      streamInfoUpdateInterval: 5,
05-26 19:22:28.825 14022 14053 I ReactNativeJS:      video: 
05-26 19:22:28.825 14022 14053 I ReactNativeJS:       { fps: 30,
05-26 19:22:28.825 14022 14053 I ReactNativeJS:         bps: 1024000,
05-26 19:22:28.825 14022 14053 I ReactNativeJS:         maxFrameInterval: 60,
05-26 19:22:28.825 14022 14053 I ReactNativeJS:         encodeOrientation: 0,
05-26 19:22:28.825 14022 14053 I ReactNativeJS:         h264Profile: 0,
05-26 19:22:28.825 14022 14053 I ReactNativeJS:         customVideoEncodeSize: { width: 360, height: 777.3333333333334 } },
05-26 19:22:28.825 14022 14053 I ReactNativeJS:      audio: { rate: 44100, bitrate: 98304 } },
05-26 19:22:28.825 14022 14053 I ReactNativeJS:   rtmpURL: 'rtmp://pili-publish.youzfx.cn/pili-yunshanbo/anchor79live202?e=1590578548881&token=E3bDHZLzk-kHBbWqt8Xb_OWRglxGhIToW8tSIx-c:1cO_Nkuy0sPfK1TjTWN8QPQHhKY=' }, 'b01_pusherConfig'
05-26 19:22:28.825 14022 14053 I ReactNativeJS: 'rtmp://pili-publish.youzfx.cn/pili-yunshanbo/anchor79live202?e=1590578548881&token=E3bDHZLzk-kHBbWqt8Xb_OWRglxGhIToW8tSIx-c:1cO_Nkuy0sPfK1TjTWN8QPQHhKY=', 'b01_pushUrl'
05-26 19:22:28.825 14022 14053 I ReactNativeJS: true, 'b01_showPusher'
05-26 19:22:28.834 14022 14022 I PLStreamingViewManager: createViewInstance
05-26 19:22:28.835 14022 14022 I PLDroidMediaStreaming: Pili-Interface:StreamingEnv:init
05-26 19:22:28.859 14022 14022 I PLDroidMediaStreaming: GlUtil:GL info, version:3, supports rg ext:true
05-26 19:22:28.859 14022 14022 I PLDroidMediaStreaming: Pili-Interface:StreamingEnv:init success !
05-26 19:22:28.860 14022 14022 D SurfaceView: hqv registerHqvListen
05-26 19:22:28.862 14022 14022 I CameraPreviewFrameView: initialize
05-26 19:22:28.863 14022 14022 I PLStreamingViewManager: file = null loop = true
05-26 19:22:28.863 14022 14022 I PLStreamingViewManager: setAudioMixVolume : 0.5 0.5
05-26 19:22:28.863 14022 14022 I PLStreamingViewManager: setPublishUrl : rtmp://pili-publish.youzfx.cn/pili-yunshanbo/anchor79live202?e=1590578548881&token=E3bDHZLzk-kHBbWqt8Xb_OWRglxGhIToW8tSIx-c:1cO_Nkuy0sPfK1TjTWN8QPQHhKY=
05-26 19:22:28.863 14022 14022 I PLStreamingViewManager: setStreamingProfile
05-26 19:22:28.864 14022 14172 I DpmTcmClient: RegisterTcmMonitor from: $Proxy0
05-26 19:22:28.865 14022 14022 I PLDroidMediaStreaming: Pili-Interface:StreamingProfile:setPreferredVideoEncodingSize: width = 360, height = 777, image width = 0, image height = 0
05-26 19:22:28.872 14022 14022 W PLDroidMediaStreaming: CameraStreamingSetting:ContinuousFocusModeEnabled had been forced to:true
05-26 19:22:28.897 14022 14022 E PLDroidMediaStreaming: Pili-Capture:MicrophoneSetting:setAECEnabled false
05-26 19:22:28.897 14022 14022 I PLDroidMediaStreaming: Pili-Interface:MediaStreamingManager:created, AVCodecType = SW_VIDEO_WITH_HW_AUDIO_CODEC
05-26 19:22:28.899 14022 14022 I PLDroidMediaStreaming: Pili-System:MediaStreamingManager:{"device_model":"OPPOPCLM10","os_version":"os version:10, Android SDK_INT:29, SoC Hardware:qcom","sdk_version":"librtmp-1.1.0;PLDroidCameraStreaming-2.4.0","app_name":"com.championapp","app_version":"1.0","gl_version":3}
05-26 19:22:28.900 14022 14022 I PLDroidMediaStreaming: Pili-Interface:MediaStreamingManager:prepare, camSetting = {"PrvSizeLevel":"MEDIUM","PrvSizeRatio":"RATIO_16_9","BuiltInFBEnabled":true,"FBSetting":"[1.0,0.5,0.5]","VideoFilterType":"VIDEO_FILTER_BEAUTY","CameraFacingId":"CAMERA_FACING_FRONT","ContinuousFocusMode":true,"PreviewSizeOptimize":false,"RecordingHint":false,"FocusMode":"continuous-video","EncodingMirror":false,"PreviewMirror":false}, microphoneSetting = {"SampleRate":44100,"Channel":16,"BluetoothSCOEnabled":false,"AudioPtsOptimizeEnable":true,"IsAECEnabled":false}, wmSetting = null, profile = {"PreferredVideoEncodingWidth":360,"PreferredVideoEncodingHeight":777,"QuicEnable":false,"SendTimeout":3,"EncoderRCMode":"BITRATE_PRIORITY","FpsController":true,"AdjustBitrate":false,"AdaptiveBitrate":false,"EncodingOrientation":"PORT","VideoQuality":12,"AudioQuality":20,"VideoProfile":"VideoProfile: [30fps,1024000bps, GOP:60,BASELINE,avcc=true]","AudioProfile":"AudioProfile: [44100Hz,98304bps]"}, previewAppearance = null
05-26 19:22:28.900 14022 14022 I PLDroidMediaStreaming: Pili-Streaming:AudioEncoderConfig:sample:44100, bitrate:98304
05-26 19:22:28.901 14022 14022 I PLDroidMediaStreaming: Pili-Encode:EncodingConfig:setStreamingProfile profile:{"PreferredVideoEncodingWidth":360,"PreferredVideoEncodingHeight":777,"QuicEnable":false,"SendTimeout":3,"EncoderRCMode":"BITRATE_PRIORITY","FpsController":true,"AdjustBitrate":false,"AdaptiveBitrate":false,"EncodingOrientation":"PORT","VideoQuality":12,"AudioQuality":20,"VideoProfile":"VideoProfile: [30fps,1024000bps, GOP:60,BASELINE,avcc=true]","AudioProfile":"AudioProfile: [44100Hz,98304bps]"},stream:null,mEncodingSizeRatio:RATIO_16_9
05-26 19:22:28.901 14022 14022 I PLDroidMediaStreaming: Pili-Encode:EncodingConfig:isEncodingLandscape:false
05-26 19:22:28.901 14022 14022 I PLDroidMediaStreaming: Pili-Encode:EncodingConfig:setStreamingProfile mFormat=RTMP
05-26 19:22:28.918 14022 14022 I PLDroidMediaStreaming: Pili-Processing:ProcessingManager:using the built-in fb
05-26 19:22:28.926 14022 14022 I PLDroidMediaStreaming: Pili-Interface:MediaStreamingManager:setStreamingSessionListener true
05-26 19:22:28.927 14022 14022 I PLDroidMediaStreaming: Pili-Interface:MediaStreamingManager:setStreamingStateListener true
05-26 19:22:28.927 14022 14022 I PLDroidMediaStreaming: Pili-Interface:MediaStreamingManager:setStreamStatusCallback true
05-26 19:22:28.927 14022 14022 I PLStreamingViewManager: setFocus : false
05-26 19:22:28.927 14022 14022 I PLStreamingViewManager: setStarted : true
05-26 19:22:28.927 14022 14022 I PLStreamingViewManager: setZoom : 1
05-26 19:22:28.927 14022 14022 I PLDroidMediaStreaming: Pili-Interface:MediaStreamingManager:setZoomValue 0
05-26 19:22:28.927 14022 14022 I PLStreamingViewManager: updateWatermarkSetting
05-26 19:22:28.927 14022 14022 I PLDroidMediaStreaming: Pili-Interface:MediaStreamingManager:updateWatermarkSetting null
05-26 19:22:28.927 14022 14022 I PLStreamingViewManager: setFaceBeautyOn : true
05-26 19:22:28.927 14022 14022 I PLDroidMediaStreaming: Pili-Interface:MediaStreamingManager:setVideoFilterType VIDEO_FILTER_BEAUTY
05-26 19:22:28.927 14022 14022 I PLDroidMediaStreaming: Pili-Processing:ProcessingManager:mFilterType:VIDEO_FILTER_BEAUTY
05-26 19:22:28.928 14022 14179 I PLDroidMediaStreaming: Pili-Interface:MediaStreamingManager:startStreaming  mIsInitialized true mRecordingEnabled=false,mIsPreviewReady=false,mDisconnectedWhilePictureStreaming=false,mIsOnlyAudioStreaming=false
05-26 19:22:28.928 14022 14022 I PLStreamingViewManager: togglePictureStreaming : false
05-26 19:22:28.928 14022 14022 I PLStreamingViewManager: togglePlayback : false
05-26 19:22:28.928 14022 14022 I PLStreamingViewManager: enableTorch : false
05-26 19:22:28.928 14022 14022 I PLDroidMediaStreaming: Pili-Interface:MediaStreamingManager:turnLightOff
05-26 19:22:28.929 14022 14022 I PLDroidMediaStreaming: CompatibleManager:Build.MODEL:PCLM10
05-26 19:22:28.929 14022 14022 I PLStreamingViewManager: playMixAudio : false
05-26 19:22:28.929 14022 14022 I PLStreamingViewManager: updateFaceBeautySetting
05-26 19:22:28.929 14022 14022 I PLDroidMediaStreaming: Pili-Interface:MediaStreamingManager:updateFaceBeautySetting [0.0,0.0,0.0]
05-26 19:22:28.929 14022 14022 I PLDroidMediaStreaming: Pili-Processing:ProcessingManager:mFilterType:VIDEO_FILTER_BEAUTY
05-26 19:22:28.929 14022 14022 I PLStreamingViewManager: setPreviewMirror : false
05-26 19:22:28.929 14022 14022 I PLDroidMediaStreaming: Pili-Interface:MediaStreamingManager:setPreviewMirror false
05-26 19:22:28.929 14022 14022 I PLStreamingViewManager: setCameraId : front
05-26 19:22:28.929 14022 14022 I PLDroidMediaStreaming: Pili-Interface:MediaStreamingManager:switchCamera facingId = CAMERA_FACING_FRONTmRecordingEnabled:false
05-26 19:22:28.930 14022 14022 E libc    : Access denied finding property "vendor.camera.aux.packagelist"
05-26 19:22:28.937   802 14174 E ResolverController: No valid NAT64 prefix (876, <unspecified>/0)
05-26 19:22:28.940 14022 14022 I PLDroidMediaStreaming: Pili-Capture:CameraManager:switchCamera current cameraid:1,mRecordingEnabled=false
05-26 19:22:28.940 14022 14022 I PLDroidMediaStreaming: Pili-Capture:CameraManager:launchCameraStartUpThread mCameraStartUpThread:null
05-26 19:22:28.940 14022 14022 I PLDroidMediaStreaming: Pili-Capture:CameraManager:launchCameraStartUpThread -
05-26 19:22:28.941 14022 14022 I PLStreamingViewManager: setPictureStreamingFile : null
05-26 19:22:28.941 14022 14022 I PLStreamingViewManager: setMuted : false
05-26 19:22:28.941 14022 14022 I PLDroidMediaStreaming: Pili-Interface:MediaStreamingManager:mute false
05-26 19:22:28.941 14022 14022 I PLStreamingViewManager: setEncodingMirror : false
05-26 19:22:28.941 14022 14022 I PLDroidMediaStreaming: Pili-Interface:MediaStreamingManager:setEncodingMirror false
05-26 19:22:28.941 14022 14022 I PLDroidMediaStreaming: Pili-Streaming:YUVDataTransfer:setEncodingMirror failed
05-26 19:22:28.941 14022 14175 I PLDroidMediaStreaming: Pili-Capture:CameraManager:openCameraInternal id:1,tid:67883
05-26 19:22:28.941 14022 14175 E libc    : Access denied finding property "vendor.camera.aux.packagelist"
05-26 19:22:28.942 14022 14022 D SurfaceView: 234115445 updateRequestedVisibility, mViewVisibility:true, mWindowVisibility:false, mWindowStopped:false by android.view.SurfaceView.onAttachedToWindow:344 android.opengl.GLSurfaceView.onAttachedToWindow:619 android.view.View.dispatchAttachedToWindow:19794 android.view.ViewGroup.addViewInner:5251 android.view.ViewGroup.addView:5029 com.facebook.react.views.view.ReactViewGroup.addView:453 android.view.ViewGroup.addView:4969 com.facebook.react.views.view.ReactViewManager.addView:355 
05-26 19:22:28.942 14022 14022 D SurfaceView: 234115445 updateRequestedVisibility, mViewVisibility:true, mWindowVisibility:true, mWindowStopped:false by android.view.SurfaceView.onWindowVisibilityChanged:360 android.view.View.dispatchAttachedToWindow:19811 android.view.ViewGroup.addViewInner:5251 android.view.ViewGroup.addView:5029 com.facebook.react.views.view.ReactViewGroup.addView:453 android.view.ViewGroup.addView:4969 com.facebook.react.views.view.ReactViewManager.addView:355 com.facebook.react.views.view.ReactViewManager.addView:37 
05-26 19:22:28.943  1648  3006 D OppoDisplayPolicy: com.championapp, no change cutoutMode: 0
05-26 19:22:28.944 14022 14175 E libc    : Access denied finding property "vendor.camera.hal1.packagelist"
05-26 19:22:28.944 14022 14175 E CheckPermission: camera-code= 3
05-26 19:22:28.944 14022 14053 I ReactNativeJS: [ { ID: 'GROUPlive202-63-1472058937-0',
05-26 19:22:28.944 14022 14053 I ReactNativeJS:     conversationID: 'GROUPlive202',
05-26 19:22:28.944 14022 14053 I ReactNativeJS:     conversationType: 'GROUP',
05-26 19:22:28.944 14022 14053 I ReactNativeJS:     conversationSubType: undefined,
05-26 19:22:28.944 14022 14053 I ReactNativeJS:     time: 1590492149,
05-26 19:22:28.944 14022 14053 I ReactNativeJS:     sequence: 63,
05-26 19:22:28.944 14022 14053 I ReactNativeJS:     clientSequence: 63,
05-26 19:22:28.944 14022 14053 I ReactNativeJS:     random: 1472058937,
05-26 19:22:28.944 14022 14053 I ReactNativeJS:     priority: 'Lowest',
05-26 19:22:28.944 14022 14053 I ReactNativeJS:     nick: '',
05-26 19:22:28.944 14022 14053 I ReactNativeJS:     avatar: '',
05-26 19:22:28.944 14022 14053 I ReactNativeJS:     _elements: 
05-26 19:22:28.944 14022 14053 I ReactNativeJS:      [ { type: 'TIMGroupTipElem',
05-26 19:22:28.944 14022 14053 I ReactNativeJS:          content: 
05-26 19:22:28.944 14022 14053 I ReactNativeJS:           { operationType: 1,
05-26 19:22:28.944 14022 14053 I ReactNativeJS:             operatorID: '645029a58bfdc618',
05-26 19:22:28.944 14022 14053 I ReactNativeJS:             userIDList: [ '645029a58bfdc618' ],
05-26 19:22:28.944 14022 14053 I ReactNativeJS:             memberNum: 3,
05-26 19:22:28.944 14022 14053 I ReactNativeJS:             groupProfile: 
05-26 19:22:28.944 14022 14053 I ReactNativeJS:              { from: '@TIM#SYSTEM',
05-26 19:22:28.944 14022 14053 I ReactNativeJS:                to: '645029a58bfdc618',
05-26 19:22:28.944 14022 14053 I ReactNativeJS:                groupID: 'live202' } } } ],
05-26 19:22:28.944 14022 14053 I ReactNativeJS:     isPlaceMessage: 0,
05-26 19:22:28.944 14022 14053 I ReactNativeJS:     isRevoked: false,
05-26 19:22:28.944 14022 14053 I ReactNativeJS:     geo: {},
05-26 19:22:28.944 14022 14053 I ReactNativeJS:     from: '@TIM#SYSTEM',
05-26 19:22:28.944 14022 14053 I ReactNativeJS:     to: 'live202',
05-26 19:22:28.944 14022 14053 I ReactNativeJS:     flow: 'in',
05-26 19:22:28.944 14022 14053 I ReactNativeJS:     isSystemMessage: false,
05-26 19:22:28.944 14022 14053 I ReactNativeJS:     protocol: 'JSON',
05-26 19:22:28.944 14022 14053 I ReactNativeJS:     isResend: false,
05-26 19:22:28.944 14022 14053 I ReactNativeJS:     isRead: false,
05-26 19:22:28.944 14022 14053 I ReactNativeJS:     status: 'success',
05-26 19:22:28.944 14022 14053 I ReactNativeJS:     payload: 
05-26 19:22:28.944 14022 14053 I ReactNativeJS:      { operationType: 1,
05-26 19:22:28.944 14022 14053 I ReactNativeJS:        operatorID: '645029a58bfdc618',
05-26 19:22:28.944 14022 14053 I ReactNativeJS:        userIDList: [ '645029a58bfdc618' ],
05-26 19:22:28.944 14022 14053 I ReactNativeJS:        memberNum: 3,
05-26 19:22:28.944 14022 14053 I ReactNativeJS:        groupProfile: 
05-26 19:22:28.944 14022 14053 I ReactNativeJS:         { from: '@TIM#SYSTEM',
05-26 19:22:28.944 14022 14053 I ReactNativeJS:           to: '645029a58bfdc618',
05-26 19:22:28.944 14022 14053 I ReactNativeJS:           groupID: 'live202' } },
05-26 19:22:28.944 14022 14053 I ReactNativeJS:     type: 'TIMGroupTipElem' } ], '接收到的数据', 'TIMCustomElem'
05-26 19:22:28.944  1648  3006 D ScreenModeManager: getPreferredModeId w Window{12fada9 u0 com.championapp/com.championapp.MainActivity} rate 1
05-26 19:22:28.944  1648  3006 D ScreenModeManager: getPreferredModeId w Window{12fada9 u0 com.championapp/com.championapp.MainActivity} rate 1
05-26 19:22:28.945  1648  3006 E ScreenModeManager: updateGlobalModeId modeId 2 mCurrentModeId 2
05-26 19:22:28.951 14022 14022 I SurfaceView: 234115445 Changes: creating=true format=true size=true visible=true left=true top=true
05-26 19:22:28.951  1031  1123 D DispPerfService: get proc=Bounds for - com.championapp/com.championapp.MainActivity#0 none
05-26 19:22:28.953  1031  1814 D DispPerfService: get proc=SurfaceView - com.championapp/com.championapp.MainActivity#0 none
05-26 19:22:28.959  1345  4418 I CameraService: com.championapp want to connect camera1
05-26 19:22:28.959  1345  4418 I CameraService: CameraService::connect call (PID 14022 "com.championapp", camera ID 1) for HAL version default and Camera API version 1
05-26 19:22:28.961  1345  4418 E CameraService: can not read file /data/.camera/RUS_camera_hardware_thirdParty.
05-26 19:22:28.962   802 14185 E ResolverController: No valid NAT64 prefix (876, <unspecified>/0)
05-26 19:22:28.964 14022 14022 I SurfaceView: 234115445 mSurfaceControl 203153787 mBackgroundControl 112503704 creating: SurfaceView - com.championapp/com.championapp.MainActivity
05-26 19:22:28.965 14022 14022 I SurfaceView: 234115445 Cur surface: Surface(name=null)/@0x6c58ff1, visible=true
05-26 19:22:28.965 14022 14022 I SurfaceView: 234115445 visibleChanged:true -> SurfaceHolder.Callback.surfaceCreated
05-26 19:22:28.965 14022 14022 I SurfaceView: 234115445 surfaceChanged -- format=4 w=1080 h=2400 visibleChanged:true -> SurfaceHolder.Callback.surfaceChanged
05-26 19:22:28.965 14022 14022 D SurfaceView: updateScreenMode w:1080 h:2400 ViewRoot w:1080 h:2400
05-26 19:22:28.965 14022 14022 D SurfaceView: try to resquest 60Hz
05-26 19:22:28.965 14022 14022 D ViewRootImpl: set screen refresh mode 1 due to SurfaceView-234115445
05-26 19:22:28.965  1648  3006 D WindowManager: reques from app:ScreenModeSpec: POWERSAVE 0
05-26 19:22:28.966  1648  3006 D ScreenModeManager: setScreenFlushModeLocked token:AppWindowToken{4d6351e token=Token{e6b2559 ActivityRecord{35715a0 u0 com.championapp/.MainActivity t22986}}} mActivityName:com.championapp/.MainActivity mPackageName:com.championapp spec:ScreenModeSpec: POWERSAVE 0caller:com.android.server.wm.WindowManagerService.setScreenFlushMode:8923 com.android.server.wm.Session.setScreenFlushMode:652 android.view.IWindowSession$Stub.onTransact:1216 com.android.server.wm.Session.onTransact:140 android.os.Binder.execTransactInternal:1021 
05-26 19:22:28.966  1648  3006 D ScreenModeManager: sequenece not equal need update system:3 app:0
05-26 19:22:28.966  1648  3006 D ScreenModeManager: updateRefreshRate immediately mCurrentMode=1
05-26 19:22:28.966 14022 14022 I SurfaceView: 234115445 surfaceRedrawNeeded
05-26 19:22:28.966 14022 14022 V SurfaceView: Layout: x=0 y=0 w=1080 h=2400, frame=Rect(0, 0 - 1080, 2400)
05-26 19:22:28.966 14022 14178 W GLSurfaceView: Warning, !readyToDraw() but waiting for draw finished! Early reporting draw finished.
05-26 19:22:28.966 14022 14178 I SurfaceView: 234115445 finishedDrawing
05-26 19:22:28.966 14022 14022 D SurfaceView: updateScreenMode w:1080 h:2400 ViewRoot w:1080 h:2400
05-26 19:22:28.966 14022 14022 D SurfaceView: try to resquest 60Hz
05-26 19:22:28.966  1648  1841 D ScreenModeManager: getPreferredModeId w Window{12fada9 u0 com.championapp/com.championapp.MainActivity} rate 1
05-26 19:22:28.967  1648  1841 D ScreenModeManager: getPreferredModeId w Window{12fada9 u0 com.championapp/com.championapp.MainActivity} rate 1
05-26 19:22:28.967  1648  1841 E ScreenModeManager: updateGlobalModeId modeId 2 mCurrentModeId 2
05-26 19:22:28.967 14022 14187 D SurfaceView: 201136727 updateSurfacePosition RenderWorker, frameNr = 115, postion = [0, 0, 1080, 2400]
05-26 19:22:28.968 14022 14022 I PLStreamingViewManager: onHostResume
05-26 19:22:28.969 14022 14022 I PLDroidMediaStreaming: Pili-Interface:MediaStreamingManager:resume +
05-26 19:22:28.969  1345  4418 I CameraService: CameraService::connect, oppo.camera.packname = com.championapp
05-26 19:22:28.969  1345  4418 I Camera2ClientBase: Camera 1: Opened. Client: com.championapp (PID 14022, UID 10445)
05-26 19:22:28.969  1345  4418 E CameraService: connectHelper: in motor_socket  1
05-26 19:22:28.969  1345  4418 E CameraService: can not read rus file
05-26 19:22:28.969  1345  4418 I CameraService: g_isConfigureStreamCtrlMotor=0, upMotor=0, needMotorKeepUp = 0
05-26 19:22:28.969 14022 14022 I PLDroidMediaStreaming: Pili-Capture:CameraManager:launchCameraStartUpThread mCameraStartUpThread:Thread[CameraStartUp,5,]
05-26 19:22:28.969 14022 14022 I PLDroidMediaStreaming: Pili-Capture:CameraManager:launchCameraStartUpThread -
05-26 19:22:28.969 14022 14022 I PLDroidMediaStreaming: Pili-Interface:MediaStreamingManager:resume -
05-26 19:22:28.969 14022 14022 I Choreographer: Skipped 1 frames!  The application may be doing too much work on its main thread.
05-26 19:22:28.970  1345  4418 I CameraService: ctrl camera by motor_socket E, ctrl_buffer(1,14022,com.championapp,1,0)
05-26 19:22:28.971  1345  4418 I CameraService: ctrl camera by motor_socket X
05-26 19:22:28.971  1648  2999 D MotorSocketServer: new client coming!
05-26 19:22:28.972  1648  2999 D MotorSocketServer: readBytes = 27
05-26 19:22:28.972  1648  2999 D MotorSocketServer: ClientSocket read info = 1,14022,com.championapp,1,0
05-26 19:22:28.972  1648  2999 D MotorManagerService: msg from socket = 1,14022,com.championapp,1,0
05-26 19:22:28.972  1648  2999 D MotorSocketServer: wait for new client coming!
05-26 19:22:28.972  1648  2998 D MotorManagerService: socket from camera, cameraUserPid: 14022 mCameraID: 1  mSceneFlag: 1 mFocusPkg: com.championapp sCameraUserPkg: android autoFlashFlag: 0
05-26 19:22:28.972  1648  2998 D MotorManagerService: mSceneFlag == CAMERA_USE
05-26 19:22:28.972  1648  2998 D MotorManagerService: upMotorByAllScene :MotorManagerService mAppMotorCommand: 0 mLatestMotorCommand: 0
05-26 19:22:28.972  1648  2998 D MotorManagerService: removeOppoAlbumBackMess
05-26 19:22:28.972  1648  2998 D MotorManagerService: upMotorByAllScene upMotor sMotorDowned: true
05-26 19:22:28.972  1648  2998 D MotorManagerService: upMotor
05-26 19:22:28.972  1648  2998 D MotorManagerService: writeMotorControlData
05-26 19:22:28.974 14022 14189 E libc    : Access denied finding property "net.dns1"
05-26 19:22:28.974 14022 14189 E libc    : Access denied finding property "net.dns2"
05-26 19:22:28.974 14022 14189 E libc    : Access denied finding property "net.dns3"
05-26 19:22:28.974 14022 14189 E libc    : Access denied finding property "net.dns4"
05-26 19:22:28.976  1648  2998 E         :   getDefaultMotorControlServicemanager
05-26 19:22:28.976  1648  2998 D         : doWriteMotorData::MotorControlServiceManager = 0x711e7cabc8
05-26 19:22:28.978  1301  1301 D MotorControlService: MotorControlService  ACTION_REQUEST_WRITE_MOTOR
05-26 19:22:28.978  1301  1301 D MotorControlService: writeMotorData
05-26 19:22:28.979  1301  1301 D MotorControlService: can not open file directionFp
05-26 19:22:28.980  1648  2539 E libc    : Access denied finding property "vendor.camera.aux.packagelist"
05-26 19:22:28.980 13011 13313 E libc    : Access denied finding property "vendor.camera.aux.packagelist"
05-26 19:22:28.981 12238 21054 D audio_hw_primary: adev_set_parameters: enter: cameraFacing=front
05-26 19:22:28.981 12238 21054 D audio_hw_hfp: hfp_set_parameters: enter
05-26 19:22:28.981 12238 21054 D audio_hw_hfp: hfp_set_parameters: enter
05-26 19:22:28.981 12238 21054 D audio_hw_extn: audio_extn_fm_set_parameters: Enter
05-26 19:22:28.981 12238 21054 D audio_hw_hfp: hfp_set_parameters: enter
05-26 19:22:28.981  9094  9382 E libc    : Access denied finding property "vendor.camera.aux.packagelist"
05-26 19:22:28.984 14022 14022 D SurfaceView: updateScreenMode w:1080 h:2400 ViewRoot w:1080 h:2400
05-26 19:22:28.984 14022 14022 D SurfaceView: try to resquest 60Hz
05-26 19:22:29.046  1345  4418 I CameraProviderManager: Camera device device@3.5/legacy/0 torch status is now NOT_AVAILABLE
05-26 19:22:29.046  1345  4418 I CameraService: onTorchStatusChangedLocked: Torch status changed for cameraId=0, newStatus=0
05-26 19:22:29.049  1648  5496 E libc    : Access denied finding property "vendor.camera.aux.packagelist"
05-26 19:22:29.052  1345  4418 I CameraProviderManager: Camera device device@3.5/legacy/1 torch status is now NOT_AVAILABLE
05-26 19:22:29.052  1345  4418 I CameraService: onTorchStatusChangedLocked: Torch status changed for cameraId=1, newStatus=0
05-26 19:22:29.052  1345  4418 E CameraService: onTorchStatusChangedLocked: cannot get torch status of camera 1: No such file or directory (-2)
05-26 19:22:29.052  9094  9382 E libc    : Access denied finding property "vendor.camera.aux.packagelist"
05-26 19:22:29.053  1345  4418 I CameraProviderManager: Camera device device@3.5/legacy/2 torch status is now NOT_AVAILABLE
05-26 19:22:29.053  1345  4418 I CameraService: onTorchStatusChangedLocked: Torch status changed for cameraId=2, newStatus=0
05-26 19:22:29.053  1648  5496 E libc    : Access denied finding property "vendor.camera.aux.packagelist"
05-26 19:22:29.054  1648  5496 W CameraManagerGlobal: ignore the torch status update of camera: 2
05-26 19:22:29.054  1345  4418 I CameraProviderManager: Camera device device@3.5/legacy/3 torch status is now NOT_AVAILABLE
05-26 19:22:29.054  1345  4418 I CameraService: onTorchStatusChangedLocked: Torch status changed for cameraId=3, newStatus=0
05-26 19:22:29.054  1345  4418 E CameraService: onTorchStatusChangedLocked: cannot get torch status of camera 3: No such file or directory (-2)
05-26 19:22:29.054 10658 10857 W CameraManagerGlobal: ignore the torch status update of camera: 2
05-26 19:22:29.054  1345  4418 I CameraProviderManager: Camera device device@3.5/legacy/4 torch status is now NOT_AVAILABLE
05-26 19:22:29.054  1345  4418 I CameraService: onTorchStatusChangedLocked: Torch status changed for cameraId=4, newStatus=0
05-26 19:22:29.054  1345  4418 E CameraService: onTorchStatusChangedLocked: cannot get torch status of camera 4: No such file or directory (-2)
05-26 19:22:29.054 13011 13313 E libc    : Access denied finding property "vendor.camera.aux.packagelist"
05-26 19:22:29.054  1345  4418 I CameraProviderManager: Camera device device@3.5/legacy/5 torch status is now NOT_AVAILABLE
05-26 19:22:29.054  1345  4418 I CameraService: onTorchStatusChangedLocked: Torch status changed for cameraId=5, newStatus=0
05-26 19:22:29.055  1345  4418 I CameraProviderManager: Camera device device@3.5/legacy/6 torch status is now NOT_AVAILABLE
05-26 19:22:29.055  1345  4418 I CameraService: onTorchStatusChangedLocked: Torch status changed for cameraId=6, newStatus=0
05-26 19:22:29.055  9986 10004 W CameraManagerGlobal: ignore the torch status update of camera: 2
05-26 19:22:29.055 10658 10857 W CameraManagerGlobal: ignore the torch status update of camera: 5
05-26 19:22:29.055  9986 10004 W CameraManagerGlobal: ignore the torch status update of camera: 5
05-26 19:22:29.055  1345  4418 I CameraProviderManager: Camera device device@3.5/legacy/7 torch status is now NOT_AVAILABLE
05-26 19:22:29.055 10658 10857 W CameraManagerGlobal: ignore the torch status update of camera: 6
05-26 19:22:29.055  1345  4418 I CameraService: onTorchStatusChangedLocked: Torch status changed for cameraId=7, newStatus=0
05-26 19:22:29.055  9986 10004 W CameraManagerGlobal: ignore the torch status update of camera: 6
05-26 19:22:29.055  9986 10004 W CameraManagerGlobal: ignore the torch status update of camera: 7
05-26 19:22:29.055  1345  4418 I CameraProviderManager: Camera device device@3.5/legacy/8 torch status is now NOT_AVAILABLE
05-26 19:22:29.055  1345  4418 I CameraService: onTorchStatusChangedLocked: Torch status changed for cameraId=8, newStatus=0
05-26 19:22:29.055 10658  6593 W CameraManagerGlobal: ignore the torch status update of camera: 7
05-26 19:22:29.055  1648  5496 E libc    : Access denied finding property "vendor.camera.aux.packagelist"
05-26 19:22:29.055  1648  5496 W CameraManagerGlobal: ignore the torch status update of camera: 5
05-26 19:22:29.055  9986 10004 W CameraManagerGlobal: ignore the torch status update of camera: 8
05-26 19:22:29.055   889 25396 D CHIUSECASE: [DEBUG  ] chxextensioninterface.cpp:181 chi_extend_open() [OP_EXT] OPEN_CAMERA E cameraId 1
05-26 19:22:29.055  1648  5496 E libc    : Access denied finding property "vendor.camera.aux.packagelist"
05-26 19:22:29.055 10658  6593 W CameraManagerGlobal: ignore the torch status update of camera: 8
05-26 19:22:29.055  1648  5496 W CameraManagerGlobal: ignore the torch status update of camera: 6
05-26 19:22:29.056  1648  5496 E libc    : Access denied finding property "vendor.camera.aux.packagelist"
05-26 19:22:29.056  1648  5496 W CameraManagerGlobal: ignore the torch status update of camera: 7
05-26 19:22:29.056 13011 13665 E libc    : Access denied finding property "vendor.camera.aux.packagelist"
05-26 19:22:29.056 13011 13665 W CameraManagerGlobal: ignore the torch status update of camera: 2
05-26 19:22:29.056  1648  5496 E libc    : Access denied finding property "vendor.camera.aux.packagelist"
05-26 19:22:29.056  1648  5496 W CameraManagerGlobal: ignore the torch status update of camera: 8
05-26 19:22:29.056 13011 13665 E libc    : Access denied finding property "vendor.camera.aux.packagelist"
05-26 19:22:29.056 13011 13665 W CameraManagerGlobal: ignore the torch status update of camera: 5
05-26 19:22:29.056 13011 13665 E libc    : Access denied finding property "vendor.camera.aux.packagelist"
05-26 19:22:29.056 13011 13665 W CameraManagerGlobal: ignore the torch status update of camera: 6
05-26 19:22:29.056 13011 13665 E libc    : Access denied finding property "vendor.camera.aux.packagelist"
05-26 19:22:29.056 13011 13665 W CameraManagerGlobal: ignore the torch status update of camera: 7
05-26 19:22:29.056 13011 13665 E libc    : Access denied finding property "vendor.camera.aux.packagelist"
05-26 19:22:29.056 13011 13665 W CameraManagerGlobal: ignore the torch status update of camera: 8
05-26 19:22:29.057  9094  9382 E libc    : Access denied finding property "vendor.camera.aux.packagelist"
05-26 19:22:29.057  9094  9382 W CameraManagerGlobal: ignore the torch status update of camera: 2
05-26 19:22:29.057  9094 13379 E libc    : Access denied finding property "vendor.camera.aux.packagelist"
05-26 19:22:29.057  9094 13379 W CameraManagerGlobal: ignore the torch status update of camera: 5
05-26 19:22:29.057  9094 13379 E libc    : Access denied finding property "vendor.camera.aux.packagelist"
05-26 19:22:29.057  9094 13379 W CameraManagerGlobal: ignore the torch status update of camera: 6
05-26 19:22:29.057  9094 13379 E libc    : Access denied finding property "vendor.camera.aux.packagelist"
05-26 19:22:29.057  9094 13379 W CameraManagerGlobal: ignore the torch status update of camera: 7
05-26 19:22:29.058  9094 13379 E libc    : Access denied finding property "vendor.camera.aux.packagelist"
05-26 19:22:29.058  9094 13379 W CameraManagerGlobal: ignore the torch status update of camera: 8
05-26 19:22:29.059  1648  1648 V SettingsProvider: Notifying for 0: content://settings/secure/flashlight_available
05-26 19:22:29.068   889 25396 E libc    : Access denied finding property "persist.oppo.front.mfnr"
05-26 19:22:29.071   889 25396 D CHIUSECASE: [DEBUG  ] chxextensioninterface.cpp:185 chi_extend_open() [OP_EXT] OPEN_CAMERA X
05-26 19:22:29.079   889 25396 E libc    : Access denied finding property "ro.camera.req.fmq.size"
05-26 19:22:29.084   889 25396 E libc    : Access denied finding property "ro.camera.res.fmq.size"
05-26 19:22:29.098  1345  4418 W Camera2-Parameters: initialize: Camera 1: Unknown preview format: 24
05-26 19:22:29.098  1345  4418 W Camera2-Parameters: initialize: Camera 1: Unknown preview format: 25
05-26 19:22:29.099  1345  4418 E Camera2-Parameters: Error finding static metadata entry 'android.distortionCorrection.availableModes' (1b0001)
05-26 19:22:29.099  1345  4418 I Camera2-Parameters: Camera 1: Disabling ZSL mode
05-26 19:22:29.099  1345  4418 I Camera2-Parameters: initialize: allowZslMode: 0 slowJpegMode 0
05-26 19:22:29.106  1345  4418 I CameraService: connectHelper: open camera1 and ConnectStatus is connect
05-26 19:22:29.113 14022 14175 I PLDroidMediaStreaming: Pili-Capture:CameraDevice:camera opened:android.hardware.Camera@6a72b74,(1)
05-26 19:22:29.116 14022 14175 E libc    : Access denied finding property "vendor.camera.aux.packagelist"
05-26 19:22:29.119 14022 14176 I PLDroidMediaStreaming: Pili-Capture:CameraDevice:msg.what:6
05-26 19:22:29.125 14022 14175 I PLDroidMediaStreaming: Pili-Capture:CameraManager:chose external fps: 15000 - 15000
05-26 19:22:29.125 14022 14175 I PLDroidMediaStreaming: Pili-Capture:CameraManager:hint:false
05-26 19:22:29.125 14022 14175 I PLDroidMediaStreaming: Pili-Capture:CameraManager:level:MEDIUM,ratio:RATIO_16_9,prvSizeOptEnabled:false
05-26 19:22:29.125 14022 14175 I PLDroidMediaStreaming: Pili-Capture:CameraUtils:size.width:2304,size.height:1728
05-26 19:22:29.126 14022 14175 I PLDroidMediaStreaming: Pili-Capture:CameraUtils:size.width:2048,size.height:1536
05-26 19:22:29.126 14022 14175 I PLDroidMediaStreaming: Pili-Capture:CameraUtils:size.width:2280,size.height:1080
05-26 19:22:29.126 14022 14175 I PLDroidMediaStreaming: Pili-Capture:CameraUtils:size.width:2280,size.height:1026
05-26 19:22:29.126 14022 14175 I PLDroidMediaStreaming: Pili-Capture:CameraUtils:size.width:2264,size.height:1080
05-26 19:22:29.126 14022 14175 I PLDroidMediaStreaming: Pili-Capture:CameraUtils:size.width:1920,size.height:1440
05-26 19:22:29.126 14022 14175 I PLDroidMediaStreaming: Pili-Capture:CameraUtils:size.width:1920,size.height:1080
05-26 19:22:29.126 14022 14175 I PLDroidMediaStreaming: Pili-Capture:CameraUtils:size.width:1600,size.height:1200
05-26 19:22:29.126 14022 14175 I PLDroidMediaStreaming: Pili-Capture:CameraUtils:size.width:1440,size.height:1080
05-26 19:22:29.126 14022 14175 I PLDroidMediaStreaming: Pili-Capture:CameraUtils:size.width:1560,size.height:720
05-26 19:22:29.126 14022 14175 I PLDroidMediaStreaming: Pili-Capture:CameraUtils:size.width:1280,size.height:960
05-26 19:22:29.126 14022 14175 I PLDroidMediaStreaming: Pili-Capture:CameraUtils:size.width:1280,size.height:768
05-26 19:22:29.126 14022 14175 I PLDroidMediaStreaming: Pili-Capture:CameraUtils:size.width:1280,size.height:720
05-26 19:22:29.126 14022 14175 I PLDroidMediaStreaming: Pili-Capture:CameraUtils:size.width:1024,size.height:768
05-26 19:22:29.126 14022 14175 I PLDroidMediaStreaming: Pili-Capture:CameraUtils:size.width:800,size.height:400
05-26 19:22:29.126 14022 14175 I PLDroidMediaStreaming: Pili-Capture:CameraUtils:size.width:800,size.height:600
05-26 19:22:29.126 14022 14175 I PLDroidMediaStreaming: Pili-Capture:CameraUtils:size.width:800,size.height:480
05-26 19:22:29.126 14022 14175 I PLDroidMediaStreaming: Pili-Capture:CameraUtils:size.width:720,size.height:480
05-26 19:22:29.126 14022 14175 I PLDroidMediaStreaming: Pili-Capture:CameraUtils:size.width:640,size.height:480
05-26 19:22:29.126 14022 14175 I PLDroidMediaStreaming: Pili-Capture:CameraUtils:size.width:640,size.height:400
05-26 19:22:29.126 14022 14175 I PLDroidMediaStreaming: Pili-Capture:CameraUtils:size.width:480,size.height:640
05-26 19:22:29.126 14022 14175 I PLDroidMediaStreaming: Pili-Capture:CameraUtils:size.width:352,size.height:288
05-26 19:22:29.126 14022 14175 I PLDroidMediaStreaming: Pili-Capture:CameraUtils:size.width:320,size.height:240
05-26 19:22:29.126 14022 14175 I PLDroidMediaStreaming: Pili-Capture:CameraUtils:size.width:176,size.height:144
05-26 19:22:29.126 14022 14175 I PLDroidMediaStreaming: Pili-Capture:CameraUtils:size.width:2304,size.height:1728
05-26 19:22:29.126 14022 14175 I PLDroidMediaStreaming: Pili-Capture:CameraUtils:size.width:2048,size.height:1536
05-26 19:22:29.126 14022 14175 I PLDroidMediaStreaming: Pili-Capture:CameraUtils:size.width:2280,size.height:1080
05-26 19:22:29.126 14022 14175 I PLDroidMediaStreaming: Pili-Capture:CameraUtils:size.width:2280,size.height:1026
05-26 19:22:29.126 14022 14175 I PLDroidMediaStreaming: Pili-Capture:CameraUtils:size.width:2264,size.height:1080
05-26 19:22:29.126 14022 14175 I PLDroidMediaStreaming: Pili-Capture:CameraUtils:size.width:1920,size.height:1440
05-26 19:22:29.126 14022 14175 I PLDroidMediaStreaming: Pili-Capture:CameraUtils:size.width:1920,size.height:1080
05-26 19:22:29.127 14022 14175 I PLDroidMediaStreaming: Pili-Capture:CameraUtils:size.width:1600,size.height:1200
05-26 19:22:29.127 14022 14175 I PLDroidMediaStreaming: Pili-Capture:CameraUtils:size.width:1440,size.height:1080
05-26 19:22:29.127 14022 14175 I PLDroidMediaStreaming: Pili-Capture:CameraUtils:size.width:1560,size.height:720
05-26 19:22:29.127 14022 14175 I PLDroidMediaStreaming: Pili-Capture:CameraUtils:size.width:1280,size.height:960
05-26 19:22:29.127 14022 14175 I PLDroidMediaStreaming: Pili-Capture:CameraUtils:size.width:1280,size.height:768
05-26 19:22:29.127 14022 14175 I PLDroidMediaStreaming: Pili-Capture:CameraUtils:size.width:1280,size.height:720
05-26 19:22:29.127 14022 14175 I PLDroidMediaStreaming: Pili-Capture:CameraUtils:size.width:1024,size.height:768
05-26 19:22:29.127 14022 14175 I PLDroidMediaStreaming: Pili-Capture:CameraUtils:size.width:800,size.height:400
05-26 19:22:29.127 14022 14175 I PLDroidMediaStreaming: Pili-Capture:CameraUtils:size.width:800,size.height:600
05-26 19:22:29.127 14022 14175 I PLDroidMediaStreaming: Pili-Capture:CameraUtils:size.width:800,size.height:480
05-26 19:22:29.127 14022 14175 I PLDroidMediaStreaming: Pili-Capture:CameraUtils:size.width:720,size.height:480
05-26 19:22:29.127 14022 14175 I PLDroidMediaStreaming: Pili-Capture:CameraUtils:size.width:640,size.height:480
05-26 19:22:29.127 14022 14175 I PLDroidMediaStreaming: Pili-Capture:CameraUtils:size.width:640,size.height:400
05-26 19:22:29.127 14022 14175 I PLDroidMediaStreaming: Pili-Capture:CameraUtils:size.width:480,size.height:640
05-26 19:22:29.127 14022 14175 I PLDroidMediaStreaming: Pili-Capture:CameraUtils:size.width:352,size.height:288
05-26 19:22:29.127 14022 14175 I PLDroidMediaStreaming: Pili-Capture:CameraUtils:size.width:320,size.height:240
05-26 19:22:29.127 14022 14175 I PLDroidMediaStreaming: Pili-Capture:CameraUtils:size.width:176,size.height:144
05-26 19:22:29.127 14022 14175 I PLDroidMediaStreaming: Pili-Capture:CameraUtils:after filter size.w:1280, size.h:720
05-26 19:22:29.127 14022 14175 I PLDroidMediaStreaming: Pili-Capture:CameraUtils:after filter size.w:1920, size.h:1080
05-26 19:22:29.127 14022 14175 I PLDroidMediaStreaming: Pili-Capture:CameraUtils:preview size width:1280,height:720
05-26 19:22:29.128 14022 14175 W PLDroidMediaStreaming: Pili-Capture:CameraManager:preview size 1280x720 encoding size 360x777
05-26 19:22:29.128 14022 14175 I PLDroidMediaStreaming: Pili-Streaming:MediaStreamingManager:notifyPrvSizeChanged
05-26 19:22:29.128 14022 14175 I PLDroidMediaStreaming: Pili-Encode:EncodingConfig:isEncodingLandscape:false
05-26 19:22:29.128 14022 14175 I PLDroidMediaStreaming: Pili-Capture:CameraManager:setCameraPreviewSize size.width:1280,size.height:720
05-26 19:22:29.128 14022 14176 I PLDroidMediaStreaming: Pili-Capture:CameraDevice:msg.what:5
05-26 19:22:29.130 14022 14176 I PLDroidMediaStreaming: Pili-Capture:CameraDevice:msg.what:6
05-26 19:22:29.132 14022 14175 E libc    : Access denied finding property "vendor.camera.aux.packagelist"
05-26 19:22:29.133 14022 14175 I chatty  : uid=10445(com.championapp) CameraManagerHt identical 1 line
05-26 19:22:29.134 14022 14175 E libc    : Access denied finding property "vendor.camera.aux.packagelist"
05-26 19:22:29.136 14022 14176 I PLDroidMediaStreaming: Pili-Capture:CameraDevice:msg.what:9
05-26 19:22:29.136 14022 14176 I PLDroidMediaStreaming: Pili-Capture:CameraDevice:arg1:90
05-26 19:22:29.136 14022 14175 I PLDroidMediaStreaming: Pili-Capture:CameraManager:openCameraInternal onResume
05-26 19:22:29.139 14022 14175 I PLDroidMediaStreaming: Pili-Capture:CameraManager:openCameraInternal id:1,tid:67883
05-26 19:22:29.139 14022 14176 I PLDroidMediaStreaming: Pili-Capture:CameraDevice:msg.what:1
05-26 19:22:29.140 14022 14178 I PLDroidMediaStreaming: Pili-Capture:CameraSurfaceRenderer:onSurfaceCreated
05-26 19:22:29.140 14022 14178 I PLDroidMediaStreaming: Pili-Capture:SurfaceDataReader:stopReading +
05-26 19:22:29.140 14022 14178 I PLDroidMediaStreaming: Pili-Capture:SurfaceDataReader:stopReading as not Running-
05-26 19:22:29.143 14022 14178 E linker  : library "/system/lib/libGLESv3.so" ("/system/lib/libGLESv3.so") needed or dlopened by "/data/app/com.championapp-rCMq2m1q_r1kfFMDskljiw==/lib/arm64/libpldroid_mmprocessing.so" is not accessible for the namespace: [name="(default)", ld_library_paths="", default_library_paths="/system/lib64:/system/product/lib64", permitted_paths="/system/lib64/drm:/system/lib64/oiface:/system/lib64/extractors:/system/lib64/hw:/system/product/lib64:/oppo_product/lib64:/oppo_custom/lib64:/oppo_version/lib64:/oppo_engineering/lib64:/system/framework:/system/app:/system/priv-app:/vendor/framework:/vendor/app:/vendor/priv-app:/system/vendor/framework:/system/vendor/app:/system/vendor/priv-app:/odm/framework:/odm/app:/odm/priv-app:/oem/app:/system/product/framework:/system/product/app:/system/product/priv-app:/data:/mnt/expand:/apex/com.android.runtime/lib64/bionic:/system/lib64/bootstrap"]
05-26 19:22:29.143 14022 14178 D mmprocessing: Cannot find libGLESv3, fall back to GLES2
05-26 19:22:29.144 14022 14178 D mmprocessing:  ------------set encodeType:1
05-26 19:22:29.201  1345  4418 I Camera3-Device: disconnectImpl: E
05-26 19:22:29.202   889 25396 D CHIUSECASE: [DEBUG  ] chxextensioninterface.cpp:198 chi_extend_close() [OP_EXT] CLOSE_CAMERA E
05-26 19:22:29.202   889 25396 D CHIUSECASE: [DEBUG  ] chxextensioninterface.cpp:202 chi_extend_close() [OP_EXT] CLOSE_CAMERA X
05-26 19:22:29.203  1345  4418 I CameraProviderManager: Camera device device@3.5/legacy/0 torch status is now AVAILABLE_OFF
05-26 19:22:29.203  1345  4418 I CameraService: onTorchStatusChangedLocked: Torch status changed for cameraId=0, newStatus=1
05-26 19:22:29.203  1345  4418 I CameraProviderManager: Camera device device@3.5/legacy/1 torch status is now AVAILABLE_OFF
05-26 19:22:29.203  1345  4418 I CameraService: onTorchStatusChangedLocked: Torch status changed for cameraId=1, newStatus=1
05-26 19:22:29.204  1345  4418 E CameraService: onTorchStatusChangedLocked: cannot get torch status of camera 1: No such file or directory (-2)
05-26 19:22:29.204  1345  4418 I CameraProviderManager: Camera device device@3.5/legacy/2 torch status is now AVAILABLE_OFF
05-26 19:22:29.204  1345  4418 I CameraService: onTorchStatusChangedLocked: Torch status changed for cameraId=2, newStatus=1
05-26 19:22:29.204  1345  4418 I CameraProviderManager: Camera device device@3.5/legacy/3 torch status is now AVAILABLE_OFF
05-26 19:22:29.204  1345  4418 I CameraService: onTorchStatusChangedLocked: Torch status changed for cameraId=3, newStatus=1
05-26 19:22:29.204  1345  4418 E CameraService: onTorchStatusChangedLocked: cannot get torch status of camera 3: No such file or directory (-2)
05-26 19:22:29.204  1345  4418 I CameraProviderManager: Camera device device@3.5/legacy/4 torch status is now AVAILABLE_OFF
05-26 19:22:29.204  1345  4418 I CameraService: onTorchStatusChangedLocked: Torch status changed for cameraId=4, newStatus=1
05-26 19:22:29.204  1345  4418 E CameraService: onTorchStatusChangedLocked: cannot get torch status of camera 4: No such file or directory (-2)
05-26 19:22:29.204  1345  4418 I CameraProviderManager: Camera device device@3.5/legacy/5 torch status is now AVAILABLE_OFF
05-26 19:22:29.204  1345  4418 I CameraService: onTorchStatusChangedLocked: Torch status changed for cameraId=5, newStatus=1
05-26 19:22:29.204  1345  4418 I CameraProviderManager: Camera device device@3.5/legacy/6 torch status is now AVAILABLE_OFF
05-26 19:22:29.204  1345  4418 I CameraService: onTorchStatusChangedLocked: Torch status changed for cameraId=6, newStatus=1
05-26 19:22:29.205  1345  4418 I CameraProviderManager: Camera device device@3.5/legacy/7 torch status is now AVAILABLE_OFF
05-26 19:22:29.205  1345  4418 I CameraService: onTorchStatusChangedLocked: Torch status changed for cameraId=7, newStatus=1
05-26 19:22:29.205 13011 13028 E libc    : Access denied finding property "vendor.camera.aux.packagelist"
05-26 19:22:29.205  1345  4418 I CameraProviderManager: Camera device device@3.5/legacy/8 torch status is now AVAILABLE_OFF
05-26 19:22:29.205  1345  4418 I CameraService: onTorchStatusChangedLocked: Torch status changed for cameraId=8, newStatus=1
05-26 19:22:29.206 13011 13028 E libc    : Access denied finding property "vendor.camera.aux.packagelist"
05-26 19:22:29.206 13011 13028 W CameraManagerGlobal: ignore the torch status update of camera: 2
05-26 19:22:29.206 13011 13313 E libc    : Access denied finding property "vendor.camera.aux.packagelist"
05-26 19:22:29.206  1345  4418 E Camera3-Device: ctrl camera by motor_socket E, ctrl_buffer(0,0,com.championapp,1,0)
05-26 19:22:29.206 13011 13313 W CameraManagerGlobal: ignore the torch status update of camera: 5
05-26 19:22:29.206 13011 13313 E libc    : Access denied finding property "vendor.camera.aux.packagelist"
05-26 19:22:29.206 13011 13313 W CameraManagerGlobal: ignore the torch status update of camera: 6
05-26 19:22:29.206 13011 13313 E libc    : Access denied finding property "vendor.camera.aux.packagelist"
05-26 19:22:29.206  9986 10040 W CameraManagerGlobal: ignore the torch status update of camera: 2
05-26 19:22:29.206 13011 13313 W CameraManagerGlobal: ignore the torch status update of camera: 7
05-26 19:22:29.207  9986 10040 W CameraManagerGlobal: ignore the torch status update of camera: 5
05-26 19:22:29.207  9986 10040 W CameraManagerGlobal: ignore the torch status update of camera: 6
05-26 19:22:29.207 13011 13313 E libc    : Access denied finding property "vendor.camera.aux.packagelist"
05-26 19:22:29.207 13011 13313 W CameraManagerGlobal: ignore the torch status update of camera: 8
05-26 19:22:29.207  9986 10040 W CameraManagerGlobal: ignore the torch status update of camera: 7
05-26 19:22:29.207  9986 12972 W CameraManagerGlobal: ignore the torch status update of camera: 8
05-26 19:22:29.207  1648  5496 E libc    : Access denied finding property "vendor.camera.aux.packagelist"
05-26 19:22:29.207 10658  6593 W CameraManagerGlobal: ignore the torch status update of camera: 2
05-26 19:22:29.207 10658  6593 W CameraManagerGlobal: ignore the torch status update of camera: 5
05-26 19:22:29.207 10658  6593 W CameraManagerGlobal: ignore the torch status update of camera: 6
05-26 19:22:29.208 10658  6593 W CameraManagerGlobal: ignore the torch status update of camera: 7
05-26 19:22:29.208  1648  2539 E libc    : Access denied finding property "vendor.camera.aux.packagelist"
05-26 19:22:29.208  1648  2539 W CameraManagerGlobal: ignore the torch status update of camera: 2
05-26 19:22:29.208 10658 31498 W CameraManagerGlobal: ignore the torch status update of camera: 8
05-26 19:22:29.208  1648  2999 D MotorSocketServer: new client coming!
05-26 19:22:29.208  1648  2539 E libc    : Access denied finding property "vendor.camera.aux.packagelist"
05-26 19:22:29.208  1648  2539 W CameraManagerGlobal: ignore the torch status update of camera: 5
05-26 19:22:29.208  1648  2999 D MotorSocketServer: readBytes = 23
05-26 19:22:29.208  1648  2999 D MotorSocketServer: ClientSocket read info = 0,0,com.championapp,1,0
05-26 19:22:29.208  1648  2999 D MotorManagerService: msg from socket = 0,0,com.championapp,1,0
05-26 19:22:29.208  1648  5496 E libc    : Access denied finding property "vendor.camera.aux.packagelist"
05-26 19:22:29.208  1648  5496 W CameraManagerGlobal: ignore the torch status update of camera: 6
05-26 19:22:29.208  1648  5496 E libc    : Access denied finding property "vendor.camera.aux.packagelist"
05-26 19:22:29.208  1648  5496 W CameraManagerGlobal: ignore the torch status update of camera: 7
05-26 19:22:29.208  1648  2999 D MotorSocketServer: wait for new client coming!
05-26 19:22:29.208  1648  5496 E libc    : Access denied finding property "vendor.camera.aux.packagelist"
